ARM Linker, 5.03 [Build 69] [MDK-ARM Standard]

==============================================================================

Section Cross References

    main.o(.text) refers to stm32f10x_dma.o(.text) for DMA_GetITStatus
    main.o(.text) refers to stm32f10x_usart.o(.text) for USART_GetITStatus
    main.o(.text) refers to sbus.o(.text) for futabaCharIn
    main.o(.text) refers to stm32f10x_tim.o(.text) for TIM_GetITStatus
    main.o(.text) refers to stm32f10x_exti.o(.text) for EXTI_GetITStatus
    main.o(.text) refers to stm32f10x_gpio.o(.text) for GPIO_ReadInputDataBit
    main.o(.text) refers to motor.o(.text) for updateSetpoint
    main.o(.text) refers to globaldata.o(.bss) for gMav
    main.o(.text) refers to gpio.o(.bss) for Pan
    main.o(.text) refers to main.o(.data) for tmp
    main.o(.text) refers to mpu6000.o(.bss) for mpu6000Val
    main.o(.text) refers to mpu6000.o(.data) for mpu6000CntCheckedInt
    main.o(.text) refers to adc.o(.text) for getAdcBattery
    main.o(.text) refers to mpu6000.o(.text) for MPU6000GetError
    main.o(.text) refers to gpio.o(.text) for getButtonPess
    main.o(.text) refers to radio.o(.text) for radioProcess
    main.o(.text) refers to startup.o(.text) for RCCInit
    main.o(.text) refers to usart1.o(.text) for usart1Init
    main.o(.text) refers to ublox_gps.o(.text) for ubloxInit
    main.o(.text) refers to timer.o(.text) for timerInit
    main.o(.text) refers to gmavlinkv1_0.o(.text) for getParamsFromFlashAfterPowerOn
    main.o(.text) refers to eeprom.o(.text) for EE_ReadVariable
    main.o(.text) refers to globaldata.o(.data) for unique
    main.o(.text) refers to sensorcalib.o(.text) for gyroCalibrate
    main.o(.text) refers to attitude.o(.text) for attitudeEstimate
    system_stm32f10x.o(.text) refers to system_stm32f10x.o(.data) for SystemCoreClock
    usart1.o(.text) refers to misc.o(.text) for NVIC_SetVectorTable
    usart1.o(.text) refers to stm32f10x_gpio.o(.text) for GPIO_Init
    usart1.o(.text) refers to stm32f10x_usart.o(.text) for USART_ClearFlag
    usart1.o(.text) refers to stm32f10x_dma.o(.text) for DMA_Init
    usart1.o(.text) refers to globaldata.o(.bss) for mav_tx_buffer
    startup.o(.text) refers to stm32f10x_rcc.o(.text) for RCC_HSEConfig
    startup.o(.text) refers to stm32f10x_flash.o(.text) for FLASH_PrefetchBufferCmd
    startup.o(.text) refers to stm32f10x_gpio.o(.text) for GPIO_DeInit
    startup.o(.text) refers to stm32f10x_tim.o(.text) for TIM_DeInit
    timer.o(.text) refers to misc.o(.text) for NVIC_SetVectorTable
    timer.o(.text) refers to stm32f10x_gpio.o(.text) for GPIO_PinRemapConfig
    timer.o(.text) refers to stm32f10x_tim.o(.text) for TIM_TimeBaseInit
    gmavlinkv1_0.o(.text) refers to memcpya.o(.text) for __aeabi_memcpy4
    gmavlinkv1_0.o(.text) refers to stm32f10x_dma.o(.text) for DMA_Cmd
    gmavlinkv1_0.o(.text) refers to memseta.o(.text) for __aeabi_memclr
    gmavlinkv1_0.o(.text) refers to ffixui.o(.text) for __aeabi_f2uiz
    gmavlinkv1_0.o(.text) refers to fmul.o(.text) for __aeabi_fmul
    gmavlinkv1_0.o(.text) refers to f2d.o(.text) for __aeabi_f2d
    gmavlinkv1_0.o(.text) refers to ddiv.o(.text) for __aeabi_ddiv
    gmavlinkv1_0.o(.text) refers to d2f.o(.text) for __aeabi_d2f
    gmavlinkv1_0.o(.text) refers to gmavlinkv1_0.o(.bss) for m_mavlink_buffer
    gmavlinkv1_0.o(.text) refers to gmavlinkv1_0.o(.constdata) for mavlink_message_crcs
    gmavlinkv1_0.o(.text) refers to globaldata.o(.bss) for gMav
    gmavlinkv1_0.o(.text) refers to dmul.o(.text) for __aeabi_dmul
    gmavlinkv1_0.o(.text) refers to dadd.o(.text) for __aeabi_dadd
    gmavlinkv1_0.o(.text) refers to cfcmple.o(.text) for __aeabi_cfcmpeq
    gmavlinkv1_0.o(.text) refers to ffixi.o(.text) for __aeabi_f2iz
    gmavlinkv1_0.o(.text) refers to fadd.o(.text) for __aeabi_fsub
    gmavlinkv1_0.o(.text) refers to gmavlinkv1_0.o(.data) for len
    gmavlinkv1_0.o(.text) refers to globaldata.o(.data) for errorPan
    gmavlinkv1_0.o(.text) refers to fflti.o(.text) for __aeabi_i2f
    gmavlinkv1_0.o(.text) refers to ublox_gps.o(.data) for accN
    gmavlinkv1_0.o(.text) refers to stm32f10x_flash.o(.text) for FLASH_Unlock
    gmavlinkv1_0.o(.text) refers to eeprom.o(.text) for EE_Init
    gmavlinkv1_0.o(.text) refers to strcmp.o(.text) for strcmp
    gmavlinkv1_0.o(.text) refers to sensorcalib.o(.data) for cntCalAcc
    eeprom.o(.text) refers to stm32f10x_flash.o(.text) for FLASH_ErasePage
    eeprom.o(.text) refers to globaldata.o(.bss) for VirtAddVarTab
    eeprom.o(.text) refers to eeprom.o(.data) for DataVar
    attitude.o(.text) refers to ffltui.o(.text) for __aeabi_ui2f
    attitude.o(.text) refers to f2d.o(.text) for __aeabi_f2d
    attitude.o(.text) refers to ddiv.o(.text) for __aeabi_ddiv
    attitude.o(.text) refers to d2f.o(.text) for __aeabi_d2f
    attitude.o(.text) refers to fflti.o(.text) for __aeabi_i2f
    attitude.o(.text) refers to dmul.o(.text) for __aeabi_dmul
    attitude.o(.text) refers to cos.o(i.cos) for cos
[...]
    .ARM.Collect$$$$00000004                 0x080000f0   Section        4  entry5.o(.ARM.Collect$$$$00000004)
    .ARM.Collect$$$$00000008                 0x080000f4   Section        0  entry7b.o(.ARM.Collect$$$$00000008)
    .ARM.Collect$$$$0000000A                 0x080000f4   Section        0  entry8b.o(.ARM.Collect$$$$0000000A)
    .ARM.Collect$$$$0000000B                 0x080000f4   Section        8  entry9a.o(.ARM.Collect$$$$0000000B)
    .ARM.Collect$$$$0000000D                 0x080000fc   Section        0  entry10a.o(.ARM.Collect$$$$0000000D)
    .ARM.Collect$$$$0000000F                 0x080000fc   Section        0  entry11a.o(.ARM.Collect$$$$0000000F)
    .ARM.Collect$$$$00002712                 0x080000fc   Section        4  entry2.o(.ARM.Collect$$$$00002712)
    __lit__00000000                          0x080000fc   Data           4  entry2.o(.ARM.Collect$$$$00002712)
    .text                                    0x08000100   Section        0  main.o(.text)
    .text                                    0x08000c1c   Section        0  system_stm32f10x.o(.text)
    SetSysClockTo72                          0x08000c1d   Thumb Code   212  system_stm32f10x.o(.text)
    SetSysClock                              0x08000cf1   Thumb Code     8  system_stm32f10x.o(.text)
    .text                                    0x08000df8   Section        0  usart1.o(.text)
    .text                                    0x08000f60   Section        0  startup.o(.text)
    .text                                    0x08001044   Section        0  timer.o(.text)
    .text                                    0x080012fc   Section        0  gmavlinkv1_0.o(.text)
    crc_accumulate                           0x080012fd   Thumb Code    34  gmavlinkv1_0.o(.text)
    mavlink_parse_char                       0x0800131f   Thumb Code   438  gmavlinkv1_0.o(.text)
    _mavlink_send_uart                       0x080014d5   Thumb Code    62  gmavlinkv1_0.o(.text)
    mav_array_memcpy                         0x08001513   Thumb Code    32  gmavlinkv1_0.o(.text)
    mavlink_get_channel_status               0x08003137   Thumb Code    14  gmavlinkv1_0.o(.text)
    mavlink_finalize_message                 0x08003145   Thumb Code    36  gmavlinkv1_0.o(.text)
    mavlink_msg_to_send_buffer               0x08003169   Thumb Code    26  gmavlinkv1_0.o(.text)
    mavlink_start_checksum                   0x08003183   Thumb Code    12  gmavlinkv1_0.o(.text)
    mavlink_update_checksum                  0x0800318f   Thumb Code    16  gmavlinkv1_0.o(.text)
    _MAV_RETURN_int16_t                      0x0800319f   Thumb Code    10  gmavlinkv1_0.o(.text)
    _MAV_RETURN_float                        0x080031a9   Thumb Code    10  gmavlinkv1_0.o(.text)
    mavlink_msg_gps_raw_int_pack             0x080031b3   Thumb Code   104  gmavlinkv1_0.o(.text)
    mavlink_msg_raw_imu_pack                 0x0800321b   Thumb Code   108  gmavlinkv1_0.o(.text)
    mavlink_msg_sbus_chan_values_pack        0x08003287   Thumb Code   158  gmavlinkv1_0.o(.text)
    mavlink_finalize_message_chan            0x08003325   Thumb Code   208  gmavlinkv1_0.o(.text)
    .text                                    0x080033f4   Section        0  eeprom.o(.text)
    EE_Format                                0x080033f5   Thumb Code    50  eeprom.o(.text)
    EE_FindValidPage                         0x08003427   Thumb Code    78  eeprom.o(.text)
    EE_VerifyPageFullWriteVariable           0x08003475   Thumb Code   100  eeprom.o(.text)
    EE_PageTransfer                          0x0800371d   Thumb Code   246  eeprom.o(.text)
    .text                                    0x08003838   Section        0  attitude.o(.text)
    .text                                    0x08003ef8   Section        0  motor.o(.text)
    .text                                    0x08005178   Section        0  sensorcalib.o(.text)
    .text                                    0x08005610   Section        0  sbus.o(.text)
    .text                                    0x08005884   Section        0  mpu6000.o(.text)
    spi_mpu6000_transfer16                   0x08005ac5   Thumb Code    26  mpu6000.o(.text)
    .text                                    0x08005ba0   Section        0  radio.o(.text)
    .text                                    0x080073c8   Section        0  gpio.o(.text)
    .text                                    0x08007734   Section        0  gmath.o(.text)
    .text                                    0x08007f50   Section        0  adc.o(.text)
    .text                                    0x08008310   Section        0  ublox_gps.o(.text)
    .text                                    0x080087dc   Section        0  stm32f10x_rcc.o(.text)
    .text                                    0x08008b80   Section        0  stm32f10x_usart.o(.text)
    .text                                    0x08008f88   Section        0  stm32f10x_gpio.o(.text)
    .text                                    0x080092e0   Section        0  misc.o(.text)
    .text                                    0x080093bc   Section        0  stm32f10x_tim.o(.text)
    TI4_Config                               0x08009863   Thumb Code   130  stm32f10x_tim.o(.text)
    TI3_Config                               0x080098f7   Thumb Code   122  stm32f10x_tim.o(.text)
    TI2_Config                               0x0800998b   Thumb Code   130  stm32f10x_tim.o(.text)
    TI1_Config                               0x08009a1f   Thumb Code   108  stm32f10x_tim.o(.text)
    .text                                    0x0800a1d8   Section        0  stm32f10x_flash.o(.text)
    .text                                    0x0800a794   Section        0  stm32f10x_dma.o(.text)
    .text                                    0x0800a9e4   Section        0  stm32f10x_exti.o(.text)
    .text                                    0x0800ab00   Section        0  stm32f10x_spi.o(.text)
    .text                                    0x0800ae0c   Section        0  stm32f10x_adc.o(.text)
    .text                                    0x0800b25c   Section       36  startup_stm32f10x_md.o(.text)
    .text                                    0x0800b280   Section        0  memcpya.o(.text)
    .text                                    0x0800b2a4   Section        0  memseta.o(.text)
    .text                                    0x0800b2c8   Section        0  strcmp.o(.text)
    .text                                    0x0800b2e4   Section        0  fadd.o(.text)
    .text                                    0x0800b394   Section        0  fmul.o(.text)
    .text                                    0x0800b400   Section        0  fdiv.o(.text)
    .text                                    0x0800b480   Section        0  dadd.o(.text)
    .text                                    0x0800b5ce   Section        0  dmul.o(.text)
    .text                                    0x0800b6b2   Section        0  ddiv.o(.text)
    .text                                    0x0800b790   Section        0  fflti.o(.text)
    .text                                    0x0800b7a2   Section        0  ffltui.o(.text)
    .text                                    0x0800b7ac   Section        0  dflti.o(.text)
    .text                                    0x0800b7ce   Section        0  dfltui.o(.text)
    .text                                    0x0800b7e8   Section        0  ffixi.o(.text)
    .text                                    0x0800b81a   Section        0  ffixui.o(.text)
    .text                                    0x0800b842   Section        0  f2d.o(.text)
    .text                                    0x0800b868   Section       40  cdcmple.o(.text)
    .text                                    0x0800b890   Section       40  cdrcmple.o(.text)
    .text                                    0x0800b8b8   Section        0  d2f.o(.text)
    .text                                    0x0800b8f0   Section       20  cfcmple.o(.text)
    .text                                    0x0800b904   Section       20  cfrcmple.o(.text)
    .text                                    0x0800b918   Section        0  llshl.o(.text)
    .text                                    0x0800b936   Section        0  llsshr.o(.text)
    .text                                    0x0800b95a   Section        0  iusefp.o(.text)
    .text                                    0x0800b95a   Section        0  fepilogue.o(.text)
    .text                                    0x0800b9c6   Section        0  depilogue.o(.text)
    .text                                    0x0800ba84   Section        0  dscalb.o(.text)
    .text                                    0x0800bab2   Section        0  dsqrt.o(.text)
    .text                                    0x0800bb54   Section       36  init.o(.text)
    .text                                    0x0800bb78   Section        0  llushr.o(.text)
    .text                                    0x0800bb98   Section        0  dfixi.o(.text)
    i.__ARM_fpclassify                       0x0800bbd6   Section        0  fpclassify.o(i.__ARM_fpclassify)
    i.__ieee754_rem_pio2                     0x0800bc00   Section        0  rred.o(i.__ieee754_rem_pio2)
    i.__kernel_cos                           0x0800bf88   Section        0  cos_i.o(i.__kernel_cos)
    i.__kernel_poly                          0x0800c084   Section        0  poly.o(i.__kernel_poly)
    i.__kernel_sin                           0x0800c130   Section        0  sin_i.o(i.__kernel_sin)
    i.__kernel_tan                           0x0800c21c   Section        0  tan_i.o(i.__kernel_tan)
    i.__mathlib_dbl_underflow                0x0800c494   Section        0  dunder.o(i.__mathlib_dbl_underflow)
    i.__scatterload_copy                     0x0800c4a4   Section       14  handlers.o(i.__scatterload_copy)
    i.__scatterload_null                     0x0800c4b2   Section        2  handlers.o(i.__scatterload_null)
    i.__scatterload_zeroinit                 0x0800c4b4   Section       14  handlers.o(i.__scatterload_zeroinit)
    i.__set_errno                            0x0800c4c4   Section        0  errno.o(i.__set_errno)
    i.cos                                    0x0800c4d0   Section        0  cos.o(i.cos)
    i.sin                                    0x0800c57c   Section        0  sin.o(i.sin)
    i.sqrt                                   0x0800c62c   Section        0  sqrt.o(i.sqrt)
    i.tan                                    0x0800c678   Section        0  tan.o(i.tan)
    .constdata                               0x0800c6ec   Section     3136  gmavlinkv1_0.o(.constdata)
    cosTable                                 0x0800c6ec   Data        1440  gmavlinkv1_0.o(.constdata)
    sinTable                                 0x0800cc8c   Data        1440  gmavlinkv1_0.o(.constdata)
    mavlink_message_crcs                     0x0800d22c   Data         256  gmavlinkv1_0.o(.constdata)
    .constdata                               0x0800d32c   Section     3392  motor.o(.constdata)
    cosTable                                 0x0800d32c   Data        1440  motor.o(.constdata)
    sinTable                                 0x0800d8cc   Data        1440  motor.o(.constdata)
    .constdata                               0x0800e06c   Section     2880  gmath.o(.constdata)
    cosTable                                 0x0800e06c   Data        1440  gmath.o(.constdata)
    sinTable                                 0x0800e60c   Data        1440  gmath.o(.constdata)
    .constdata                               0x0800ebb0   Section       48  cos_i.o(.constdata)
    C                                        0x0800ebb0   Data          48  cos_i.o(.constdata)
    .constdata                               0x0800ebe0   Section      200  rred.o(.constdata)
    pio2s                                    0x0800ebe0   Data          48  rred.o(.constdata)
    twooverpi                                0x0800ec10   Data         152  rred.o(.constdata)
    .constdata                               0x0800eca8   Section       40  sin_i.o(.constdata)
    S                                        0x0800eca8   Data          40  sin_i.o(.constdata)
    .constdata                               0x0800ecd0   Section       96  tan_i.o(.constdata)
    Todd                                     0x0800ecd0   Data          48  tan_i.o(.constdata)
    Teven                                    0x0800ed00   Data          48  tan_i.o(.constdata)
    .ccm                                     0x20000000   Section       25  sbus.o(.ccm)
    .data                                    0x2000001c   Section       12  main.o(.data)
    tmp                                      0x20000021   Data           1  main.o(.data)
    .data                                    0x20000028   Section       20  system_stm32f10x.o(.data)
    .data                                    0x2000003c   Section       16  gmavlinkv1_0.o(.data)
    data_counter_1                           0x20000040   Data           4  gmavlinkv1_0.o(.data)
    .data                                    0x2000004c   Section        2  eeprom.o(.data)
    .data                                    0x20000050   Section       87  globaldata.o(.data)
    .data                                    0x200000a8   Section        8  attitude.o(.data)
    updateAcc                                0x200000ac   Data           4  attitude.o(.data)
    .data                                    0x200000b0   Section        8  motor.o(.data)
    .data                                    0x200000b8   Section       32  sensorcalib.o(.data)
    .data                                    0x200000d8   Section        4  mpu6000.o(.data)
    .data                                    0x200000dc   Section       14  gpio.o(.data)
    led_cnt1                                 0x200000dc   Data           2  gpio.o(.data)
    led_cnt2                                 0x200000de   Data           2  gpio.o(.data)
    led_cnt5                                 0x200000e0   Data           2  gpio.o(.data)
    .data                                    0x200000ea   Section        3  adc.o(.data)
    .data                                    0x200000f0   Section       20  ublox_gps.o(.data)
    gps_data_counter_1                       0x200000f0   Data           4  ublox_gps.o(.data)
    .data                                    0x20000104   Section       20  stm32f10x_rcc.o(.data)
    APBAHBPrescTable                         0x20000104   Data          16  stm32f10x_rcc.o(.data)
    ADCPrescTable                            0x20000114   Data           4  stm32f10x_rcc.o(.data)
    .data                                    0x20000118   Section        4  errno.o(.data)
    _errno                                   0x20000118   Data           4  errno.o(.data)
    .bss                                     0x20000120   Section     1675  gmavlinkv1_0.o(.bss)
    m_mavlink_status                         0x20000120   Data          48  gmavlinkv1_0.o(.bss)
    m_mavlink_buffer                         0x20000150   Data        1088  gmavlinkv1_0.o(.bss)
    .bss                                     0x200007ac   Section     2136  globaldata.o(.bss)
    .bss                                     0x20001004   Section       64  motor.o(.bss)
    .bss                                     0x20001044   Section       84  sensorcalib.o(.bss)
    .bss                                     0x20001098   Section       30  mpu6000.o(.bss)
    .bss                                     0x200010b8   Section       64  gpio.o(.bss)
    .bss                                     0x200010f8   Section       36  adc.o(.bss)
    STACK                                    0x20001120   Section     1024  startup_stm32f10x_md.o(STACK)

    Global Symbols

    Symbol Name                              Value     Ov Type        Size  Object(Section)

    BuildAttributes$$THM_ISAv4$P$D$K$B$S$PE$A:L22UL41UL21$X:L11$S22US41US21$IEEE1$IW$USESV6$~STKCKD$USESV7$~SHL$OTIME$ROPI$IEEEX$EBA8$MICROLIB$REQ8$PRES8$EABIv2 0x00000000   Number         0  anon$$obj.o ABSOLUTE
    __ARM_use_no_argv                        0x00000000   Number         0  main.o ABSOLUTE
    __cpp_initialize__aeabi_                  - Undefined Weak Reference
    __cxa_finalize                            - Undefined Weak Reference
    __decompress                              - Undefined Weak Reference
    _clock_init                               - Undefined Weak Reference
    _microlib_exit                            - Undefined Weak Reference
    __Vectors_Size                           0x000000ec   Number         0  startup_stm32f10x_md.o ABSOLUTE
    __Vectors                                0x08000000   Data           4  startup_stm32f10x_md.o(RESET)
    __Vectors_End                            0x080000ec   Data           0  startup_stm32f10x_md.o(RESET)
    __main                                   0x080000ed   Thumb Code     0  entry.o(.ARM.Collect$$$$00000000)
    _main_stk                                0x080000ed   Thumb Code     0  entry2.o(.ARM.Collect$$$$00000001)
    _main_scatterload                        0x080000f1   Thumb Code     0  entry5.o(.ARM.Collect$$$$00000004)
    __main_after_scatterload                 0x080000f5   Thumb Code     0  entry5.o(.ARM.Collect$$$$00000004)
    _main_clock                              0x080000f5   Thumb Code     0  entry7b.o(.ARM.Collect$$$$00000008)
    _main_cpp_init                           0x080000f5   Thumb Code     0  entry8b.o(.ARM.Collect$$$$0000000A)
    _main_init                               0x080000f5   Thumb Code     0  entry9a.o(.ARM.Collect$$$$0000000B)
    __rt_final_cpp                           0x080000fd   Thumb Code     0  entry10a.o(.ARM.Collect$$$$0000000D)
    __rt_final_exit                          0x080000fd   Thumb Code     0  entry11a.o(.ARM.Collect$$$$0000000F)
    DMA1_Channel5_IRQHandler                 0x08000101   Thumb Code    22  main.o(.text)
    DMA1_Channel4_IRQHandler                 0x08000117   Thumb Code    36  main.o(.text)
    USART3_IRQHandler                        0x0800013b   Thumb Code    42  main.o(.text)
    TIM2_IRQHandler                          0x08000165   Thumb Code    30  main.o(.text)
    EXTI4_IRQHandler                         0x08000183   Thumb Code   190  main.o(.text)
    EXTI9_5_IRQHandler                       0x08000241   Thumb Code   190  main.o(.text)
    EXTI15_10_IRQHandler                     0x080002ff   Thumb Code   450  main.o(.text)
    updatesSystem                            0x080004c1   Thumb Code   176  main.o(.text)
    getValuesSystem                          0x08000571   Thumb Code   242  main.o(.text)
    statusSystem                             0x08000663   Thumb Code    88  main.o(.text)
    delayms                                  0x080006bb   Thumb Code    32  main.o(.text)
    main                                     0x080006db   Thumb Code  1256  main.o(.text)
    SystemInit                               0x08000cf9   Thumb Code    78  system_stm32f10x.o(.text)
    SystemCoreClockUpdate                    0x08000d47   Thumb Code   142  system_stm32f10x.o(.text)
    usart1Init                               0x08000df9   Thumb Code   340  usart1.o(.text)
    RCCInit                                  0x08000f61   Thumb Code   204  startup.o(.text)
    timerInit                                0x08001045   Thumb Code   670  timer.o(.text)
    param2Config                             0x08001533   Thumb Code  2136  gmavlinkv1_0.o(.text)
    mavlinkSend                              0x08001d8b   Thumb Code  2304  gmavlinkv1_0.o(.text)
    getParamsDefault                         0x0800268b   Thumb Code  1530  gmavlinkv1_0.o(.text)
    getParamsFromFlashAfterPowerOn           0x08002c85   Thumb Code   158  gmavlinkv1_0.o(.text)
    handle_mavlink_message                   0x08002d23   Thumb Code   942  gmavlinkv1_0.o(.text)
    mavlinkReceive                           0x080030d1   Thumb Code   102  gmavlinkv1_0.o(.text)
    EE_ReadVariable                          0x080034d9   Thumb Code    92  eeprom.o(.text)
    EE_Init                                  0x08003535   Thumb Code   488  eeprom.o(.text)
    EE_WriteVariable                         0x08003813   Thumb Code    36  eeprom.o(.text)
    getTime                                  0x08003839   Thumb Code    42  attitude.o(.text)
    attitudeEstimate                         0x08003863   Thumb Code  1654  attitude.o(.text)
    motorActive                              0x08003ef9   Thumb Code    32  motor.o(.text)
    moveMotor                                0x08003f19   Thumb Code   784  motor.o(.text)
    gimbalStabilize                          0x08004229   Thumb Code  2974  motor.o(.text)
    updateSetpoint                           0x08004dc7   Thumb Code   436  motor.o(.text)
    checkedMissStep                          0x08004f7b   Thumb Code   342  motor.o(.text)
    controlPitchMotor                        0x080050d1   Thumb Code    46  motor.o(.text)
    controlRollMotor                         0x080050ff   Thumb Code    46  motor.o(.text)
    controlYawMotor                          0x0800512d   Thumb Code    46  motor.o(.text)
    gyroCalibrate                            0x08005179   Thumb Code   264  sensorcalib.o(.text)
    accelCalibrateSix                        0x08005281   Thumb Code   556  sensorcalib.o(.text)
    accelCalibrateOne                        0x080054ad   Thumb Code   304  sensorcalib.o(.text)
    accelCalibrate                           0x080055dd   Thumb Code    30  sensorcalib.o(.text)
    futabaDecode                             0x08005611   Thumb Code   370  sbus.o(.text)
    futabaCharIn                             0x08005783   Thumb Code    90  sbus.o(.text)
    futabaInit                               0x080057dd   Thumb Code   138  sbus.o(.text)
    mpu6000_begin                            0x08005885   Thumb Code    14  mpu6000.o(.text)
    mpu6000_end                              0x08005893   Thumb Code    14  mpu6000.o(.text)
    MPU6000LowInit                           0x080058a1   Thumb Code   274  mpu6000.o(.text)
    spi_mpu6000_rw                           0x080059b3   Thumb Code    36  mpu6000.o(.text)
    MPU6000RegisterWrite                     0x080059d7   Thumb Code    28  mpu6000.o(.text)
    MPU6000Init                              0x080059f3   Thumb Code   170  mpu6000.o(.text)
    MPU6000RegisterRead                      0x08005a9d   Thumb Code    32  mpu6000.o(.text)
    MPU6000DataInterrupt                     0x08005abd   Thumb Code     8  mpu6000.o(.text)
    MPU6000ReadData                          0x08005adf   Thumb Code   122  mpu6000.o(.text)
    MPU6000GetError                          0x08005b59   Thumb Code    24  mpu6000.o(.text)
    sbusProcess                              0x08005ba1   Thumb Code  2108  radio.o(.text)
    ppmProcess                               0x080063dd   Thumb Code  1812  radio.o(.text)
    handProcess                              0x08006af1   Thumb Code   366  radio.o(.text)
    pcProcess                                0x08006c5f   Thumb Code   892  radio.o(.text)
    joystickProcess                          0x08006fdb   Thumb Code   610  radio.o(.text)
    radioProcess                             0x0800723d   Thumb Code   348  radio.o(.text)
    ledConfiguration                         0x080073c9   Thumb Code    42  gpio.o(.text)
    ppmConfiguration                         0x080073f3   Thumb Code   306  gpio.o(.text)
    buttonConfiguration                      0x08007525   Thumb Code    32  gpio.o(.text)
    ledDisplayNum                            0x08007545   Thumb Code   112  gpio.o(.text)
    ledBlink                                 0x080075b5   Thumb Code    52  gpio.o(.text)
    ledStatus                                0x080075e9   Thumb Code    80  gpio.o(.text)
    ledGps                                   0x08007639   Thumb Code    16  gpio.o(.text)
    getButtonPess                            0x08007649   Thumb Code   146  gpio.o(.text)
    readROLL                                 0x080076db   Thumb Code    12  gpio.o(.text)
    readPAN                                  0x080076e7   Thumb Code    12  gpio.o(.text)
    readTILT                                 0x080076f3   Thumb Code    12  gpio.o(.text)
    readMODE                                 0x080076ff   Thumb Code    12  gpio.o(.text)
    sinFast                                  0x08007735   Thumb Code   550  gmath.o(.text)
    cosFast                                  0x0800795b   Thumb Code   626  gmath.o(.text)
    tanFast                                  0x08007bcd   Thumb Code    28  gmath.o(.text)
    ultraFastAtan2                           0x08007be9   Thumb Code   220  gmath.o(.text)
    absFast                                  0x08007cc5   Thumb Code    24  gmath.o(.text)
    sqrtFast                                 0x08007cdd   Thumb Code    94  gmath.o(.text)
    sqrt9                                    0x08007d3b   Thumb Code   134  gmath.o(.text)
    sinT                                     0x08007dc1   Thumb Code   158  gmath.o(.text)
    cosT                                     0x08007e5f   Thumb Code   158  gmath.o(.text)
    tanT                                     0x08007efd   Thumb Code    28  gmath.o(.text)
    adcConfiguration                         0x08007f51   Thumb Code   186  adc.o(.text)
    readAdc                                  0x0800800b   Thumb Code    10  adc.o(.text)
    readAdcMulti                             0x08008015   Thumb Code    36  adc.o(.text)
    getAllAdc                                0x08008039   Thumb Code   160  adc.o(.text)
    getAdcBattery                            0x080080d9   Thumb Code    40  adc.o(.text)
    checkedBattery                           0x08008101   Thumb Code   422  adc.o(.text)
    ubx_checksum                             0x08008311   Thumb Code    24  ublox_gps.o(.text)
    join_4_bytes                             0x08008329   Thumb Code    32  ublox_gps.o(.text)
    parse_ubx_gps                            0x08008349   Thumb Code   292  ublox_gps.o(.text)
    read_ubx_gps                             0x0800846d   Thumb Code   398  ublox_gps.o(.text)
    gpsCorrection                            0x080085fb   Thumb Code   316  ublox_gps.o(.text)
    ubloxInit                                0x08008737   Thumb Code   148  ublox_gps.o(.text)
    RCC_DeInit                               0x080087dd   Thumb Code    64  stm32f10x_rcc.o(.text)
    RCC_HSEConfig                            0x0800881d   Thumb Code    70  stm32f10x_rcc.o(.text)
    RCC_GetFlagStatus                        0x08008863   Thumb Code    56  stm32f10x_rcc.o(.text)
    RCC_WaitForHSEStartUp                    0x0800889b   Thumb Code    56  stm32f10x_rcc.o(.text)
    RCC_AdjustHSICalibrationValue            0x080088d3   Thumb Code    20  stm32f10x_rcc.o(.text)
    RCC_HSICmd                               0x080088e7   Thumb Code     6  stm32f10x_rcc.o(.text)
    RCC_PLLConfig                            0x080088ed   Thumb Code    24  stm32f10x_rcc.o(.text)
    RCC_PLLCmd                               0x08008905   Thumb Code     6  stm32f10x_rcc.o(.text)
    RCC_SYSCLKConfig                         0x0800890b   Thumb Code    18  stm32f10x_rcc.o(.text)
    RCC_GetSYSCLKSource                      0x0800891d   Thumb Code    10  stm32f10x_rcc.o(.text)
    RCC_HCLKConfig                           0x08008927   Thumb Code    18  stm32f10x_rcc.o(.text)
    RCC_PCLK1Config                          0x08008939   Thumb Code    18  stm32f10x_rcc.o(.text)
    RCC_PCLK2Config                          0x0800894b   Thumb Code    20  stm32f10x_rcc.o(.text)
    RCC_ITConfig                             0x0800895f   Thumb Code    26  stm32f10x_rcc.o(.text)
    RCC_USBCLKConfig                         0x08008979   Thumb Code     6  stm32f10x_rcc.o(.text)
    RCC_ADCCLKConfig                         0x0800897f   Thumb Code    18  stm32f10x_rcc.o(.text)
    RCC_LSEConfig                            0x08008991   Thumb Code    44  stm32f10x_rcc.o(.text)
    RCC_LSICmd                               0x080089bd   Thumb Code     6  stm32f10x_rcc.o(.text)
    RCC_RTCCLKConfig                         0x080089c3   Thumb Code    12  stm32f10x_rcc.o(.text)
    RCC_RTCCLKCmd                            0x080089cf   Thumb Code     8  stm32f10x_rcc.o(.text)
    RCC_GetClocksFreq                        0x080089d7   Thumb Code   192  stm32f10x_rcc.o(.text)
    RCC_AHBPeriphClockCmd                    0x08008a97   Thumb Code    26  stm32f10x_rcc.o(.text)
    RCC_APB2PeriphClockCmd                   0x08008ab1   Thumb Code    26  stm32f10x_rcc.o(.text)
    RCC_APB1PeriphClockCmd                   0x08008acb   Thumb Code    26  stm32f10x_rcc.o(.text)
    RCC_APB2PeriphResetCmd                   0x08008ae5   Thumb Code    26  stm32f10x_rcc.o(.text)
    RCC_APB1PeriphResetCmd                   0x08008aff   Thumb Code    26  stm32f10x_rcc.o(.text)
    RCC_BackupResetCmd                       0x08008b19   Thumb Code     8  stm32f10x_rcc.o(.text)
    RCC_ClockSecuritySystemCmd               0x08008b21   Thumb Code     6  stm32f10x_rcc.o(.text)
    RCC_MCOConfig                            0x08008b27   Thumb Code     6  stm32f10x_rcc.o(.text)
    RCC_ClearFlag                            0x08008b2d   Thumb Code    14  stm32f10x_rcc.o(.text)
    RCC_GetITStatus                          0x08008b3b   Thumb Code    20  stm32f10x_rcc.o(.text)
    RCC_ClearITPendingBit                    0x08008b4f   Thumb Code     6  stm32f10x_rcc.o(.text)
    USART_DeInit                             0x08008b81   Thumb Code   134  stm32f10x_usart.o(.text)
    USART_Init                               0x08008c07   Thumb Code   210  stm32f10x_usart.o(.text)
    USART_StructInit                         0x08008cd9   Thumb Code    24  stm32f10x_usart.o(.text)
    USART_ClockInit                          0x08008cf1   Thumb Code    34  stm32f10x_usart.o(.text)
    USART_ClockStructInit                    0x08008d13   Thumb Code    12  stm32f10x_usart.o(.text)
    USART_Cmd                                0x08008d1f   Thumb Code    24  stm32f10x_usart.o(.text)
    USART_ITConfig                           0x08008d37   Thumb Code    74  stm32f10x_usart.o(.text)
    USART_DMACmd                             0x08008d81   Thumb Code    18  stm32f10x_usart.o(.text)
    USART_SetAddress                         0x08008d93   Thumb Code    18  stm32f10x_usart.o(.text)
    USART_WakeUpConfig                       0x08008da5   Thumb Code    18  stm32f10x_usart.o(.text)
    USART_ReceiverWakeUpCmd                  0x08008db7   Thumb Code    24  stm32f10x_usart.o(.text)
    USART_LINBreakDetectLengthConfig         0x08008dcf   Thumb Code    18  stm32f10x_usart.o(.text)
    USART_LINCmd                             0x08008de1   Thumb Code    24  stm32f10x_usart.o(.text)
    USART_SendData                           0x08008df9   Thumb Code     8  stm32f10x_usart.o(.text)
    USART_ReceiveData                        0x08008e01   Thumb Code    10  stm32f10x_usart.o(.text)
    USART_SendBreak                          0x08008e0b   Thumb Code    10  stm32f10x_usart.o(.text)
    USART_SetGuardTime                       0x08008e15   Thumb Code    16  stm32f10x_usart.o(.text)
    USART_SetPrescaler                       0x08008e25   Thumb Code    16  stm32f10x_usart.o(.text)
    USART_SmartCardCmd                       0x08008e35   Thumb Code    24  stm32f10x_usart.o(.text)
    USART_SmartCardNACKCmd                   0x08008e4d   Thumb Code    24  stm32f10x_usart.o(.text)
    USART_HalfDuplexCmd                      0x08008e65   Thumb Code    24  stm32f10x_usart.o(.text)
    USART_OverSampling8Cmd                   0x08008e7d   Thumb Code    22  stm32f10x_usart.o(.text)
    USART_OneBitMethodCmd                    0x08008e93   Thumb Code    24  stm32f10x_usart.o(.text)
    USART_IrDAConfig                         0x08008eab   Thumb Code    18  stm32f10x_usart.o(.text)
    USART_IrDACmd                            0x08008ebd   Thumb Code    24  stm32f10x_usart.o(.text)
    USART_GetFlagStatus                      0x08008ed5   Thumb Code    26  stm32f10x_usart.o(.text)
    USART_ClearFlag                          0x08008eef   Thumb Code    18  stm32f10x_usart.o(.text)
    USART_GetITStatus                        0x08008f01   Thumb Code    84  stm32f10x_usart.o(.text)
    USART_ClearITPendingBit                  0x08008f55   Thumb Code    52  stm32f10x_usart.o(.text)
    GPIO_DeInit                              0x08008f89   Thumb Code   172  stm32f10x_gpio.o(.text)
    GPIO_AFIODeInit                          0x08009035   Thumb Code    20  stm32f10x_gpio.o(.text)
    GPIO_Init                                0x08009049   Thumb Code   274  stm32f10x_gpio.o(.text)
    GPIO_StructInit                          0x0800915b   Thumb Code    16  stm32f10x_gpio.o(.text)
    GPIO_ReadInputDataBit                    0x0800916b   Thumb Code    18  stm32f10x_gpio.o(.text)
    GPIO_ReadInputData                       0x0800917d   Thumb Code     8  stm32f10x_gpio.o(.text)
    GPIO_ReadOutputDataBit                   0x08009185   Thumb Code    18  stm32f10x_gpio.o(.text)
    GPIO_ReadOutputData                      0x08009197   Thumb Code     8  stm32f10x_gpio.o(.text)
    GPIO_SetBits                             0x0800919f   Thumb Code     4  stm32f10x_gpio.o(.text)
    GPIO_ResetBits                           0x080091a3   Thumb Code     4  stm32f10x_gpio.o(.text)
    GPIO_WriteBit                            0x080091a7   Thumb Code    10  stm32f10x_gpio.o(.text)
    GPIO_Write                               0x080091b1   Thumb Code     4  stm32f10x_gpio.o(.text)
    GPIO_PinLockConfig                       0x080091b5   Thumb Code    18  stm32f10x_gpio.o(.text)
    GPIO_EventOutputConfig                   0x080091c7   Thumb Code    26  stm32f10x_gpio.o(.text)
    GPIO_EventOutputCmd                      0x080091e1   Thumb Code     6  stm32f10x_gpio.o(.text)
    GPIO_PinRemapConfig                      0x080091e7   Thumb Code   138  stm32f10x_gpio.o(.text)
    GPIO_EXTILineConfig                      0x08009271   Thumb Code    66  stm32f10x_gpio.o(.text)
    GPIO_ETH_MediaInterfaceConfig            0x080092b3   Thumb Code     6  stm32f10x_gpio.o(.text)
    NVIC_PriorityGroupConfig                 0x080092e1   Thumb Code    10  misc.o(.text)
    NVIC_Init                                0x080092eb   Thumb Code   102  misc.o(.text)
    NVIC_SetVectorTable                      0x08009351   Thumb Code    14  misc.o(.text)
    NVIC_SystemLPConfig                      0x0800935f   Thumb Code    34  misc.o(.text)
    SysTick_CLKSourceConfig                  0x08009381   Thumb Code    40  misc.o(.text)
    TIM_DeInit                               0x080093bd   Thumb Code   424  stm32f10x_tim.o(.text)
    TIM_TimeBaseInit                         0x08009565   Thumb Code   122  stm32f10x_tim.o(.text)
    TIM_OC1Init                              0x080095df   Thumb Code   132  stm32f10x_tim.o(.text)
    TIM_OC2Init                              0x08009663   Thumb Code   154  stm32f10x_tim.o(.text)
    TIM_OC3Init                              0x080096fd   Thumb Code   150  stm32f10x_tim.o(.text)
    TIM_OC4Init                              0x08009793   Thumb Code   182  stm32f10x_tim.o(.text)
    TIM_SetIC4Prescaler                      0x08009849   Thumb Code    26  stm32f10x_tim.o(.text)
    TIM_SetIC3Prescaler                      0x080098e5   Thumb Code    18  stm32f10x_tim.o(.text)
    TIM_SetIC2Prescaler                      0x08009971   Thumb Code    26  stm32f10x_tim.o(.text)
    TIM_SetIC1Prescaler                      0x08009a0d   Thumb Code    18  stm32f10x_tim.o(.text)
    TIM_ICInit                               0x08009a8b   Thumb Code   150  stm32f10x_tim.o(.text)
    TIM_PWMIConfig                           0x08009b21   Thumb Code   124  stm32f10x_tim.o(.text)
    TIM_BDTRConfig                           0x08009b9d   Thumb Code    32  stm32f10x_tim.o(.text)
    TIM_TimeBaseStructInit                   0x08009bbd   Thumb Code    18  stm32f10x_tim.o(.text)
    TIM_OCStructInit                         0x08009bcf   Thumb Code    20  stm32f10x_tim.o(.text)
    TIM_ICStructInit                         0x08009be3   Thumb Code    18  stm32f10x_tim.o(.text)
    TIM_BDTRStructInit                       0x08009bf5   Thumb Code    40  stm32f10x_tim.o(.text)
    TIM_Cmd                                  0x08009c1d   Thumb Code    24  stm32f10x_tim.o(.text)
    TIM_CtrlPWMOutputs                       0x08009c35   Thumb Code    30  stm32f10x_tim.o(.text)
    TIM_ITConfig                             0x08009c53   Thumb Code    18  stm32f10x_tim.o(.text)
    TIM_GenerateEvent                        0x08009c65   Thumb Code     4  stm32f10x_tim.o(.text)
    TIM_DMAConfig                            0x08009c69   Thumb Code    10  stm32f10x_tim.o(.text)
    TIM_DMACmd                               0x08009c73   Thumb Code    18  stm32f10x_tim.o(.text)
    TIM_InternalClockConfig                  0x08009c85   Thumb Code    12  stm32f10x_tim.o(.text)
    TIM_SelectInputTrigger                   0x08009c91   Thumb Code    18  stm32f10x_tim.o(.text)
    TIM_ITRxExternalClockConfig              0x08009ca3   Thumb Code    24  stm32f10x_tim.o(.text)
    TIM_TIxExternalClockConfig               0x08009cbb   Thumb Code    62  stm32f10x_tim.o(.text)
    TIM_ETRConfig                            0x08009cf9   Thumb Code    28  stm32f10x_tim.o(.text)
    TIM_ETRClockMode1Config                  0x08009d15   Thumb Code    54  stm32f10x_tim.o(.text)
    TIM_ETRClockMode2Config                  0x08009d4b   Thumb Code    32  stm32f10x_tim.o(.text)
    TIM_PrescalerConfig                      0x08009d6b   Thumb Code     6  stm32f10x_tim.o(.text)
    TIM_CounterModeConfig                    0x08009d71   Thumb Code    18  stm32f10x_tim.o(.text)
    TIM_EncoderInterfaceConfig               0x08009d83   Thumb Code    66  stm32f10x_tim.o(.text)
    TIM_ForcedOC1Config                      0x08009dc5   Thumb Code    18  stm32f10x_tim.o(.text)
    TIM_ForcedOC2Config                      0x08009dd7   Thumb Code    26  stm32f10x_tim.o(.text)
    TIM_ForcedOC3Config                      0x08009df1   Thumb Code    18  stm32f10x_tim.o(.text)
    TIM_ForcedOC4Config                      0x08009e03   Thumb Code    26  stm32f10x_tim.o(.text)
    TIM_ARRPreloadConfig                     0x08009e1d   Thumb Code    24  stm32f10x_tim.o(.text)
    TIM_SelectCOM                            0x08009e35   Thumb Code    24  stm32f10x_tim.o(.text)
    TIM_SelectCCDMA                          0x08009e4d   Thumb Code    24  stm32f10x_tim.o(.text)
    TIM_CCPreloadControl                     0x08009e65   Thumb Code    24  stm32f10x_tim.o(.text)
    TIM_OC1PreloadConfig                     0x08009e7d   Thumb Code    18  stm32f10x_tim.o(.text)
    TIM_OC2PreloadConfig                     0x08009e8f   Thumb Code    26  stm32f10x_tim.o(.text)
    TIM_OC3PreloadConfig                     0x08009ea9   Thumb Code    18  stm32f10x_tim.o(.text)
    TIM_OC4PreloadConfig                     0x08009ebb   Thumb Code    26  stm32f10x_tim.o(.text)
    TIM_OC1FastConfig                        0x08009ed5   Thumb Code    18  stm32f10x_tim.o(.text)
    TIM_OC2FastConfig                        0x08009ee7   Thumb Code    26  stm32f10x_tim.o(.text)
    TIM_OC3FastConfig                        0x08009f01   Thumb Code    18  stm32f10x_tim.o(.text)
    TIM_OC4FastConfig                        0x08009f13   Thumb Code    26  stm32f10x_tim.o(.text)
    TIM_ClearOC1Ref                          0x08009f2d   Thumb Code    18  stm32f10x_tim.o(.text)
    TIM_ClearOC2Ref                          0x08009f3f   Thumb Code    24  stm32f10x_tim.o(.text)
    TIM_ClearOC3Ref                          0x08009f57   Thumb Code    18  stm32f10x_tim.o(.text)
    TIM_ClearOC4Ref                          0x08009f69   Thumb Code    24  stm32f10x_tim.o(.text)
    TIM_OC1PolarityConfig                    0x08009f81   Thumb Code    18  stm32f10x_tim.o(.text)
    TIM_OC1NPolarityConfig                   0x08009f93   Thumb Code    18  stm32f10x_tim.o(.text)
    TIM_OC2PolarityConfig                    0x08009fa5   Thumb Code    26  stm32f10x_tim.o(.text)
    TIM_OC2NPolarityConfig                   0x08009fbf   Thumb Code    26  stm32f10x_tim.o(.text)
    TIM_OC3PolarityConfig                    0x08009fd9   Thumb Code    26  stm32f10x_tim.o(.text)
    TIM_OC3NPolarityConfig                   0x08009ff3   Thumb Code    26  stm32f10x_tim.o(.text)
    TIM_OC4PolarityConfig                    0x0800a00d   Thumb Code    26  stm32f10x_tim.o(.text)
    TIM_CCxCmd                               0x0800a027   Thumb Code    30  stm32f10x_tim.o(.text)
    TIM_CCxNCmd                              0x0800a045   Thumb Code    30  stm32f10x_tim.o(.text)
    TIM_SelectOCxM                           0x0800a063   Thumb Code    82  stm32f10x_tim.o(.text)
    TIM_UpdateDisableConfig                  0x0800a0b5   Thumb Code    24  stm32f10x_tim.o(.text)
    TIM_UpdateRequestConfig                  0x0800a0cd   Thumb Code    24  stm32f10x_tim.o(.text)
    TIM_SelectHallSensor                     0x0800a0e5   Thumb Code    24  stm32f10x_tim.o(.text)
    TIM_SelectOnePulseMode                   0x0800a0fd   Thumb Code    18  stm32f10x_tim.o(.text)
    TIM_SelectOutputTrigger                  0x0800a10f   Thumb Code    18  stm32f10x_tim.o(.text)
    TIM_SelectSlaveMode                      0x0800a121   Thumb Code    18  stm32f10x_tim.o(.text)
    TIM_SelectMasterSlaveMode                0x0800a133   Thumb Code    18  stm32f10x_tim.o(.text)
    TIM_SetCounter                           0x0800a145   Thumb Code     4  stm32f10x_tim.o(.text)
    TIM_SetAutoreload                        0x0800a149   Thumb Code     4  stm32f10x_tim.o(.text)
    TIM_SetCompare1                          0x0800a14d   Thumb Code     4  stm32f10x_tim.o(.text)
    TIM_SetCompare2                          0x0800a151   Thumb Code     4  stm32f10x_tim.o(.text)
    TIM_SetCompare3                          0x0800a155   Thumb Code     4  stm32f10x_tim.o(.text)
    TIM_SetCompare4                          0x0800a159   Thumb Code     6  stm32f10x_tim.o(.text)
    TIM_SetClockDivision                     0x0800a15f   Thumb Code    18  stm32f10x_tim.o(.text)
    TIM_GetCapture1                          0x0800a171   Thumb Code     6  stm32f10x_tim.o(.text)
    TIM_GetCapture2                          0x0800a177   Thumb Code     6  stm32f10x_tim.o(.text)
    TIM_GetCapture3                          0x0800a17d   Thumb Code     6  stm32f10x_tim.o(.text)
    TIM_GetCapture4                          0x0800a183   Thumb Code     8  stm32f10x_tim.o(.text)
    TIM_GetCounter                           0x0800a18b   Thumb Code     6  stm32f10x_tim.o(.text)
    TIM_GetPrescaler                         0x0800a191   Thumb Code     6  stm32f10x_tim.o(.text)
    TIM_GetFlagStatus                        0x0800a197   Thumb Code    18  stm32f10x_tim.o(.text)
    TIM_ClearFlag                            0x0800a1a9   Thumb Code     6  stm32f10x_tim.o(.text)
    TIM_GetITStatus                          0x0800a1af   Thumb Code    34  stm32f10x_tim.o(.text)
    TIM_ClearITPendingBit                    0x0800a1d1   Thumb Code     6  stm32f10x_tim.o(.text)
    FLASH_SetLatency                         0x0800a1d9   Thumb Code    18  stm32f10x_flash.o(.text)
    FLASH_HalfCycleAccessCmd                 0x0800a1eb   Thumb Code    22  stm32f10x_flash.o(.text)
    FLASH_PrefetchBufferCmd                  0x0800a201   Thumb Code    22  stm32f10x_flash.o(.text)
    FLASH_Unlock                             0x0800a217   Thumb Code    12  stm32f10x_flash.o(.text)
    FLASH_UnlockBank1                        0x0800a223   Thumb Code    12  stm32f10x_flash.o(.text)
    FLASH_Lock                               0x0800a22f   Thumb Code    14  stm32f10x_flash.o(.text)
    FLASH_LockBank1                          0x0800a23d   Thumb Code    14  stm32f10x_flash.o(.text)
    FLASH_GetBank1Status                     0x0800a24b   Thumb Code    48  stm32f10x_flash.o(.text)
    FLASH_WaitForLastOperation               0x0800a27b   Thumb Code    38  stm32f10x_flash.o(.text)
    FLASH_ErasePage                          0x0800a2a1   Thumb Code    72  stm32f10x_flash.o(.text)
    FLASH_EraseAllPages                      0x0800a2e9   Thumb Code    68  stm32f10x_flash.o(.text)
    FLASH_WaitForLastBank1Operation          0x0800a32d   Thumb Code    38  stm32f10x_flash.o(.text)
    FLASH_EraseAllBank1Pages                 0x0800a353   Thumb Code    68  stm32f10x_flash.o(.text)
    FLASH_GetReadOutProtectionStatus         0x0800a397   Thumb Code    20  stm32f10x_flash.o(.text)
    FLASH_EraseOptionBytes                   0x0800a3ab   Thumb Code   150  stm32f10x_flash.o(.text)
    FLASH_ProgramWord                        0x0800a441   Thumb Code   102  stm32f10x_flash.o(.text)
    FLASH_ProgramHalfWord                    0x0800a4a7   Thumb Code    60  stm32f10x_flash.o(.text)
    FLASH_ProgramOptionByteData              0x0800a4e3   Thumb Code    72  stm32f10x_flash.o(.text)
    FLASH_EnableWriteProtection              0x0800a52b   Thumb Code   200  stm32f10x_flash.o(.text)
    FLASH_ReadOutProtection                  0x0800a5f3   Thumb Code   156  stm32f10x_flash.o(.text)
    FLASH_UserOptionByteConfig               0x0800a68f   Thumb Code    88  stm32f10x_flash.o(.text)
    FLASH_GetUserOptionByte                  0x0800a6e7   Thumb Code     8  stm32f10x_flash.o(.text)
    FLASH_GetWriteProtectionOptionByte       0x0800a6ef   Thumb Code     6  stm32f10x_flash.o(.text)
    FLASH_GetPrefetchBufferStatus            0x0800a6f5   Thumb Code    20  stm32f10x_flash.o(.text)
    FLASH_ITConfig                           0x0800a709   Thumb Code    26  stm32f10x_flash.o(.text)
    FLASH_GetFlagStatus                      0x0800a723   Thumb Code    42  stm32f10x_flash.o(.text)
    FLASH_ClearFlag                          0x0800a74d   Thumb Code     6  stm32f10x_flash.o(.text)
    FLASH_GetStatus                          0x0800a753   Thumb Code    48  stm32f10x_flash.o(.text)
    DMA_DeInit                               0x0800a795   Thumb Code   324  stm32f10x_dma.o(.text)
    DMA_Init                                 0x0800a8d9   Thumb Code    60  stm32f10x_dma.o(.text)
    DMA_StructInit                           0x0800a915   Thumb Code    26  stm32f10x_dma.o(.text)
    DMA_Cmd                                  0x0800a92f   Thumb Code    24  stm32f10x_dma.o(.text)
    DMA_ITConfig                             0x0800a947   Thumb Code    18  stm32f10x_dma.o(.text)
    DMA_SetCurrDataCounter                   0x0800a959   Thumb Code     4  stm32f10x_dma.o(.text)
    DMA_GetCurrDataCounter                   0x0800a95d   Thumb Code     8  stm32f10x_dma.o(.text)
    DMA_GetFlagStatus                        0x0800a965   Thumb Code    38  stm32f10x_dma.o(.text)
    DMA_ClearFlag                            0x0800a98b   Thumb Code    22  stm32f10x_dma.o(.text)
    DMA_GetITStatus                          0x0800a9a1   Thumb Code    38  stm32f10x_dma.o(.text)
    DMA_ClearITPendingBit                    0x0800a9c7   Thumb Code    22  stm32f10x_dma.o(.text)
    EXTI_DeInit                              0x0800a9e5   Thumb Code    28  stm32f10x_exti.o(.text)
    EXTI_Init                                0x0800aa01   Thumb Code   142  stm32f10x_exti.o(.text)
    EXTI_StructInit                          0x0800aa8f   Thumb Code    16  stm32f10x_exti.o(.text)
    EXTI_GenerateSWInterrupt                 0x0800aa9f   Thumb Code    16  stm32f10x_exti.o(.text)
    EXTI_GetFlagStatus                       0x0800aaaf   Thumb Code    22  stm32f10x_exti.o(.text)
    EXTI_ClearFlag                           0x0800aac5   Thumb Code     8  stm32f10x_exti.o(.text)
    EXTI_GetITStatus                         0x0800aacd   Thumb Code    34  stm32f10x_exti.o(.text)
    EXTI_ClearITPendingBit                   0x0800aaef   Thumb Code     8  stm32f10x_exti.o(.text)
    SPI_I2S_DeInit                           0x0800ab01   Thumb Code    76  stm32f10x_spi.o(.text)
    SPI_Init                                 0x0800ab4d   Thumb Code    60  stm32f10x_spi.o(.text)
    I2S_Init                                 0x0800ab89   Thumb Code   226  stm32f10x_spi.o(.text)
    SPI_StructInit                           0x0800ac6b   Thumb Code    24  stm32f10x_spi.o(.text)
    I2S_StructInit                           0x0800ac83   Thumb Code    20  stm32f10x_spi.o(.text)
    SPI_Cmd                                  0x0800ac97   Thumb Code    24  stm32f10x_spi.o(.text)
    I2S_Cmd                                  0x0800acaf   Thumb Code    24  stm32f10x_spi.o(.text)
    SPI_I2S_ITConfig                         0x0800acc7   Thumb Code    32  stm32f10x_spi.o(.text)
    SPI_I2S_DMACmd                           0x0800ace7   Thumb Code    18  stm32f10x_spi.o(.text)
    SPI_I2S_SendData                         0x0800acf9   Thumb Code     4  stm32f10x_spi.o(.text)
    SPI_I2S_ReceiveData                      0x0800acfd   Thumb Code     6  stm32f10x_spi.o(.text)
    SPI_NSSInternalSoftwareConfig            0x0800ad03   Thumb Code    30  stm32f10x_spi.o(.text)
    SPI_SSOutputCmd                          0x0800ad21   Thumb Code    24  stm32f10x_spi.o(.text)
    SPI_DataSizeConfig                       0x0800ad39   Thumb Code    18  stm32f10x_spi.o(.text)
    SPI_TransmitCRC                          0x0800ad4b   Thumb Code    10  stm32f10x_spi.o(.text)
    SPI_CalculateCRC                         0x0800ad55   Thumb Code    24  stm32f10x_spi.o(.text)
    SPI_GetCRC                               0x0800ad6d   Thumb Code    16  stm32f10x_spi.o(.text)
    SPI_GetCRCPolynomial                     0x0800ad7d   Thumb Code     6  stm32f10x_spi.o(.text)
    SPI_BiDirectionalLineConfig              0x0800ad83   Thumb Code    28  stm32f10x_spi.o(.text)
    SPI_I2S_GetFlagStatus                    0x0800ad9f   Thumb Code    18  stm32f10x_spi.o(.text)
    SPI_I2S_ClearFlag                        0x0800adb1   Thumb Code     6  stm32f10x_spi.o(.text)
    SPI_I2S_GetITStatus                      0x0800adb7   Thumb Code    52  stm32f10x_spi.o(.text)
    SPI_I2S_ClearITPendingBit                0x0800adeb   Thumb Code    20  stm32f10x_spi.o(.text)
    ADC_DeInit                               0x0800ae0d   Thumb Code    78  stm32f10x_adc.o(.text)
    ADC_Init                                 0x0800ae5b   Thumb Code    70  stm32f10x_adc.o(.text)
    ADC_StructInit                           0x0800aea1   Thumb Code    18  stm32f10x_adc.o(.text)
    ADC_Cmd                                  0x0800aeb3   Thumb Code    22  stm32f10x_adc.o(.text)
    ADC_DMACmd                               0x0800aec9   Thumb Code    22  stm32f10x_adc.o(.text)
    ADC_ITConfig                             0x0800aedf   Thumb Code    24  stm32f10x_adc.o(.text)
    ADC_ResetCalibration                     0x0800aef7   Thumb Code    10  stm32f10x_adc.o(.text)
    ADC_GetResetCalibrationStatus            0x0800af01   Thumb Code    20  stm32f10x_adc.o(.text)
    ADC_StartCalibration                     0x0800af15   Thumb Code    10  stm32f10x_adc.o(.text)
    ADC_GetCalibrationStatus                 0x0800af1f   Thumb Code    20  stm32f10x_adc.o(.text)
    ADC_SoftwareStartConvCmd                 0x0800af33   Thumb Code    22  stm32f10x_adc.o(.text)
    ADC_GetSoftwareStartConvStatus           0x0800af49   Thumb Code    20  stm32f10x_adc.o(.text)
    ADC_DiscModeChannelCountConfig           0x0800af5d   Thumb Code    24  stm32f10x_adc.o(.text)
    ADC_DiscModeCmd                          0x0800af75   Thumb Code    22  stm32f10x_adc.o(.text)
    ADC_RegularChannelConfig                 0x0800af8b   Thumb Code   184  stm32f10x_adc.o(.text)
    ADC_ExternalTrigConvCmd                  0x0800b043   Thumb Code    22  stm32f10x_adc.o(.text)
    ADC_GetConversionValue                   0x0800b059   Thumb Code     8  stm32f10x_adc.o(.text)
    ADC_GetDualModeConversionValue           0x0800b061   Thumb Code     8  stm32f10x_adc.o(.text)
    ADC_AutoInjectedConvCmd                  0x0800b069   Thumb Code    22  stm32f10x_adc.o(.text)
    ADC_InjectedDiscModeCmd                  0x0800b07f   Thumb Code    22  stm32f10x_adc.o(.text)
    ADC_ExternalTrigInjectedConvConfig       0x0800b095   Thumb Code    16  stm32f10x_adc.o(.text)
    ADC_ExternalTrigInjectedConvCmd          0x0800b0a5   Thumb Code    22  stm32f10x_adc.o(.text)
    ADC_SoftwareStartInjectedConvCmd         0x0800b0bb   Thumb Code    22  stm32f10x_adc.o(.text)
    ADC_GetSoftwareStartInjectedConvCmdStatus 0x0800b0d1   Thumb Code    20  stm32f10x_adc.o(.text)
    ADC_InjectedChannelConfig                0x0800b0e5   Thumb Code   130  stm32f10x_adc.o(.text)
    ADC_InjectedSequencerLengthConfig        0x0800b167   Thumb Code    24  stm32f10x_adc.o(.text)
    ADC_SetInjectedOffset                    0x0800b17f   Thumb Code    20  stm32f10x_adc.o(.text)
    ADC_GetInjectedConversionValue           0x0800b193   Thumb Code    28  stm32f10x_adc.o(.text)
    ADC_AnalogWatchdogCmd                    0x0800b1af   Thumb Code    16  stm32f10x_adc.o(.text)
    ADC_AnalogWatchdogThresholdsConfig       0x0800b1bf   Thumb Code     6  stm32f10x_adc.o(.text)
    ADC_AnalogWatchdogSingleChannelConfig    0x0800b1c5   Thumb Code    16  stm32f10x_adc.o(.text)
    ADC_TempSensorVrefintCmd                 0x0800b1d5   Thumb Code    64  stm32f10x_adc.o(.text)
    ADC_GetFlagStatus                        0x0800b215   Thumb Code    18  stm32f10x_adc.o(.text)
    ADC_ClearFlag                            0x0800b227   Thumb Code     6  stm32f10x_adc.o(.text)
    ADC_GetITStatus                          0x0800b22d   Thumb Code    36  stm32f10x_adc.o(.text)
    ADC_ClearITPendingBit                    0x0800b251   Thumb Code    10  stm32f10x_adc.o(.text)
    Reset_Handler                            0x0800b25d   Thumb Code     8  startup_stm32f10x_md.o(.text)
    NMI_Handler                              0x0800b265   Thumb Code     2  startup_stm32f10x_md.o(.text)
    HardFault_Handler                        0x0800b267   Thumb Code     2  startup_stm32f10x_md.o(.text)
    MemManage_Handler                        0x0800b269   Thumb Code     2  startup_stm32f10x_md.o(.text)
    BusFault_Handler                         0x0800b26b   Thumb Code     2  startup_stm32f10x_md.o(.text)
    UsageFault_Handler                       0x0800b26d   Thumb Code     2  startup_stm32f10x_md.o(.text)
    SVC_Handler                              0x0800b26f   Thumb Code     2  startup_stm32f10x_md.o(.text)
    DebugMon_Handler                         0x0800b271   Thumb Code     2  startup_stm32f10x_md.o(.text)
    PendSV_Handler                           0x0800b273   Thumb Code     2  startup_stm32f10x_md.o(.text)
    SysTick_Handler                          0x0800b275   Thumb Code     2  startup_stm32f10x_md.o(.text)
    ADC1_2_IRQHandler                        0x0800b277   Thumb Code     0  startup_stm32f10x_md.o(.text)
    CAN1_RX1_IRQHandler                      0x0800b277   Thumb Code     0  startup_stm32f10x_md.o(.text)
    CAN1_SCE_IRQHandler                      0x0800b277   Thumb Code     0  startup_stm32f10x_md.o(.text)
    DMA1_Channel1_IRQHandler                 0x0800b277   Thumb Code     0  startup_stm32f10x_md.o(.text)
    DMA1_Channel2_IRQHandler                 0x0800b277   Thumb Code     0  startup_stm32f10x_md.o(.text)
    DMA1_Channel3_IRQHandler                 0x0800b277   Thumb Code     0  startup_stm32f10x_md.o(.text)
    DMA1_Channel6_IRQHandler                 0x0800b277   Thumb Code     0  startup_stm32f10x_md.o(.text)
    DMA1_Channel7_IRQHandler                 0x0800b277   Thumb Code     0  startup_stm32f10x_md.o(.text)
    EXTI0_IRQHandler                         0x0800b277   Thumb Code     0  startup_stm32f10x_md.o(.text)
    EXTI1_IRQHandler                         0x0800b277   Thumb Code     0  startup_stm32f10x_md.o(.text)
    EXTI2_IRQHandler                         0x0800b277   Thumb Code     0  startup_stm32f10x_md.o(.text)
    EXTI3_IRQHandler                         0x0800b277   Thumb Code     0  startup_stm32f10x_md.o(.text)
    FLASH_IRQHandler                         0x0800b277   Thumb Code     0  startup_stm32f10x_md.o(.text)
    I2C1_ER_IRQHandler                       0x0800b277   Thumb Code     0  startup_stm32f10x_md.o(.text)
    I2C1_EV_IRQHandler                       0x0800b277   Thumb Code     0  startup_stm32f10x_md.o(.text)
    I2C2_ER_IRQHandler                       0x0800b277   Thumb Code     0  startup_stm32f10x_md.o(.text)
    I2C2_EV_IRQHandler                       0x0800b277   Thumb Code     0  startup_stm32f10x_md.o(.text)
    PVD_IRQHandler                           0x0800b277   Thumb Code     0  startup_stm32f10x_md.o(.text)
    RCC_IRQHandler                           0x0800b277   Thumb Code     0  startup_stm32f10x_md.o(.text)
    RTCAlarm_IRQHandler                      0x0800b277   Thumb Code     0  startup_stm32f10x_md.o(.text)
    RTC_IRQHandler                           0x0800b277   Thumb Code     0  startup_stm32f10x_md.o(.text)
    SPI1_IRQHandler                          0x0800b277   Thumb Code     0  startup_stm32f10x_md.o(.text)
    SPI2_IRQHandler                          0x0800b277   Thumb Code     0  startup_stm32f10x_md.o(.text)
    TAMPER_IRQHandler                        0x0800b277   Thumb Code     0  startup_stm32f10x_md.o(.text)
    TIM1_BRK_IRQHandler                      0x0800b277   Thumb Code     0  startup_stm32f10x_md.o(.text)
    TIM1_CC_IRQHandler                       0x0800b277   Thumb Code     0  startup_stm32f10x_md.o(.text)
    TIM1_TRG_COM_IRQHandler                  0x0800b277   Thumb Code     0  startup_stm32f10x_md.o(.text)
    TIM1_UP_IRQHandler                       0x0800b277   Thumb Code     0  startup_stm32f10x_md.o(.text)
    TIM3_IRQHandler                          0x0800b277   Thumb Code     0  startup_stm32f10x_md.o(.text)
    TIM4_IRQHandler                          0x0800b277   Thumb Code     0  startup_stm32f10x_md.o(.text)
    USART1_IRQHandler                        0x0800b277   Thumb Code     0  startup_stm32f10x_md.o(.text)
    USART2_IRQHandler                        0x0800b277   Thumb Code     0  startup_stm32f10x_md.o(.text)
    USBWakeUp_IRQHandler                     0x0800b277   Thumb Code     0  startup_stm32f10x_md.o(.text)
    USB_HP_CAN1_TX_IRQHandler                0x0800b277   Thumb Code     0  startup_stm32f10x_md.o(.text)
    USB_LP_CAN1_RX0_IRQHandler               0x0800b277   Thumb Code     0  startup_stm32f10x_md.o(.text)
    WWDG_IRQHandler                          0x0800b277   Thumb Code     0  startup_stm32f10x_md.o(.text)
    __aeabi_memcpy                           0x0800b281   Thumb Code    36  memcpya.o(.text)
    __aeabi_memcpy4                          0x0800b281   Thumb Code     0  memcpya.o(.text)
    __aeabi_memcpy8                          0x0800b281   Thumb Code     0  memcpya.o(.text)
    __aeabi_memset                           0x0800b2a5   Thumb Code    14  memseta.o(.text)
    __aeabi_memset4                          0x0800b2a5   Thumb Code     0  memseta.o(.text)
    __aeabi_memset8                          0x0800b2a5   Thumb Code     0  memseta.o(.text)
    __aeabi_memclr                           0x0800b2b3   Thumb Code     4  memseta.o(.text)
    __aeabi_memclr4                          0x0800b2b3   Thumb Code     0  memseta.o(.text)
    __aeabi_memclr8                          0x0800b2b3   Thumb Code     0  memseta.o(.text)
    _memset$wrapper                          0x0800b2b7   Thumb Code    18  memseta.o(.text)
    strcmp                                   0x0800b2c9   Thumb Code    28  strcmp.o(.text)
    __aeabi_fadd                             0x0800b2e5   Thumb Code   164  fadd.o(.text)
    __aeabi_fsub                             0x0800b389   Thumb Code     6  fadd.o(.text)
    __aeabi_frsub                            0x0800b38f   Thumb Code     6  fadd.o(.text)
    __aeabi_fmul                             0x0800b395   Thumb Code   108  fmul.o(.text)
    __aeabi_fdiv                             0x0800b401   Thumb Code   128  fdiv.o(.text)
    __aeabi_dadd                             0x0800b481   Thumb Code   322  dadd.o(.text)
    __aeabi_dsub                             0x0800b5c3   Thumb Code     6  dadd.o(.text)
    __aeabi_drsub                            0x0800b5c9   Thumb Code     6  dadd.o(.text)
    __aeabi_dmul                             0x0800b5cf   Thumb Code   228  dmul.o(.text)
    __aeabi_ddiv                             0x0800b6b3   Thumb Code   222  ddiv.o(.text)
    __aeabi_i2f                              0x0800b791   Thumb Code    18  fflti.o(.text)
    __aeabi_ui2f                             0x0800b7a3   Thumb Code    10  ffltui.o(.text)
    __aeabi_i2d                              0x0800b7ad   Thumb Code    34  dflti.o(.text)
    __aeabi_ui2d                             0x0800b7cf   Thumb Code    26  dfltui.o(.text)
    __aeabi_f2iz                             0x0800b7e9   Thumb Code    50  ffixi.o(.text)
    __aeabi_f2uiz                            0x0800b81b   Thumb Code    40  ffixui.o(.text)
    __aeabi_f2d                              0x0800b843   Thumb Code    38  f2d.o(.text)
    __aeabi_cdcmpeq                          0x0800b869   Thumb Code     0  cdcmple.o(.text)
    __aeabi_cdcmple                          0x0800b869   Thumb Code    38  cdcmple.o(.text)
    __aeabi_cdrcmple                         0x0800b891   Thumb Code    38  cdrcmple.o(.text)
    __aeabi_d2f                              0x0800b8b9   Thumb Code    56  d2f.o(.text)
    __aeabi_cfcmpeq                          0x0800b8f1   Thumb Code     0  cfcmple.o(.text)
    __aeabi_cfcmple                          0x0800b8f1   Thumb Code    20  cfcmple.o(.text)
    __aeabi_cfrcmple                         0x0800b905   Thumb Code    20  cfrcmple.o(.text)
    __aeabi_llsl                             0x0800b919   Thumb Code    30  llshl.o(.text)
    _ll_shift_l                              0x0800b919   Thumb Code     0  llshl.o(.text)
    __aeabi_lasr                             0x0800b937   Thumb Code    36  llsshr.o(.text)
    _ll_sshift_r                             0x0800b937   Thumb Code     0  llsshr.o(.text)
    __I$use$fp                               0x0800b95b   Thumb Code     0  iusefp.o(.text)
    _float_round                             0x0800b95b   Thumb Code    18  fepilogue.o(.text)
    _float_epilogue                          0x0800b96d   Thumb Code    90  fepilogue.o(.text)
    _double_round                            0x0800b9c7   Thumb Code    26  depilogue.o(.text)
    _double_epilogue                         0x0800b9e1   Thumb Code   164  depilogue.o(.text)
    __ARM_scalbn                             0x0800ba85   Thumb Code    46  dscalb.o(.text)
    scalbn                                   0x0800ba85   Thumb Code     0  dscalb.o(.text)
    _dsqrt                                   0x0800bab3   Thumb Code   162  dsqrt.o(.text)
    __scatterload                            0x0800bb55   Thumb Code    28  init.o(.text)
    __scatterload_rt2                        0x0800bb55   Thumb Code     0  init.o(.text)
    __aeabi_llsr                             0x0800bb79   Thumb Code    32  llushr.o(.text)
    _ll_ushift_r                             0x0800bb79   Thumb Code     0  llushr.o(.text)
    __aeabi_d2iz                             0x0800bb99   Thumb Code    62  dfixi.o(.text)
    __ARM_fpclassify                         0x0800bbd7   Thumb Code    40  fpclassify.o(i.__ARM_fpclassify)
    __ieee754_rem_pio2                       0x0800bc01   Thumb Code   832  rred.o(i.__ieee754_rem_pio2)
    __kernel_cos                             0x0800bf89   Thumb Code   230  cos_i.o(i.__kernel_cos)
    __kernel_poly                            0x0800c085   Thumb Code   170  poly.o(i.__kernel_poly)
    __kernel_sin                             0x0800c131   Thumb Code   224  sin_i.o(i.__kernel_sin)
    __kernel_tan                             0x0800c21d   Thumb Code   582  tan_i.o(i.__kernel_tan)
    __mathlib_dbl_underflow                  0x0800c495   Thumb Code    10  dunder.o(i.__mathlib_dbl_underflow)
    __scatterload_copy                       0x0800c4a5   Thumb Code    14  handlers.o(i.__scatterload_copy)
    __scatterload_null                       0x0800c4b3   Thumb Code     2  handlers.o(i.__scatterload_null)
    __scatterload_zeroinit                   0x0800c4b5   Thumb Code    14  handlers.o(i.__scatterload_zeroinit)
    __set_errno                              0x0800c4c5   Thumb Code     6  errno.o(i.__set_errno)
    cos                                      0x0800c4d1   Thumb Code   164  cos.o(i.cos)
    sin                                      0x0800c57d   Thumb Code   166  sin.o(i.sin)
    sqrt                                     0x0800c62d   Thumb Code    76  sqrt.o(i.sqrt)
    tan                                      0x0800c679   Thumb Code   106  tan.o(i.tan)
    pwmSin                                   0x0800de6c   Data         512  motor.o(.constdata)
    Region$$Table$$Base                      0x0800ed30   Number         0  anon$$obj.o(Region$$Table)
    Region$$Table$$Limit                     0x0800ed50   Number         0  anon$$obj.o(Region$$Table)
    futabaData                               0x20000000   Data          25  sbus.o(.ccm)
    timeProcessMain                          0x2000001c   Data           4  main.o(.data)
    valButton                                0x20000020   Data           1  main.o(.data)
    keycodeFlash                             0x20000024   Data           4  main.o(.data)
    SystemCoreClock                          0x20000028   Data           4  system_stm32f10x.o(.data)
    AHBPrescTable                            0x2000002c   Data          16  system_stm32f10x.o(.data)
    ctrMode                                  0x2000003c   Data           4  gmavlinkv1_0.o(.data)
    mavlink_system                           0x20000044   Data           6  gmavlinkv1_0.o(.data)
    len                                      0x2000004a   Data           2  gmavlinkv1_0.o(.data)
    DataVar                                  0x2000004c   Data           2  eeprom.o(.data)
    gyrox_1                                  0x20000050   Data           2  globaldata.o(.data)
    gyroy_1                                  0x20000052   Data           2  globaldata.o(.data)
    gyroz_1                                  0x20000054   Data           2  globaldata.o(.data)
    accx_1                                   0x20000056   Data           2  globaldata.o(.data)
    accy_1                                   0x20000058   Data           2  globaldata.o(.data)
    accz_1                                   0x2000005a   Data           2  globaldata.o(.data)
    gyrox                                    0x2000005c   Data           2  globaldata.o(.data)
    gyroy                                    0x2000005e   Data           2  globaldata.o(.data)
    gyroz                                    0x20000060   Data           2  globaldata.o(.data)
    accx                                     0x20000062   Data           2  globaldata.o(.data)
    accy                                     0x20000064   Data           2  globaldata.o(.data)
    accz                                     0x20000066   Data           2  globaldata.o(.data)
    unique                                   0x20000068   Data           4  globaldata.o(.data)
    durationAtti                             0x2000006c   Data           4  globaldata.o(.data)
    timerAtti                                0x20000070   Data           4  globaldata.o(.data)
    updateMav                                0x20000074   Data           2  globaldata.o(.data)
    updateRadio                              0x20000076   Data           2  globaldata.o(.data)
    keycodeMcu                               0x20000078   Data           4  globaldata.o(.data)
    pitchSet                                 0x2000007c   Data           4  globaldata.o(.data)
    rollSet                                  0x20000080   Data           4  globaldata.o(.data)
    yawSet                                   0x20000084   Data           4  globaldata.o(.data)
    yawSetOld                                0x20000088   Data           4  globaldata.o(.data)
    pitchSpeed                               0x2000008c   Data           4  globaldata.o(.data)
    rollSpeed                                0x20000090   Data           4  globaldata.o(.data)
    yawSpeed                                 0x20000094   Data           4  globaldata.o(.data)
    errorPan                                 0x20000098   Data           4  globaldata.o(.data)
    errorRoll                                0x2000009c   Data           4  globaldata.o(.data)
    errorTilt                                0x200000a0   Data           4  globaldata.o(.data)
    check_a                                  0x200000a4   Data           1  globaldata.o(.data)
    check_b                                  0x200000a5   Data           1  globaldata.o(.data)
    UBX_step                                 0x200000a6   Data           1  globaldata.o(.data)
    timeProcessAtti                          0x200000a8   Data           4  attitude.o(.data)
    errorTiltOld                             0x200000b0   Data           4  motor.o(.data)
    timeProcssGimbalStabi                    0x200000b4   Data           4  motor.o(.data)
    j                                        0x200000b8   Data           4  sensorcalib.o(.data)
    gyroXsum                                 0x200000bc   Data           4  sensorcalib.o(.data)
    gyroYsum                                 0x200000c0   Data           4  sensorcalib.o(.data)
    gyroZsum                                 0x200000c4   Data           4  sensorcalib.o(.data)
    cntCalAcc                                0x200000c8   Data           2  sensorcalib.o(.data)
    accXsum                                  0x200000cc   Data           4  sensorcalib.o(.data)
    accYsum                                  0x200000d0   Data           4  sensorcalib.o(.data)
    accZsum                                  0x200000d4   Data           4  sensorcalib.o(.data)
    mpu6000CntCheckedInt                     0x200000d8   Data           2  mpu6000.o(.data)
    mpu6000FCntCheckedInt                    0x200000da   Data           2  mpu6000.o(.data)
    button                                   0x200000e2   Data           8  gpio.o(.data)
    ADCConvertedValue                        0x200000ea   Data           2  adc.o(.data)
    AdcIndexChannel                          0x200000ec   Data           1  adc.o(.data)
    accN                                     0x200000f4   Data           4  ublox_gps.o(.data)
    accD                                     0x200000f8   Data           4  ublox_gps.o(.data)
    accE                                     0x200000fc   Data           4  ublox_gps.o(.data)
    accGps                                   0x20000100   Data           4  ublox_gps.o(.data)
    msg                                      0x20000590   Data         272  gmavlinkv1_0.o(.bss)
    status                                   0x200006a0   Data          12  gmavlinkv1_0.o(.bss)
    buffer                                   0x200006ac   Data         255  gmavlinkv1_0.o(.bss)
    mav_tx_buffer                            0x200007ac   Data         256  globaldata.o(.bss)
    VirtAddVarTab                            0x200008ac   Data         144  globaldata.o(.bss)
    mav_rx_buffer                            0x2000093c   Data         100  globaldata.o(.bss)
    mav_rx_tmp                               0x200009a0   Data         100  globaldata.o(.bss)
    gps_buffer                               0x20000a04   Data         200  globaldata.o(.bss)
    UBX_buffer                               0x20000acc   Data          60  globaldata.o(.bss)
    Data_UBX                                 0x20000b08   Data         200  globaldata.o(.bss)
    gUblox                                   0x20000bd0   Data          64  globaldata.o(.bss)
    gConfig                                  0x20000c10   Data         168  globaldata.o(.bss)
    gSensor                                  0x20000cb8   Data          28  globaldata.o(.bss)
    gAtti                                    0x20000cd4   Data          32  globaldata.o(.bss)
    gMotor                                   0x20000cf4   Data          84  globaldata.o(.bss)
    gState                                   0x20000d48   Data          12  globaldata.o(.bss)
    gMav                                     0x20000d54   Data          10  globaldata.o(.bss)
    gRadio                                   0x20000d60   Data         100  globaldata.o(.bss)
    global_data                              0x20000dc4   Data         564  globaldata.o(.bss)
    gBattery                                 0x20000ff8   Data          12  globaldata.o(.bss)
    theta_f                                  0x20001004   Data          16  motor.o(.bss)
    alpha                                    0x20001014   Data          16  motor.o(.bss)
    phi_f                                    0x20001024   Data          16  motor.o(.bss)
    beta                                     0x20001034   Data          16  motor.o(.bss)
    accXface                                 0x20001044   Data          28  sensorcalib.o(.bss)
    accYface                                 0x20001060   Data          28  sensorcalib.o(.bss)
    accZface                                 0x2000107c   Data          28  sensorcalib.o(.bss)
    mpu6000Val                               0x20001098   Data          16  mpu6000.o(.bss)
    spi_rx_buffer                            0x200010a8   Data          14  mpu6000.o(.bss)
    Pan                                      0x200010b8   Data          16  gpio.o(.bss)
    Tilt                                     0x200010c8   Data          16  gpio.o(.bss)
    Roll                                     0x200010d8   Data          16  gpio.o(.bss)
    Mode                                     0x200010e8   Data          16  gpio.o(.bss)
    adcPan                                   0x200010f8   Data          12  adc.o(.bss)
    adcTilt                                  0x20001104   Data          12  adc.o(.bss)
    adcBaterry                               0x20001110   Data          12  adc.o(.bss)
    __initial_sp                             0x20001520   Data           0  startup_stm32f10x_md.o(STACK)



==============================================================================

Memory Map of the image

  Image Entry point : 0x080000ed

  Load Region LR_IROM1 (Base: 0x08000000, Size: 0x0000ee6c, Max: 0x00010000, ABSOLUTE)

    Execution Region ER_IROM1 (Base: 0x08000000, Size: 0x0000ed50, Max: 0x00010000, ABSOLUTE)

    Base Addr    Size         Type   Attr      Idx    E Section Name        Object

    0x08000000   0x000000ec   Data   RO          874    RESET               startup_stm32f10x_md.o
    0x080000ec   0x00000000   Code   RO          911  * .ARM.Collect$$$$00000000  mc_w.l(entry.o)
    0x080000ec   0x00000004   Code   RO          978    .ARM.Collect$$$$00000001  mc_w.l(entry2.o)
    0x080000f0   0x00000004   Code   RO          981    .ARM.Collect$$$$00000004  mc_w.l(entry5.o)
    0x080000f4   0x00000000   Code   RO          983    .ARM.Collect$$$$00000008  mc_w.l(entry7b.o)
    0x080000f4   0x00000000   Code   RO          985    .ARM.Collect$$$$0000000A  mc_w.l(entry8b.o)
    0x080000f4   0x00000008   Code   RO          986    .ARM.Collect$$$$0000000B  mc_w.l(entry9a.o)
    0x080000fc   0x00000000   Code   RO          988    .ARM.Collect$$$$0000000D  mc_w.l(entry10a.o)
    0x080000fc   0x00000000   Code   RO          990    .ARM.Collect$$$$0000000F  mc_w.l(entry11a.o)
    0x080000fc   0x00000004   Code   RO          979    .ARM.Collect$$$$00002712  mc_w.l(entry2.o)
    0x08000100   0x00000b1c   Code   RO            1    .text               main.o
    0x08000c1c   0x000001dc   Code   RO          169    .text               system_stm32f10x.o
    0x08000df8   0x00000168   Code   RO          251    .text               usart1.o
    0x08000f60   0x000000e4   Code   RO          287    .text               startup.o
    0x08001044   0x000002b8   Code   RO          303    .text               timer.o
    0x080012fc   0x000020f8   Code   RO          318    .text               gmavlinkv1_0.o
    0x080033f4   0x00000442   Code   RO          441    .text               eeprom.o
    0x08003836   0x00000002   PAD
    0x08003838   0x000006c0   Code   RO          470    .text               attitude.o
    0x08003ef8   0x00001280   Code   RO          487    .text               motor.o
    0x08005178   0x00000498   Code   RO          508    .text               sensorcalib.o
    0x08005610   0x00000274   Code   RO          529    .text               sbus.o
    0x08005884   0x0000031c   Code   RO          548    .text               mpu6000.o
    0x08005ba0   0x00001828   Code   RO          565    .text               radio.o
    0x080073c8   0x0000036c   Code   RO          580    .text               gpio.o
    0x08007734   0x0000081c   Code   RO          596    .text               gmath.o
    0x08007f50   0x000003c0   Code   RO          610    .text               adc.o
    0x08008310   0x000004cc   Code   RO          627    .text               ublox_gps.o
    0x080087dc   0x000003a4   Code   RO          643    .text               stm32f10x_rcc.o
    0x08008b80   0x00000408   Code   RO          711    .text               stm32f10x_usart.o
    0x08008f88   0x00000358   Code   RO          729    .text               stm32f10x_gpio.o
    0x080092e0   0x000000dc   Code   RO          744    .text               misc.o
    0x080093bc   0x00000e1a   Code   RO          759    .text               stm32f10x_tim.o
    0x0800a1d6   0x00000002   PAD
    0x0800a1d8   0x000005bc   Code   RO          774    .text               stm32f10x_flash.o
    0x0800a794   0x00000250   Code   RO          789    .text               stm32f10x_dma.o
    0x0800a9e4   0x0000011c   Code   RO          804    .text               stm32f10x_exti.o
    0x0800ab00   0x0000030c   Code   RO          831    .text               stm32f10x_spi.o
    0x0800ae0c   0x0000044e   Code   RO          846    .text               stm32f10x_adc.o
    0x0800b25a   0x00000002   PAD
    0x0800b25c   0x00000024   Code   RO          875    .text               startup_stm32f10x_md.o
    0x0800b280   0x00000024   Code   RO          914    .text               mc_w.l(memcpya.o)
    0x0800b2a4   0x00000024   Code   RO          916    .text               mc_w.l(memseta.o)
    0x0800b2c8   0x0000001c   Code   RO          918    .text               mc_w.l(strcmp.o)
    0x0800b2e4   0x000000b0   Code   RO          922    .text               mf_w.l(fadd.o)
    0x0800b394   0x0000006c   Code   RO          924    .text               mf_w.l(fmul.o)
    0x0800b400   0x00000080   Code   RO          926    .text               mf_w.l(fdiv.o)
    0x0800b480   0x0000014e   Code   RO          928    .text               mf_w.l(dadd.o)
    0x0800b5ce   0x000000e4   Code   RO          930    .text               mf_w.l(dmul.o)
    0x0800b6b2   0x000000de   Code   RO          932    .text               mf_w.l(ddiv.o)
    0x0800b790   0x00000012   Code   RO          934    .text               mf_w.l(fflti.o)
    0x0800b7a2   0x0000000a   Code   RO          936    .text               mf_w.l(ffltui.o)
    0x0800b7ac   0x00000022   Code   RO          938    .text               mf_w.l(dflti.o)
    0x0800b7ce   0x0000001a   Code   RO          940    .text               mf_w.l(dfltui.o)
    0x0800b7e8   0x00000032   Code   RO          942    .text               mf_w.l(ffixi.o)
    0x0800b81a   0x00000028   Code   RO          944    .text               mf_w.l(ffixui.o)
    0x0800b842   0x00000026   Code   RO          946    .text               mf_w.l(f2d.o)
    0x0800b868   0x00000028   Code   RO          948    .text               mf_w.l(cdcmple.o)
    0x0800b890   0x00000028   Code   RO          950    .text               mf_w.l(cdrcmple.o)
    0x0800b8b8   0x00000038   Code   RO          952    .text               mf_w.l(d2f.o)
    0x0800b8f0   0x00000014   Code   RO          954    .text               mf_w.l(cfcmple.o)
    0x0800b904   0x00000014   Code   RO          956    .text               mf_w.l(cfrcmple.o)
    0x0800b918   0x0000001e   Code   RO          992    .text               mc_w.l(llshl.o)
    0x0800b936   0x00000024   Code   RO          994    .text               mc_w.l(llsshr.o)
    0x0800b95a   0x00000000   Code   RO         1003    .text               mc_w.l(iusefp.o)
    0x0800b95a   0x0000006c   Code   RO         1004    .text               mf_w.l(fepilogue.o)
    0x0800b9c6   0x000000be   Code   RO         1006    .text               mf_w.l(depilogue.o)
    0x0800ba84   0x0000002e   Code   RO         1008    .text               mf_w.l(dscalb.o)
    0x0800bab2   0x000000a2   Code   RO         1010    .text               mf_w.l(dsqrt.o)
    0x0800bb54   0x00000024   Code   RO         1018    .text               mc_w.l(init.o)
    0x0800bb78   0x00000020   Code   RO         1020    .text               mc_w.l(llushr.o)
    0x0800bb98   0x0000003e   Code   RO         1022    .text               mf_w.l(dfixi.o)
    0x0800bbd6   0x00000028   Code   RO         1014    i.__ARM_fpclassify  m_ws.l(fpclassify.o)
    0x0800bbfe   0x00000002   PAD
    0x0800bc00   0x00000388   Code   RO          961    i.__ieee754_rem_pio2  m_ws.l(rred.o)
    0x0800bf88   0x000000fc   Code   RO          958    i.__kernel_cos      m_ws.l(cos_i.o)
    0x0800c084   0x000000aa   Code   RO         1016    i.__kernel_poly     m_ws.l(poly.o)
    0x0800c12e   0x00000002   PAD
    0x0800c130   0x000000ec   Code   RO          966    i.__kernel_sin      m_ws.l(sin_i.o)
    0x0800c21c   0x00000278   Code   RO          972    i.__kernel_tan      m_ws.l(tan_i.o)
    0x0800c494   0x00000010   Code   RO         1012    i.__mathlib_dbl_underflow  m_ws.l(dunder.o)
    0x0800c4a4   0x0000000e   Code   RO         1026    i.__scatterload_copy  mc_w.l(handlers.o)
    0x0800c4b2   0x00000002   Code   RO         1027    i.__scatterload_null  mc_w.l(handlers.o)
    0x0800c4b4   0x0000000e   Code   RO         1028    i.__scatterload_zeroinit  mc_w.l(handlers.o)
    0x0800c4c2   0x00000002   PAD
    0x0800c4c4   0x0000000c   Code   RO          998    i.__set_errno       mc_w.l(errno.o)
    0x0800c4d0   0x000000ac   Code   RO          880    i.cos               m_ws.l(cos.o)
    0x0800c57c   0x000000b0   Code   RO          888    i.sin               m_ws.l(sin.o)
    0x0800c62c   0x0000004c   Code   RO          896    i.sqrt              m_ws.l(sqrt.o)
    0x0800c678   0x00000074   Code   RO          904    i.tan               m_ws.l(tan.o)
    0x0800c6ec   0x00000c40   Data   RO          320    .constdata          gmavlinkv1_0.o
    0x0800d32c   0x00000d40   Data   RO          489    .constdata          motor.o
    0x0800e06c   0x00000b40   Data   RO          597    .constdata          gmath.o
    0x0800ebac   0x00000004   PAD
    0x0800ebb0   0x00000030   Data   RO          959    .constdata          m_ws.l(cos_i.o)
    0x0800ebe0   0x000000c8   Data   RO          963    .constdata          m_ws.l(rred.o)
    0x0800eca8   0x00000028   Data   RO          967    .constdata          m_ws.l(sin_i.o)
    0x0800ecd0   0x00000060   Data   RO          973    .constdata          m_ws.l(tan_i.o)
    0x0800ed30   0x00000020   Data   RO         1024    Region$$Table       anon$$obj.o


    Execution Region RW_IRAM1 (Base: 0x20000000, Size: 0x00001520, Max: 0x00005000, ABSOLUTE)

    Base Addr    Size         Type   Attr      Idx    E Section Name        Object

    0x20000000   0x00000019   Data   RW          530    .ccm                sbus.o
    0x20000019   0x00000003   PAD
    0x2000001c   0x0000000c   Data   RW            3    .data               main.o
    0x20000028   0x00000014   Data   RW          170    .data               system_stm32f10x.o
    0x2000003c   0x00000010   Data   RW          321    .data               gmavlinkv1_0.o
    0x2000004c   0x00000002   Data   RW          442    .data               eeprom.o
    0x2000004e   0x00000002   PAD
    0x20000050   0x00000057   Data   RW          461    .data               globaldata.o
    0x200000a7   0x00000001   PAD
    0x200000a8   0x00000008   Data   RW          472    .data               attitude.o
    0x200000b0   0x00000008   Data   RW          490    .data               motor.o
    0x200000b8   0x00000020   Data   RW          511    .data               sensorcalib.o
    0x200000d8   0x00000004   Data   RW          550    .data               mpu6000.o
    0x200000dc   0x0000000e   Data   RW          582    .data               gpio.o
    0x200000ea   0x00000003   Data   RW          612    .data               adc.o
    0x200000ed   0x00000003   PAD
    0x200000f0   0x00000014   Data   RW          628    .data               ublox_gps.o
    0x20000104   0x00000014   Data   RW          644    .data               stm32f10x_rcc.o
    0x20000118   0x00000004   Data   RW          999    .data               mc_w.l(errno.o)
    0x2000011c   0x00000004   PAD
    0x20000120   0x0000068b   Zero   RW          319    .bss                gmavlinkv1_0.o
    0x200007ab   0x00000001   PAD
    0x200007ac   0x00000858   Zero   RW          460    .bss                globaldata.o
    0x20001004   0x00000040   Zero   RW          488    .bss                motor.o
    0x20001044   0x00000054   Zero   RW          509    .bss                sensorcalib.o
    0x20001098   0x0000001e   Zero   RW          549    .bss                mpu6000.o
    0x200010b6   0x00000002   PAD
    0x200010b8   0x00000040   Zero   RW          581    .bss                gpio.o
    0x200010f8   0x00000024   Zero   RW          611    .bss                adc.o
    0x2000111c   0x00000004   PAD
    0x20001120   0x00000400   Zero   RW          872    STACK               startup_stm32f10x_md.o


==============================================================================

Image component sizes


      Code (inc. data)   RO Data    RW Data    ZI Data      Debug   Object Name

       960        106          0          3         36       2317   adc.o
      1728         94          0          8          0       1907   attitude.o
         0          0          0          0          0         32   core_cm3.o
      1090         28          0          2          0       4341   eeprom.o
         0          0          0         87       2136       2113   globaldata.o
      2076        108       2880          0          0       3299   gmath.o
      8440       1446       3136         16       1675      64494   gmavlinkv1_0.o
       876         42          0         14         64       2897   gpio.o
      2844        264          0         12          0     287796   main.o
       220         20          0          0          0       3669   misc.o
      4736        290       3392          8         64       4055   motor.o
       796         48          0          4         30       3397   mpu6000.o
      6184        328          0          0          0       2720   radio.o
       628         30          0         25          0       2748   sbus.o
      1176         82          0         32         84       2860   sensorcalib.o
       228         24          0          0          0        538   startup.o
        36          8        236          0       1024        872   startup_stm32f10x_md.o
      1102         26          0          0          0      20073   stm32f10x_adc.o
       592          8          0          0          0      14350   stm32f10x_dma.o
       284         10          0          0          0       4607   stm32f10x_exti.o
      1468         34          0          0          0      14570   stm32f10x_flash.o
       856         40          0          0          0      14205   stm32f10x_gpio.o
       932         44          0         20          0      17748   stm32f10x_rcc.o
       780         14          0          0          0      13634   stm32f10x_spi.o
      3610         88          0          0          0      41452   stm32f10x_tim.o
      1032         22          0          0          0      23424   stm32f10x_usart.o
       476         36          0         20          0     253487   system_stm32f10x.o
       696         26          0          0          0        968   timer.o
      1228         96          0         20          0       3092   ublox_gps.o
       360         20          0          0          0     204185   usart1.o

    ----------------------------------------------------------------------
     45440       3382       9680        280       5120    1015850   Object Totals
         0          0         32          0          0          0   (incl. Generated)
         6          0          4          9          7          0   (incl. Padding)

    ----------------------------------------------------------------------

      Code (inc. data)   RO Data    RW Data    ZI Data      Debug   Library Member Name

       172          8          0          0          0        112   cos.o
       252         22         48          0          0        124   cos_i.o
        16          6          0          0          0         68   dunder.o
        40          0          0          0          0         68   fpclassify.o
       170          0          0          0          0         96   poly.o
       904         72        200          0          0        140   rred.o
       176         10          0          0          0        116   sin.o
       236         12         40          0          0        128   sin_i.o
        76          0          0          0          0         84   sqrt.o
       116         10          0          0          0        104   tan.o
       632         50         96          0          0        168   tan_i.o
         0          0          0          0          0          0   entry.o
         0          0          0          0          0          0   entry10a.o
         0          0          0          0          0          0   entry11a.o
         8          4          0          0          0          0   entry2.o
         4          0          0          0          0          0   entry5.o
         0          0          0          0          0          0   entry7b.o
         0          0          0          0          0          0   entry8b.o
         8          4          0          0          0          0   entry9a.o
        12          6          0          4          0         68   errno.o
        30          0          0          0          0          0   handlers.o
        36          8          0          0          0         68   init.o
         0          0          0          0          0          0   iusefp.o
        30          0          0          0          0         68   llshl.o
        36          0          0          0          0         68   llsshr.o
        32          0          0          0          0         68   llushr.o
        36          0          0          0          0         68   memcpya.o
        36          0          0          0          0        108   memseta.o
        28          0          0          0          0         76   strcmp.o
        40          2          0          0          0         68   cdcmple.o
        40          2          0          0          0         68   cdrcmple.o
        20          0          0          0          0         68   cfcmple.o
        20          0          0          0          0         68   cfrcmple.o
        56          0          0          0          0         88   d2f.o
       334          0          0          0          0        148   dadd.o
       222          0          0          0          0        100   ddiv.o
       190          0          0          0          0        176   depilogue.o
        62          0          0          0          0         80   dfixi.o
        34          0          0          0          0         76   dflti.o
        26          0          0          0          0         76   dfltui.o
       228          0          0          0          0         96   dmul.o
        46          0          0          0          0         80   dscalb.o
       162          0          0          0          0        100   dsqrt.o
        38          0          0          0          0         68   f2d.o
       176          0          0          0          0        140   fadd.o
       128          0          0          0          0         88   fdiv.o
       108          0          0          0          0        168   fepilogue.o
        50          0          0          0          0         68   ffixi.o
        40          0          0          0          0         68   ffixui.o
        18          0          0          0          0         68   fflti.o
        10          0          0          0          0         68   ffltui.o
       108          0          0          0          0         76   fmul.o

    ----------------------------------------------------------------------
      5248        216        384          4          4       3904   Library Totals
         6          0          0          0          4          0   (incl. Padding)

    ----------------------------------------------------------------------

      Code (inc. data)   RO Data    RW Data    ZI Data      Debug   Library Name

      2790        190        384          0          0       1208   m_ws.l
       296         22          0          4          0        592   mc_w.l
      2156          4          0          0          0       2104   mf_w.l

    ----------------------------------------------------------------------
      5248        216        384          4          4       3904   Library Totals

    ----------------------------------------------------------------------

==============================================================================


      Code (inc. data)   RO Data    RW Data    ZI Data      Debug   

     50688       3598      10064        284       5124    1014970   Grand Totals
     50688       3598      10064        284       5124    1014970   ELF Image Totals
     50688       3598      10064        284          0          0   ROM Totals

==============================================================================

    Total RO  Size (Code + RO Data)                60752 (  59.33kB)
    Total RW  Size (RW Data + ZI Data)              5408 (   5.28kB)
    Total ROM Size (Code + RO Data + RW Data)      61036 (  59.61kB)

==============================================================================

