ARM Linker, 5.03 [Build 69] [MDK-ARM Standard]

==============================================================================

Section Cross References

    main.o(.text) refers to stm32f10x_dma.o(.text) for DMA_GetITStatus
    main.o(.text) refers to stm32f10x_usart.o(.text) for USART_GetITStatus
    main.o(.text) refers to sbus.o(.text) for futabaCharIn
    main.o(.text) refers to stm32f10x_tim.o(.text) for TIM_GetITStatus
    main.o(.text) refers to stm32f10x_exti.o(.text) for EXTI_GetITStatus
    main.o(.text) refers to stm32f10x_gpio.o(.text) for GPIO_ReadInputDataBit
    main.o(.text) refers to globaldata.o(.bss) for gMav
    main.o(.text) refers to gpio.o(.bss) for Pan
    main.o(.text) refers to main.o(.data) for tmp
    main.o(.text) refers to mpu6000.o(.bss) for mpu6000Val
    main.o(.text) refers to mpu6000.o(.data) for mpu6000CntCheckedInt
    main.o(.text) refers to globaldata.o(.data) for unique
    main.o(.text) refers to startup.o(.text) for RCCInit
    main.o(.text) refers to usart1.o(.text) for usart1Init
    main.o(.text) refers to ublox_gps.o(.text) for ubloxInit
    main.o(.text) refers to mpu6000.o(.text) for MPU6000Init
    main.o(.text) refers to timer.o(.text) for timerInit
    main.o(.text) refers to gmavlinkv1_0.o(.text) for getParamsFromFlashAfterPowerOn
    main.o(.text) refers to gpio.o(.text) for buttonConfiguration
    main.o(.text) refers to adc.o(.text) for adcConfiguration
    main.o(.text) refers to eeprom.o(.text) for EE_ReadVariable
    main.o(.text) refers to motor.o(.text) for motorActive
    main.o(.text) refers to sensorcalib.o(.text) for gyroCalibrate
    main.o(.text) refers to radio.o(.text) for radioProcess
    main.o(.text) refers to attitude.o(.text) for attitudeEstimate
    system_stm32f10x.o(.text) refers to system_stm32f10x.o(.data) for SystemCoreClock
    usart1.o(.text) refers to misc.o(.text) for NVIC_SetVectorTable
    usart1.o(.text) refers to stm32f10x_gpio.o(.text) for GPIO_Init
    usart1.o(.text) refers to stm32f10x_usart.o(.text) for USART_ClearFlag
    usart1.o(.text) refers to stm32f10x_dma.o(.text) for DMA_Init
    usart1.o(.text) refers to globaldata.o(.bss) for mav_tx_buffer
    startup.o(.text) refers to stm32f10x_rcc.o(.text) for RCC_HSEConfig
    startup.o(.text) refers to stm32f10x_flash.o(.text) for FLASH_PrefetchBufferCmd
    startup.o(.text) refers to stm32f10x_gpio.o(.text) for GPIO_DeInit
    startup.o(.text) refers to stm32f10x_tim.o(.text) for TIM_DeInit
    timer.o(.text) refers to misc.o(.text) for NVIC_SetVectorTable
    timer.o(.text) refers to stm32f10x_gpio.o(.text) for GPIO_PinRemapConfig
    timer.o(.text) refers to stm32f10x_tim.o(.text) for TIM_TimeBaseInit
    gmavlinkv1_0.o(.text) refers to memcpya.o(.text) for __aeabi_memcpy4
    gmavlinkv1_0.o(.text) refers to stm32f10x_dma.o(.text) for DMA_Cmd
    gmavlinkv1_0.o(.text) refers to memseta.o(.text) for __aeabi_memclr
    gmavlinkv1_0.o(.text) refers to ffixui.o(.text) for __aeabi_f2uiz
    gmavlinkv1_0.o(.text) refers to fmul.o(.text) for __aeabi_fmul
    gmavlinkv1_0.o(.text) refers to f2d.o(.text) for __aeabi_f2d
    gmavlinkv1_0.o(.text) refers to ddiv.o(.text) for __aeabi_ddiv
    gmavlinkv1_0.o(.text) refers to d2f.o(.text) for __aeabi_d2f
    gmavlinkv1_0.o(.text) refers to gmavlinkv1_0.o(.bss) for m_mavlink_buffer
    gmavlinkv1_0.o(.text) refers to gmavlinkv1_0.o(.constdata) for mavlink_message_crcs
    gmavlinkv1_0.o(.text) refers to globaldata.o(.bss) for gMav
    gmavlinkv1_0.o(.text) refers to dmul.o(.text) for __aeabi_dmul
    gmavlinkv1_0.o(.text) refers to dadd.o(.text) for __aeabi_dadd
    gmavlinkv1_0.o(.text) refers to cfcmple.o(.text) for __aeabi_cfcmpeq
    gmavlinkv1_0.o(.text) refers to ffixi.o(.text) for __aeabi_f2iz
    gmavlinkv1_0.o(.text) refers to fadd.o(.text) for __aeabi_fsub
    gmavlinkv1_0.o(.text) refers to gmavlinkv1_0.o(.data) for len
    gmavlinkv1_0.o(.text) refers to globaldata.o(.data) for errorPan
    gmavlinkv1_0.o(.text) refers to fflti.o(.text) for __aeabi_i2f
    gmavlinkv1_0.o(.text) refers to radio.o(.data) for yawPcChan
    gmavlinkv1_0.o(.text) refers to stm32f10x_flash.o(.text) for FLASH_Unlock
    gmavlinkv1_0.o(.text) refers to eeprom.o(.text) for EE_Init
    gmavlinkv1_0.o(.text) refers to strcmp.o(.text) for strcmp
    gmavlinkv1_0.o(.text) refers to sensorcalib.o(.data) for cntCalAcc
    eeprom.o(.text) refers to stm32f10x_flash.o(.text) for FLASH_ErasePage
    eeprom.o(.text) refers to globaldata.o(.bss) for VirtAddVarTab
    eeprom.o(.text) refers to eeprom.o(.data) for DataVar
    attitude.o(.text) refers to ffltui.o(.text) for __aeabi_ui2f
    attitude.o(.text) refers to f2d.o(.text) for __aeabi_f2d
    attitude.o(.text) refers to ddiv.o(.text) for __aeabi_ddiv
    attitude.o(.text) refers to d2f.o(.text) for __aeabi_d2f
    attitude.o(.text) refers to fflti.o(.text) for __aeabi_i2f
    attitude.o(.text) refers to dmul.o(.text) for __aeabi_dmul
    attitude.o(.text) refers to cos.o(i.cos) for cos
[...]
    .ARM.Collect$$$$00000008                 0x080000f4   Section        0  entry7b.o(.ARM.Collect$$$$00000008)
    .ARM.Collect$$$$0000000A                 0x080000f4   Section        0  entry8b.o(.ARM.Collect$$$$0000000A)
    .ARM.Collect$$$$0000000B                 0x080000f4   Section        8  entry9a.o(.ARM.Collect$$$$0000000B)
    .ARM.Collect$$$$0000000D                 0x080000fc   Section        0  entry10a.o(.ARM.Collect$$$$0000000D)
    .ARM.Collect$$$$0000000F                 0x080000fc   Section        0  entry11a.o(.ARM.Collect$$$$0000000F)
    .ARM.Collect$$$$00002712                 0x080000fc   Section        4  entry2.o(.ARM.Collect$$$$00002712)
    __lit__00000000                          0x080000fc   Data           4  entry2.o(.ARM.Collect$$$$00002712)
    .text                                    0x08000100   Section        0  main.o(.text)
    .text                                    0x08000be0   Section        0  system_stm32f10x.o(.text)
    SetSysClockTo72                          0x08000be1   Thumb Code   212  system_stm32f10x.o(.text)
    SetSysClock                              0x08000cb5   Thumb Code     8  system_stm32f10x.o(.text)
    .text                                    0x08000dbc   Section        0  usart1.o(.text)
    .text                                    0x08000f24   Section        0  startup.o(.text)
    .text                                    0x08001008   Section        0  timer.o(.text)
    .text                                    0x080012c0   Section        0  gmavlinkv1_0.o(.text)
    crc_accumulate                           0x080012c1   Thumb Code    34  gmavlinkv1_0.o(.text)
    mavlink_parse_char                       0x080012e3   Thumb Code   438  gmavlinkv1_0.o(.text)
    _mavlink_send_uart                       0x08001499   Thumb Code    62  gmavlinkv1_0.o(.text)
    mav_array_memcpy                         0x080014d7   Thumb Code    32  gmavlinkv1_0.o(.text)
    mavlink_get_channel_status               0x08002fbf   Thumb Code    14  gmavlinkv1_0.o(.text)
    mavlink_finalize_message                 0x08002fcd   Thumb Code    36  gmavlinkv1_0.o(.text)
    mavlink_msg_to_send_buffer               0x08002ff1   Thumb Code    26  gmavlinkv1_0.o(.text)
    mavlink_start_checksum                   0x0800300b   Thumb Code    12  gmavlinkv1_0.o(.text)
    mavlink_update_checksum                  0x08003017   Thumb Code    16  gmavlinkv1_0.o(.text)
    _MAV_RETURN_int16_t                      0x08003027   Thumb Code    10  gmavlinkv1_0.o(.text)
    _MAV_RETURN_float                        0x08003031   Thumb Code    10  gmavlinkv1_0.o(.text)
    mavlink_msg_gps_raw_int_pack             0x0800303b   Thumb Code   104  gmavlinkv1_0.o(.text)
    mavlink_msg_raw_imu_pack                 0x080030a3   Thumb Code   108  gmavlinkv1_0.o(.text)
    mavlink_msg_sbus_chan_values_pack        0x0800310f   Thumb Code   158  gmavlinkv1_0.o(.text)
    mavlink_finalize_message_chan            0x080031ad   Thumb Code   152  gmavlinkv1_0.o(.text)
    .text                                    0x08003268   Section        0  eeprom.o(.text)
    EE_Format                                0x08003269   Thumb Code    50  eeprom.o(.text)
    EE_FindValidPage                         0x0800329b   Thumb Code    78  eeprom.o(.text)
    EE_VerifyPageFullWriteVariable           0x080032e9   Thumb Code   100  eeprom.o(.text)
    EE_PageTransfer                          0x08003591   Thumb Code   246  eeprom.o(.text)
    .text                                    0x080036ac   Section        0  attitude.o(.text)
    .text                                    0x08003d64   Section        0  motor.o(.text)
    .text                                    0x0800500c   Section        0  sensorcalib.o(.text)
    .text                                    0x080054a4   Section        0  sbus.o(.text)
    .text                                    0x08005718   Section        0  mpu6000.o(.text)
    spi_mpu6000_transfer16                   0x08005959   Thumb Code    26  mpu6000.o(.text)
    .text                                    0x08005a34   Section        0  radio.o(.text)
    .text                                    0x080070c0   Section        0  gpio.o(.text)
    .text                                    0x08007494   Section        0  gmath.o(.text)
    .text                                    0x08007cb0   Section        0  adc.o(.text)
    .text                                    0x08008070   Section        0  ublox_gps.o(.text)
    .text                                    0x08008538   Section        0  stm32f10x_rcc.o(.text)
    .text                                    0x080088dc   Section        0  stm32f10x_usart.o(.text)
    .text                                    0x08008ce4   Section        0  stm32f10x_gpio.o(.text)
    .text                                    0x0800903c   Section        0  misc.o(.text)
    .text                                    0x08009118   Section        0  stm32f10x_tim.o(.text)
    TI4_Config                               0x080095bf   Thumb Code   130  stm32f10x_tim.o(.text)
    TI3_Config                               0x08009653   Thumb Code   122  stm32f10x_tim.o(.text)
    TI2_Config                               0x080096e7   Thumb Code   130  stm32f10x_tim.o(.text)
    TI1_Config                               0x0800977b   Thumb Code   108  stm32f10x_tim.o(.text)
    .text                                    0x08009f34   Section        0  stm32f10x_flash.o(.text)
    .text                                    0x0800a4f0   Section        0  stm32f10x_dma.o(.text)
    .text                                    0x0800a740   Section        0  stm32f10x_exti.o(.text)
    .text                                    0x0800a85c   Section        0  stm32f10x_spi.o(.text)
    .text                                    0x0800ab68   Section        0  stm32f10x_adc.o(.text)
    .text                                    0x0800afb8   Section       36  startup_stm32f10x_md.o(.text)
    .text                                    0x0800afdc   Section        0  memcpya.o(.text)
    .text                                    0x0800b000   Section        0  memseta.o(.text)
    .text                                    0x0800b024   Section        0  strcmp.o(.text)
    .text                                    0x0800b040   Section        0  fadd.o(.text)
    .text                                    0x0800b0f0   Section        0  fmul.o(.text)
    .text                                    0x0800b15c   Section        0  fdiv.o(.text)
    .text                                    0x0800b1dc   Section        0  dadd.o(.text)
    .text                                    0x0800b32a   Section        0  dmul.o(.text)
    .text                                    0x0800b40e   Section        0  ddiv.o(.text)
    .text                                    0x0800b4ec   Section        0  fflti.o(.text)
    .text                                    0x0800b4fe   Section        0  ffltui.o(.text)
    .text                                    0x0800b508   Section        0  dflti.o(.text)
    .text                                    0x0800b52a   Section        0  dfltui.o(.text)
    .text                                    0x0800b544   Section        0  ffixi.o(.text)
    .text                                    0x0800b576   Section        0  ffixui.o(.text)
    .text                                    0x0800b59e   Section        0  f2d.o(.text)
    .text                                    0x0800b5c4   Section       40  cdcmple.o(.text)
    .text                                    0x0800b5ec   Section       40  cdrcmple.o(.text)
    .text                                    0x0800b614   Section        0  d2f.o(.text)
    .text                                    0x0800b64c   Section       20  cfcmple.o(.text)
    .text                                    0x0800b660   Section       20  cfrcmple.o(.text)
    .text                                    0x0800b674   Section        0  llshl.o(.text)
    .text                                    0x0800b692   Section        0  llsshr.o(.text)
    .text                                    0x0800b6b6   Section        0  fepilogue.o(.text)
    .text                                    0x0800b6b6   Section        0  iusefp.o(.text)
    .text                                    0x0800b722   Section        0  depilogue.o(.text)
    .text                                    0x0800b7e0   Section        0  dscalb.o(.text)
    .text                                    0x0800b80e   Section        0  dsqrt.o(.text)
    .text                                    0x0800b8b0   Section       36  init.o(.text)
    .text                                    0x0800b8d4   Section        0  llushr.o(.text)
    .text                                    0x0800b8f4   Section        0  dfixi.o(.text)
    i.__ARM_fpclassify                       0x0800b932   Section        0  fpclassify.o(i.__ARM_fpclassify)
    i.__ieee754_rem_pio2                     0x0800b95c   Section        0  rred.o(i.__ieee754_rem_pio2)
    i.__kernel_cos                           0x0800bce4   Section        0  cos_i.o(i.__kernel_cos)
    i.__kernel_poly                          0x0800bde0   Section        0  poly.o(i.__kernel_poly)
    i.__kernel_sin                           0x0800be8c   Section        0  sin_i.o(i.__kernel_sin)
    i.__kernel_tan                           0x0800bf78   Section        0  tan_i.o(i.__kernel_tan)
    i.__mathlib_dbl_underflow                0x0800c1f0   Section        0  dunder.o(i.__mathlib_dbl_underflow)
    i.__scatterload_copy                     0x0800c200   Section       14  handlers.o(i.__scatterload_copy)
    i.__scatterload_null                     0x0800c20e   Section        2  handlers.o(i.__scatterload_null)
    i.__scatterload_zeroinit                 0x0800c210   Section       14  handlers.o(i.__scatterload_zeroinit)
    i.__set_errno                            0x0800c220   Section        0  errno.o(i.__set_errno)
    i.cos                                    0x0800c22c   Section        0  cos.o(i.cos)
    i.sin                                    0x0800c2d8   Section        0  sin.o(i.sin)
    i.sqrt                                   0x0800c388   Section        0  sqrt.o(i.sqrt)
    i.tan                                    0x0800c3d4   Section        0  tan.o(i.tan)
    .constdata                               0x0800c448   Section     3136  gmavlinkv1_0.o(.constdata)
    cosTable                                 0x0800c448   Data        1440  gmavlinkv1_0.o(.constdata)
    sinTable                                 0x0800c9e8   Data        1440  gmavlinkv1_0.o(.constdata)
    mavlink_message_crcs                     0x0800cf88   Data         256  gmavlinkv1_0.o(.constdata)
    .constdata                               0x0800d088   Section     3392  motor.o(.constdata)
    cosTable                                 0x0800d088   Data        1440  motor.o(.constdata)
    sinTable                                 0x0800d628   Data        1440  motor.o(.constdata)
    .constdata                               0x0800ddc8   Section     2880  gmath.o(.constdata)
    cosTable                                 0x0800ddc8   Data        1440  gmath.o(.constdata)
    sinTable                                 0x0800e368   Data        1440  gmath.o(.constdata)
    .constdata                               0x0800e908   Section       48  cos_i.o(.constdata)
    C                                        0x0800e908   Data          48  cos_i.o(.constdata)
    .constdata                               0x0800e938   Section      200  rred.o(.constdata)
    pio2s                                    0x0800e938   Data          48  rred.o(.constdata)
    twooverpi                                0x0800e968   Data         152  rred.o(.constdata)
    .constdata                               0x0800ea00   Section       40  sin_i.o(.constdata)
    S                                        0x0800ea00   Data          40  sin_i.o(.constdata)
    .constdata                               0x0800ea28   Section       96  tan_i.o(.constdata)
    Todd                                     0x0800ea28   Data          48  tan_i.o(.constdata)
    Teven                                    0x0800ea58   Data          48  tan_i.o(.constdata)
    .ccm                                     0x20000000   Section       25  sbus.o(.ccm)
    .data                                    0x2000001c   Section       12  main.o(.data)
    tmp                                      0x20000021   Data           1  main.o(.data)
    .data                                    0x20000028   Section       20  system_stm32f10x.o(.data)
    .data                                    0x2000003c   Section       16  gmavlinkv1_0.o(.data)
    data_counter_1                           0x20000040   Data           4  gmavlinkv1_0.o(.data)
    .data                                    0x2000004c   Section        2  eeprom.o(.data)
    .data                                    0x20000050   Section       87  globaldata.o(.data)
    .data                                    0x200000a8   Section        8  attitude.o(.data)
    updateAcc                                0x200000ac   Data           4  attitude.o(.data)
    .data                                    0x200000b0   Section        8  motor.o(.data)
    .data                                    0x200000b8   Section       32  sensorcalib.o(.data)
    .data                                    0x200000d8   Section        4  mpu6000.o(.data)
    .data                                    0x200000dc   Section        4  radio.o(.data)
    .data                                    0x200000e0   Section       18  gpio.o(.data)
    led_cnt1                                 0x200000e0   Data           2  gpio.o(.data)
    led_cnt2                                 0x200000e2   Data           2  gpio.o(.data)
    led_cnt5                                 0x200000e4   Data           2  gpio.o(.data)
    led_cnt3                                 0x200000e6   Data           2  gpio.o(.data)
    led_cnt4                                 0x200000e8   Data           2  gpio.o(.data)
    .data                                    0x200000f2   Section        3  adc.o(.data)
    .data                                    0x200000f8   Section       20  ublox_gps.o(.data)
    gps_data_counter_1                       0x200000f8   Data           4  ublox_gps.o(.data)
    .data                                    0x2000010c   Section       20  stm32f10x_rcc.o(.data)
    APBAHBPrescTable                         0x2000010c   Data          16  stm32f10x_rcc.o(.data)
    ADCPrescTable                            0x2000011c   Data           4  stm32f10x_rcc.o(.data)
    .data                                    0x20000120   Section        4  errno.o(.data)
    _errno                                   0x20000120   Data           4  errno.o(.data)
    .bss                                     0x20000128   Section     1675  gmavlinkv1_0.o(.bss)
    m_mavlink_status                         0x20000128   Data          48  gmavlinkv1_0.o(.bss)
    m_mavlink_buffer                         0x20000158   Data        1088  gmavlinkv1_0.o(.bss)
    .bss                                     0x200007b4   Section     2108  globaldata.o(.bss)
    .bss                                     0x20000ff0   Section       64  motor.o(.bss)
    .bss                                     0x20001030   Section       84  sensorcalib.o(.bss)
    .bss                                     0x20001084   Section       30  mpu6000.o(.bss)
    .bss                                     0x200010a4   Section       64  gpio.o(.bss)
    .bss                                     0x200010e4   Section       36  adc.o(.bss)
    STACK                                    0x20001108   Section     1024  startup_stm32f10x_md.o(STACK)

    Global Symbols

    Symbol Name                              Value     Ov Type        Size  Object(Section)

    BuildAttributes$$THM_ISAv4$P$D$K$B$S$PE$A:L22UL41UL21$X:L11$S22US41US21$IEEE1$IW$USESV6$~STKCKD$USESV7$~SHL$OTIME$ROPI$IEEEX$EBA8$MICROLIB$REQ8$PRES8$EABIv2 0x00000000   Number         0  anon$$obj.o ABSOLUTE
    __ARM_use_no_argv                        0x00000000   Number         0  main.o ABSOLUTE
    __cpp_initialize__aeabi_                  - Undefined Weak Reference
    __cxa_finalize                            - Undefined Weak Reference
    __decompress                              - Undefined Weak Reference
    _clock_init                               - Undefined Weak Reference
    _microlib_exit                            - Undefined Weak Reference
    __Vectors_Size                           0x000000ec   Number         0  startup_stm32f10x_md.o ABSOLUTE
    __Vectors                                0x08000000   Data           4  startup_stm32f10x_md.o(RESET)
    __Vectors_End                            0x080000ec   Data           0  startup_stm32f10x_md.o(RESET)
    __main                                   0x080000ed   Thumb Code     0  entry.o(.ARM.Collect$$$$00000000)
    _main_stk                                0x080000ed   Thumb Code     0  entry2.o(.ARM.Collect$$$$00000001)
    _main_scatterload                        0x080000f1   Thumb Code     0  entry5.o(.ARM.Collect$$$$00000004)
    __main_after_scatterload                 0x080000f5   Thumb Code     0  entry5.o(.ARM.Collect$$$$00000004)
    _main_clock                              0x080000f5   Thumb Code     0  entry7b.o(.ARM.Collect$$$$00000008)
    _main_cpp_init                           0x080000f5   Thumb Code     0  entry8b.o(.ARM.Collect$$$$0000000A)
    _main_init                               0x080000f5   Thumb Code     0  entry9a.o(.ARM.Collect$$$$0000000B)
    __rt_final_cpp                           0x080000fd   Thumb Code     0  entry10a.o(.ARM.Collect$$$$0000000D)
    __rt_final_exit                          0x080000fd   Thumb Code     0  entry11a.o(.ARM.Collect$$$$0000000F)
    DMA1_Channel5_IRQHandler                 0x08000101   Thumb Code    22  main.o(.text)
    DMA1_Channel4_IRQHandler                 0x08000117   Thumb Code    36  main.o(.text)
    USART3_IRQHandler                        0x0800013b   Thumb Code    42  main.o(.text)
    TIM2_IRQHandler                          0x08000165   Thumb Code    30  main.o(.text)
    EXTI4_IRQHandler                         0x08000183   Thumb Code   190  main.o(.text)
    EXTI9_5_IRQHandler                       0x08000241   Thumb Code   190  main.o(.text)
    EXTI15_10_IRQHandler                     0x080002ff   Thumb Code   450  main.o(.text)
    delayms                                  0x080004c1   Thumb Code    32  main.o(.text)
    main                                     0x080004e1   Thumb Code  1750  main.o(.text)
    SystemInit                               0x08000cbd   Thumb Code    78  system_stm32f10x.o(.text)
    SystemCoreClockUpdate                    0x08000d0b   Thumb Code   142  system_stm32f10x.o(.text)
    usart1Init                               0x08000dbd   Thumb Code   340  usart1.o(.text)
    RCCInit                                  0x08000f25   Thumb Code   204  startup.o(.text)
    timerInit                                0x08001009   Thumb Code   670  timer.o(.text)
    param2Config                             0x080014f7   Thumb Code  1844  gmavlinkv1_0.o(.text)
    mavlinkSend                              0x08001c2b   Thumb Code  2278  gmavlinkv1_0.o(.text)
    getParamsDefault                         0x08002511   Thumb Code  1682  gmavlinkv1_0.o(.text)
    getParamsFromFlashAfterPowerOn           0x08002ba3   Thumb Code   158  gmavlinkv1_0.o(.text)
    handle_mavlink_message                   0x08002c41   Thumb Code   792  gmavlinkv1_0.o(.text)
    mavlinkReceive                           0x08002f59   Thumb Code   102  gmavlinkv1_0.o(.text)
    EE_ReadVariable                          0x0800334d   Thumb Code    92  eeprom.o(.text)
    EE_Init                                  0x080033a9   Thumb Code   488  eeprom.o(.text)
    EE_WriteVariable                         0x08003687   Thumb Code    36  eeprom.o(.text)
    getTime                                  0x080036ad   Thumb Code    42  attitude.o(.text)
    attitudeEstimate                         0x080036d7   Thumb Code  1646  attitude.o(.text)
    motorActive                              0x08003d65   Thumb Code    32  motor.o(.text)
    moveMotor                                0x08003d85   Thumb Code   784  motor.o(.text)
    gimbalStabilize                          0x08004095   Thumb Code  2974  motor.o(.text)
    updateSetpoint                           0x08004c33   Thumb Code   476  motor.o(.text)
    checkedMissStep                          0x08004e0f   Thumb Code   344  motor.o(.text)
    controlPitchMotor                        0x08004f67   Thumb Code    46  motor.o(.text)
    controlRollMotor                         0x08004f95   Thumb Code    46  motor.o(.text)
    controlYawMotor                          0x08004fc3   Thumb Code    46  motor.o(.text)
    gyroCalibrate                            0x0800500d   Thumb Code   264  sensorcalib.o(.text)
    accelCalibrateSix                        0x08005115   Thumb Code   556  sensorcalib.o(.text)
    accelCalibrateOne                        0x08005341   Thumb Code   304  sensorcalib.o(.text)
    accelCalibrate                           0x08005471   Thumb Code    30  sensorcalib.o(.text)
    futabaDecode                             0x080054a5   Thumb Code   370  sbus.o(.text)
    futabaCharIn                             0x08005617   Thumb Code    90  sbus.o(.text)
    futabaInit                               0x08005671   Thumb Code   138  sbus.o(.text)
    mpu6000_begin                            0x08005719   Thumb Code    14  mpu6000.o(.text)
    mpu6000_end                              0x08005727   Thumb Code    14  mpu6000.o(.text)
    MPU6000LowInit                           0x08005735   Thumb Code   274  mpu6000.o(.text)
    spi_mpu6000_rw                           0x08005847   Thumb Code    36  mpu6000.o(.text)
    MPU6000RegisterWrite                     0x0800586b   Thumb Code    28  mpu6000.o(.text)
    MPU6000Init                              0x08005887   Thumb Code   170  mpu6000.o(.text)
    MPU6000RegisterRead                      0x08005931   Thumb Code    32  mpu6000.o(.text)
    MPU6000DataInterrupt                     0x08005951   Thumb Code     8  mpu6000.o(.text)
    MPU6000ReadData                          0x08005973   Thumb Code   122  mpu6000.o(.text)
    MPU6000GetError                          0x080059ed   Thumb Code    24  mpu6000.o(.text)
    sbusProcess                              0x08005a35   Thumb Code  2034  radio.o(.text)
    ppmProcess                               0x08006227   Thumb Code  1888  radio.o(.text)
    handProcess                              0x08006987   Thumb Code   302  radio.o(.text)
    pcProcess                                0x08006ab5   Thumb Code   636  radio.o(.text)
    joystickProcess                          0x08006d31   Thumb Code   488  radio.o(.text)
    radioProcess                             0x08006f19   Thumb Code   394  radio.o(.text)
    ledConfiguration                         0x080070c1   Thumb Code    42  gpio.o(.text)
    ppmConfiguration                         0x080070eb   Thumb Code   306  gpio.o(.text)
    buttonConfiguration                      0x0800721d   Thumb Code    32  gpio.o(.text)
    ledDisplayNum                            0x0800723d   Thumb Code   112  gpio.o(.text)
    ledBlink                                 0x080072ad   Thumb Code    52  gpio.o(.text)
    ledStatus                                0x080072e1   Thumb Code    80  gpio.o(.text)
    ledAlarm                                 0x08007331   Thumb Code   112  gpio.o(.text)
    getButtonPess                            0x080073a1   Thumb Code   146  gpio.o(.text)
    readROLL                                 0x08007433   Thumb Code    12  gpio.o(.text)
    readPAN                                  0x0800743f   Thumb Code    12  gpio.o(.text)
    readTILT                                 0x0800744b   Thumb Code    12  gpio.o(.text)
    readMODE                                 0x08007457   Thumb Code    12  gpio.o(.text)
    sinFast                                  0x08007495   Thumb Code   550  gmath.o(.text)
    cosFast                                  0x080076bb   Thumb Code   626  gmath.o(.text)
    tanFast                                  0x0800792d   Thumb Code    28  gmath.o(.text)
    ultraFastAtan2                           0x08007949   Thumb Code   220  gmath.o(.text)
    absFast                                  0x08007a25   Thumb Code    24  gmath.o(.text)
    sqrtFast                                 0x08007a3d   Thumb Code    94  gmath.o(.text)
    sqrt9                                    0x08007a9b   Thumb Code   134  gmath.o(.text)
    sinT                                     0x08007b21   Thumb Code   158  gmath.o(.text)
    cosT                                     0x08007bbf   Thumb Code   158  gmath.o(.text)
    tanT                                     0x08007c5d   Thumb Code    28  gmath.o(.text)
    adcConfiguration                         0x08007cb1   Thumb Code   186  adc.o(.text)
    readAdc                                  0x08007d6b   Thumb Code    10  adc.o(.text)
    readAdcMulti                             0x08007d75   Thumb Code    36  adc.o(.text)
    getAllAdc                                0x08007d99   Thumb Code   160  adc.o(.text)
    getAdcBattery                            0x08007e39   Thumb Code    40  adc.o(.text)
    checkedBattery                           0x08007e61   Thumb Code   422  adc.o(.text)
    ubx_checksum                             0x08008071   Thumb Code    24  ublox_gps.o(.text)
    join_4_bytes                             0x08008089   Thumb Code    32  ublox_gps.o(.text)
    parse_ubx_gps                            0x080080a9   Thumb Code   292  ublox_gps.o(.text)
    read_ubx_gps                             0x080081cd   Thumb Code   398  ublox_gps.o(.text)
    gpsCorrection                            0x0800835b   Thumb Code   312  ublox_gps.o(.text)
    ubloxInit                                0x08008493   Thumb Code   148  ublox_gps.o(.text)
    RCC_DeInit                               0x08008539   Thumb Code    64  stm32f10x_rcc.o(.text)
    RCC_HSEConfig                            0x08008579   Thumb Code    70  stm32f10x_rcc.o(.text)
    RCC_GetFlagStatus                        0x080085bf   Thumb Code    56  stm32f10x_rcc.o(.text)
    RCC_WaitForHSEStartUp                    0x080085f7   Thumb Code    56  stm32f10x_rcc.o(.text)
    RCC_AdjustHSICalibrationValue            0x0800862f   Thumb Code    20  stm32f10x_rcc.o(.text)
    RCC_HSICmd                               0x08008643   Thumb Code     6  stm32f10x_rcc.o(.text)
    RCC_PLLConfig                            0x08008649   Thumb Code    24  stm32f10x_rcc.o(.text)
    RCC_PLLCmd                               0x08008661   Thumb Code     6  stm32f10x_rcc.o(.text)
    RCC_SYSCLKConfig                         0x08008667   Thumb Code    18  stm32f10x_rcc.o(.text)
    RCC_GetSYSCLKSource                      0x08008679   Thumb Code    10  stm32f10x_rcc.o(.text)
    RCC_HCLKConfig                           0x08008683   Thumb Code    18  stm32f10x_rcc.o(.text)
    RCC_PCLK1Config                          0x08008695   Thumb Code    18  stm32f10x_rcc.o(.text)
    RCC_PCLK2Config                          0x080086a7   Thumb Code    20  stm32f10x_rcc.o(.text)
    RCC_ITConfig                             0x080086bb   Thumb Code    26  stm32f10x_rcc.o(.text)
    RCC_USBCLKConfig                         0x080086d5   Thumb Code     6  stm32f10x_rcc.o(.text)
    RCC_ADCCLKConfig                         0x080086db   Thumb Code    18  stm32f10x_rcc.o(.text)
    RCC_LSEConfig                            0x080086ed   Thumb Code    44  stm32f10x_rcc.o(.text)
    RCC_LSICmd                               0x08008719   Thumb Code     6  stm32f10x_rcc.o(.text)
    RCC_RTCCLKConfig                         0x0800871f   Thumb Code    12  stm32f10x_rcc.o(.text)
    RCC_RTCCLKCmd                            0x0800872b   Thumb Code     8  stm32f10x_rcc.o(.text)
    RCC_GetClocksFreq                        0x08008733   Thumb Code   192  stm32f10x_rcc.o(.text)
    RCC_AHBPeriphClockCmd                    0x080087f3   Thumb Code    26  stm32f10x_rcc.o(.text)
    RCC_APB2PeriphClockCmd                   0x0800880d   Thumb Code    26  stm32f10x_rcc.o(.text)
    RCC_APB1PeriphClockCmd                   0x08008827   Thumb Code    26  stm32f10x_rcc.o(.text)
    RCC_APB2PeriphResetCmd                   0x08008841   Thumb Code    26  stm32f10x_rcc.o(.text)
    RCC_APB1PeriphResetCmd                   0x0800885b   Thumb Code    26  stm32f10x_rcc.o(.text)
    RCC_BackupResetCmd                       0x08008875   Thumb Code     8  stm32f10x_rcc.o(.text)
    RCC_ClockSecuritySystemCmd               0x0800887d   Thumb Code     6  stm32f10x_rcc.o(.text)
    RCC_MCOConfig                            0x08008883   Thumb Code     6  stm32f10x_rcc.o(.text)
    RCC_ClearFlag                            0x08008889   Thumb Code    14  stm32f10x_rcc.o(.text)
    RCC_GetITStatus                          0x08008897   Thumb Code    20  stm32f10x_rcc.o(.text)
    RCC_ClearITPendingBit                    0x080088ab   Thumb Code     6  stm32f10x_rcc.o(.text)
    USART_DeInit                             0x080088dd   Thumb Code   134  stm32f10x_usart.o(.text)
    USART_Init                               0x08008963   Thumb Code   210  stm32f10x_usart.o(.text)
    USART_StructInit                         0x08008a35   Thumb Code    24  stm32f10x_usart.o(.text)
    USART_ClockInit                          0x08008a4d   Thumb Code    34  stm32f10x_usart.o(.text)
    USART_ClockStructInit                    0x08008a6f   Thumb Code    12  stm32f10x_usart.o(.text)
    USART_Cmd                                0x08008a7b   Thumb Code    24  stm32f10x_usart.o(.text)
    USART_ITConfig                           0x08008a93   Thumb Code    74  stm32f10x_usart.o(.text)
    USART_DMACmd                             0x08008add   Thumb Code    18  stm32f10x_usart.o(.text)
    USART_SetAddress                         0x08008aef   Thumb Code    18  stm32f10x_usart.o(.text)
    USART_WakeUpConfig                       0x08008b01   Thumb Code    18  stm32f10x_usart.o(.text)
    USART_ReceiverWakeUpCmd                  0x08008b13   Thumb Code    24  stm32f10x_usart.o(.text)
    USART_LINBreakDetectLengthConfig         0x08008b2b   Thumb Code    18  stm32f10x_usart.o(.text)
    USART_LINCmd                             0x08008b3d   Thumb Code    24  stm32f10x_usart.o(.text)
    USART_SendData                           0x08008b55   Thumb Code     8  stm32f10x_usart.o(.text)
    USART_ReceiveData                        0x08008b5d   Thumb Code    10  stm32f10x_usart.o(.text)
    USART_SendBreak                          0x08008b67   Thumb Code    10  stm32f10x_usart.o(.text)
    USART_SetGuardTime                       0x08008b71   Thumb Code    16  stm32f10x_usart.o(.text)
    USART_SetPrescaler                       0x08008b81   Thumb Code    16  stm32f10x_usart.o(.text)
    USART_SmartCardCmd                       0x08008b91   Thumb Code    24  stm32f10x_usart.o(.text)
    USART_SmartCardNACKCmd                   0x08008ba9   Thumb Code    24  stm32f10x_usart.o(.text)
    USART_HalfDuplexCmd                      0x08008bc1   Thumb Code    24  stm32f10x_usart.o(.text)
    USART_OverSampling8Cmd                   0x08008bd9   Thumb Code    22  stm32f10x_usart.o(.text)
    USART_OneBitMethodCmd                    0x08008bef   Thumb Code    24  stm32f10x_usart.o(.text)
    USART_IrDAConfig                         0x08008c07   Thumb Code    18  stm32f10x_usart.o(.text)
    USART_IrDACmd                            0x08008c19   Thumb Code    24  stm32f10x_usart.o(.text)
    USART_GetFlagStatus                      0x08008c31   Thumb Code    26  stm32f10x_usart.o(.text)
    USART_ClearFlag                          0x08008c4b   Thumb Code    18  stm32f10x_usart.o(.text)
    USART_GetITStatus                        0x08008c5d   Thumb Code    84  stm32f10x_usart.o(.text)
    USART_ClearITPendingBit                  0x08008cb1   Thumb Code    52  stm32f10x_usart.o(.text)
    GPIO_DeInit                              0x08008ce5   Thumb Code   172  stm32f10x_gpio.o(.text)
    GPIO_AFIODeInit                          0x08008d91   Thumb Code    20  stm32f10x_gpio.o(.text)
    GPIO_Init                                0x08008da5   Thumb Code   274  stm32f10x_gpio.o(.text)
    GPIO_StructInit                          0x08008eb7   Thumb Code    16  stm32f10x_gpio.o(.text)
    GPIO_ReadInputDataBit                    0x08008ec7   Thumb Code    18  stm32f10x_gpio.o(.text)
    GPIO_ReadInputData                       0x08008ed9   Thumb Code     8  stm32f10x_gpio.o(.text)
    GPIO_ReadOutputDataBit                   0x08008ee1   Thumb Code    18  stm32f10x_gpio.o(.text)
    GPIO_ReadOutputData                      0x08008ef3   Thumb Code     8  stm32f10x_gpio.o(.text)
    GPIO_SetBits                             0x08008efb   Thumb Code     4  stm32f10x_gpio.o(.text)
    GPIO_ResetBits                           0x08008eff   Thumb Code     4  stm32f10x_gpio.o(.text)
    GPIO_WriteBit                            0x08008f03   Thumb Code    10  stm32f10x_gpio.o(.text)
    GPIO_Write                               0x08008f0d   Thumb Code     4  stm32f10x_gpio.o(.text)
    GPIO_PinLockConfig                       0x08008f11   Thumb Code    18  stm32f10x_gpio.o(.text)
    GPIO_EventOutputConfig                   0x08008f23   Thumb Code    26  stm32f10x_gpio.o(.text)
    GPIO_EventOutputCmd                      0x08008f3d   Thumb Code     6  stm32f10x_gpio.o(.text)
    GPIO_PinRemapConfig                      0x08008f43   Thumb Code   138  stm32f10x_gpio.o(.text)
    GPIO_EXTILineConfig                      0x08008fcd   Thumb Code    66  stm32f10x_gpio.o(.text)
    GPIO_ETH_MediaInterfaceConfig            0x0800900f   Thumb Code     6  stm32f10x_gpio.o(.text)
    NVIC_PriorityGroupConfig                 0x0800903d   Thumb Code    10  misc.o(.text)
    NVIC_Init                                0x08009047   Thumb Code   102  misc.o(.text)
    NVIC_SetVectorTable                      0x080090ad   Thumb Code    14  misc.o(.text)
    NVIC_SystemLPConfig                      0x080090bb   Thumb Code    34  misc.o(.text)
    SysTick_CLKSourceConfig                  0x080090dd   Thumb Code    40  misc.o(.text)
    TIM_DeInit                               0x08009119   Thumb Code   424  stm32f10x_tim.o(.text)
    TIM_TimeBaseInit                         0x080092c1   Thumb Code   122  stm32f10x_tim.o(.text)
    TIM_OC1Init                              0x0800933b   Thumb Code   132  stm32f10x_tim.o(.text)
    TIM_OC2Init                              0x080093bf   Thumb Code   154  stm32f10x_tim.o(.text)
    TIM_OC3Init                              0x08009459   Thumb Code   150  stm32f10x_tim.o(.text)
    TIM_OC4Init                              0x080094ef   Thumb Code   182  stm32f10x_tim.o(.text)
    TIM_SetIC4Prescaler                      0x080095a5   Thumb Code    26  stm32f10x_tim.o(.text)
    TIM_SetIC3Prescaler                      0x08009641   Thumb Code    18  stm32f10x_tim.o(.text)
    TIM_SetIC2Prescaler                      0x080096cd   Thumb Code    26  stm32f10x_tim.o(.text)
    TIM_SetIC1Prescaler                      0x08009769   Thumb Code    18  stm32f10x_tim.o(.text)
    TIM_ICInit                               0x080097e7   Thumb Code   150  stm32f10x_tim.o(.text)
    TIM_PWMIConfig                           0x0800987d   Thumb Code   124  stm32f10x_tim.o(.text)
    TIM_BDTRConfig                           0x080098f9   Thumb Code    32  stm32f10x_tim.o(.text)
    TIM_TimeBaseStructInit                   0x08009919   Thumb Code    18  stm32f10x_tim.o(.text)
    TIM_OCStructInit                         0x0800992b   Thumb Code    20  stm32f10x_tim.o(.text)
    TIM_ICStructInit                         0x0800993f   Thumb Code    18  stm32f10x_tim.o(.text)
    TIM_BDTRStructInit                       0x08009951   Thumb Code    40  stm32f10x_tim.o(.text)
    TIM_Cmd                                  0x08009979   Thumb Code    24  stm32f10x_tim.o(.text)
    TIM_CtrlPWMOutputs                       0x08009991   Thumb Code    30  stm32f10x_tim.o(.text)
    TIM_ITConfig                             0x080099af   Thumb Code    18  stm32f10x_tim.o(.text)
    TIM_GenerateEvent                        0x080099c1   Thumb Code     4  stm32f10x_tim.o(.text)
    TIM_DMAConfig                            0x080099c5   Thumb Code    10  stm32f10x_tim.o(.text)
    TIM_DMACmd                               0x080099cf   Thumb Code    18  stm32f10x_tim.o(.text)
    TIM_InternalClockConfig                  0x080099e1   Thumb Code    12  stm32f10x_tim.o(.text)
    TIM_SelectInputTrigger                   0x080099ed   Thumb Code    18  stm32f10x_tim.o(.text)
    TIM_ITRxExternalClockConfig              0x080099ff   Thumb Code    24  stm32f10x_tim.o(.text)
    TIM_TIxExternalClockConfig               0x08009a17   Thumb Code    62  stm32f10x_tim.o(.text)
    TIM_ETRConfig                            0x08009a55   Thumb Code    28  stm32f10x_tim.o(.text)
    TIM_ETRClockMode1Config                  0x08009a71   Thumb Code    54  stm32f10x_tim.o(.text)
    TIM_ETRClockMode2Config                  0x08009aa7   Thumb Code    32  stm32f10x_tim.o(.text)
    TIM_PrescalerConfig                      0x08009ac7   Thumb Code     6  stm32f10x_tim.o(.text)
    TIM_CounterModeConfig                    0x08009acd   Thumb Code    18  stm32f10x_tim.o(.text)
    TIM_EncoderInterfaceConfig               0x08009adf   Thumb Code    66  stm32f10x_tim.o(.text)
    TIM_ForcedOC1Config                      0x08009b21   Thumb Code    18  stm32f10x_tim.o(.text)
    TIM_ForcedOC2Config                      0x08009b33   Thumb Code    26  stm32f10x_tim.o(.text)
    TIM_ForcedOC3Config                      0x08009b4d   Thumb Code    18  stm32f10x_tim.o(.text)
    TIM_ForcedOC4Config                      0x08009b5f   Thumb Code    26  stm32f10x_tim.o(.text)
    TIM_ARRPreloadConfig                     0x08009b79   Thumb Code    24  stm32f10x_tim.o(.text)
    TIM_SelectCOM                            0x08009b91   Thumb Code    24  stm32f10x_tim.o(.text)
    TIM_SelectCCDMA                          0x08009ba9   Thumb Code    24  stm32f10x_tim.o(.text)
    TIM_CCPreloadControl                     0x08009bc1   Thumb Code    24  stm32f10x_tim.o(.text)
    TIM_OC1PreloadConfig                     0x08009bd9   Thumb Code    18  stm32f10x_tim.o(.text)
    TIM_OC2PreloadConfig                     0x08009beb   Thumb Code    26  stm32f10x_tim.o(.text)
    TIM_OC3PreloadConfig                     0x08009c05   Thumb Code    18  stm32f10x_tim.o(.text)
    TIM_OC4PreloadConfig                     0x08009c17   Thumb Code    26  stm32f10x_tim.o(.text)
    TIM_OC1FastConfig                        0x08009c31   Thumb Code    18  stm32f10x_tim.o(.text)
    TIM_OC2FastConfig                        0x08009c43   Thumb Code    26  stm32f10x_tim.o(.text)
    TIM_OC3FastConfig                        0x08009c5d   Thumb Code    18  stm32f10x_tim.o(.text)
    TIM_OC4FastConfig                        0x08009c6f   Thumb Code    26  stm32f10x_tim.o(.text)
    TIM_ClearOC1Ref                          0x08009c89   Thumb Code    18  stm32f10x_tim.o(.text)
    TIM_ClearOC2Ref                          0x08009c9b   Thumb Code    24  stm32f10x_tim.o(.text)
    TIM_ClearOC3Ref                          0x08009cb3   Thumb Code    18  stm32f10x_tim.o(.text)
    TIM_ClearOC4Ref                          0x08009cc5   Thumb Code    24  stm32f10x_tim.o(.text)
    TIM_OC1PolarityConfig                    0x08009cdd   Thumb Code    18  stm32f10x_tim.o(.text)
    TIM_OC1NPolarityConfig                   0x08009cef   Thumb Code    18  stm32f10x_tim.o(.text)
    TIM_OC2PolarityConfig                    0x08009d01   Thumb Code    26  stm32f10x_tim.o(.text)
    TIM_OC2NPolarityConfig                   0x08009d1b   Thumb Code    26  stm32f10x_tim.o(.text)
    TIM_OC3PolarityConfig                    0x08009d35   Thumb Code    26  stm32f10x_tim.o(.text)
    TIM_OC3NPolarityConfig                   0x08009d4f   Thumb Code    26  stm32f10x_tim.o(.text)
    TIM_OC4PolarityConfig                    0x08009d69   Thumb Code    26  stm32f10x_tim.o(.text)
    TIM_CCxCmd                               0x08009d83   Thumb Code    30  stm32f10x_tim.o(.text)
    TIM_CCxNCmd                              0x08009da1   Thumb Code    30  stm32f10x_tim.o(.text)
    TIM_SelectOCxM                           0x08009dbf   Thumb Code    82  stm32f10x_tim.o(.text)
    TIM_UpdateDisableConfig                  0x08009e11   Thumb Code    24  stm32f10x_tim.o(.text)
    TIM_UpdateRequestConfig                  0x08009e29   Thumb Code    24  stm32f10x_tim.o(.text)
    TIM_SelectHallSensor                     0x08009e41   Thumb Code    24  stm32f10x_tim.o(.text)
    TIM_SelectOnePulseMode                   0x08009e59   Thumb Code    18  stm32f10x_tim.o(.text)
    TIM_SelectOutputTrigger                  0x08009e6b   Thumb Code    18  stm32f10x_tim.o(.text)
    TIM_SelectSlaveMode                      0x08009e7d   Thumb Code    18  stm32f10x_tim.o(.text)
    TIM_SelectMasterSlaveMode                0x08009e8f   Thumb Code    18  stm32f10x_tim.o(.text)
    TIM_SetCounter                           0x08009ea1   Thumb Code     4  stm32f10x_tim.o(.text)
    TIM_SetAutoreload                        0x08009ea5   Thumb Code     4  stm32f10x_tim.o(.text)
    TIM_SetCompare1                          0x08009ea9   Thumb Code     4  stm32f10x_tim.o(.text)
    TIM_SetCompare2                          0x08009ead   Thumb Code     4  stm32f10x_tim.o(.text)
    TIM_SetCompare3                          0x08009eb1   Thumb Code     4  stm32f10x_tim.o(.text)
    TIM_SetCompare4                          0x08009eb5   Thumb Code     6  stm32f10x_tim.o(.text)
    TIM_SetClockDivision                     0x08009ebb   Thumb Code    18  stm32f10x_tim.o(.text)
    TIM_GetCapture1                          0x08009ecd   Thumb Code     6  stm32f10x_tim.o(.text)
    TIM_GetCapture2                          0x08009ed3   Thumb Code     6  stm32f10x_tim.o(.text)
    TIM_GetCapture3                          0x08009ed9   Thumb Code     6  stm32f10x_tim.o(.text)
    TIM_GetCapture4                          0x08009edf   Thumb Code     8  stm32f10x_tim.o(.text)
    TIM_GetCounter                           0x08009ee7   Thumb Code     6  stm32f10x_tim.o(.text)
    TIM_GetPrescaler                         0x08009eed   Thumb Code     6  stm32f10x_tim.o(.text)
    TIM_GetFlagStatus                        0x08009ef3   Thumb Code    18  stm32f10x_tim.o(.text)
    TIM_ClearFlag                            0x08009f05   Thumb Code     6  stm32f10x_tim.o(.text)
    TIM_GetITStatus                          0x08009f0b   Thumb Code    34  stm32f10x_tim.o(.text)
    TIM_ClearITPendingBit                    0x08009f2d   Thumb Code     6  stm32f10x_tim.o(.text)
    FLASH_SetLatency                         0x08009f35   Thumb Code    18  stm32f10x_flash.o(.text)
    FLASH_HalfCycleAccessCmd                 0x08009f47   Thumb Code    22  stm32f10x_flash.o(.text)
    FLASH_PrefetchBufferCmd                  0x08009f5d   Thumb Code    22  stm32f10x_flash.o(.text)
    FLASH_Unlock                             0x08009f73   Thumb Code    12  stm32f10x_flash.o(.text)
    FLASH_UnlockBank1                        0x08009f7f   Thumb Code    12  stm32f10x_flash.o(.text)
    FLASH_Lock                               0x08009f8b   Thumb Code    14  stm32f10x_flash.o(.text)
    FLASH_LockBank1                          0x08009f99   Thumb Code    14  stm32f10x_flash.o(.text)
    FLASH_GetBank1Status                     0x08009fa7   Thumb Code    48  stm32f10x_flash.o(.text)
    FLASH_WaitForLastOperation               0x08009fd7   Thumb Code    38  stm32f10x_flash.o(.text)
    FLASH_ErasePage                          0x08009ffd   Thumb Code    72  stm32f10x_flash.o(.text)
    FLASH_EraseAllPages                      0x0800a045   Thumb Code    68  stm32f10x_flash.o(.text)
    FLASH_WaitForLastBank1Operation          0x0800a089   Thumb Code    38  stm32f10x_flash.o(.text)
    FLASH_EraseAllBank1Pages                 0x0800a0af   Thumb Code    68  stm32f10x_flash.o(.text)
    FLASH_GetReadOutProtectionStatus         0x0800a0f3   Thumb Code    20  stm32f10x_flash.o(.text)
    FLASH_EraseOptionBytes                   0x0800a107   Thumb Code   150  stm32f10x_flash.o(.text)
    FLASH_ProgramWord                        0x0800a19d   Thumb Code   102  stm32f10x_flash.o(.text)
    FLASH_ProgramHalfWord                    0x0800a203   Thumb Code    60  stm32f10x_flash.o(.text)
    FLASH_ProgramOptionByteData              0x0800a23f   Thumb Code    72  stm32f10x_flash.o(.text)
    FLASH_EnableWriteProtection              0x0800a287   Thumb Code   200  stm32f10x_flash.o(.text)
    FLASH_ReadOutProtection                  0x0800a34f   Thumb Code   156  stm32f10x_flash.o(.text)
    FLASH_UserOptionByteConfig               0x0800a3eb   Thumb Code    88  stm32f10x_flash.o(.text)
    FLASH_GetUserOptionByte                  0x0800a443   Thumb Code     8  stm32f10x_flash.o(.text)
    FLASH_GetWriteProtectionOptionByte       0x0800a44b   Thumb Code     6  stm32f10x_flash.o(.text)
    FLASH_GetPrefetchBufferStatus            0x0800a451   Thumb Code    20  stm32f10x_flash.o(.text)
    FLASH_ITConfig                           0x0800a465   Thumb Code    26  stm32f10x_flash.o(.text)
    FLASH_GetFlagStatus                      0x0800a47f   Thumb Code    42  stm32f10x_flash.o(.text)
    FLASH_ClearFlag                          0x0800a4a9   Thumb Code     6  stm32f10x_flash.o(.text)
    FLASH_GetStatus                          0x0800a4af   Thumb Code    48  stm32f10x_flash.o(.text)
    DMA_DeInit                               0x0800a4f1   Thumb Code   324  stm32f10x_dma.o(.text)
    DMA_Init                                 0x0800a635   Thumb Code    60  stm32f10x_dma.o(.text)
    DMA_StructInit                           0x0800a671   Thumb Code    26  stm32f10x_dma.o(.text)
    DMA_Cmd                                  0x0800a68b   Thumb Code    24  stm32f10x_dma.o(.text)
    DMA_ITConfig                             0x0800a6a3   Thumb Code    18  stm32f10x_dma.o(.text)
    DMA_SetCurrDataCounter                   0x0800a6b5   Thumb Code     4  stm32f10x_dma.o(.text)
    DMA_GetCurrDataCounter                   0x0800a6b9   Thumb Code     8  stm32f10x_dma.o(.text)
    DMA_GetFlagStatus                        0x0800a6c1   Thumb Code    38  stm32f10x_dma.o(.text)
    DMA_ClearFlag                            0x0800a6e7   Thumb Code    22  stm32f10x_dma.o(.text)
    DMA_GetITStatus                          0x0800a6fd   Thumb Code    38  stm32f10x_dma.o(.text)
    DMA_ClearITPendingBit                    0x0800a723   Thumb Code    22  stm32f10x_dma.o(.text)
    EXTI_DeInit                              0x0800a741   Thumb Code    28  stm32f10x_exti.o(.text)
    EXTI_Init                                0x0800a75d   Thumb Code   142  stm32f10x_exti.o(.text)
    EXTI_StructInit                          0x0800a7eb   Thumb Code    16  stm32f10x_exti.o(.text)
    EXTI_GenerateSWInterrupt                 0x0800a7fb   Thumb Code    16  stm32f10x_exti.o(.text)
    EXTI_GetFlagStatus                       0x0800a80b   Thumb Code    22  stm32f10x_exti.o(.text)
    EXTI_ClearFlag                           0x0800a821   Thumb Code     8  stm32f10x_exti.o(.text)
    EXTI_GetITStatus                         0x0800a829   Thumb Code    34  stm32f10x_exti.o(.text)
    EXTI_ClearITPendingBit                   0x0800a84b   Thumb Code     8  stm32f10x_exti.o(.text)
    SPI_I2S_DeInit                           0x0800a85d   Thumb Code    76  stm32f10x_spi.o(.text)
    SPI_Init                                 0x0800a8a9   Thumb Code    60  stm32f10x_spi.o(.text)
    I2S_Init                                 0x0800a8e5   Thumb Code   226  stm32f10x_spi.o(.text)
    SPI_StructInit                           0x0800a9c7   Thumb Code    24  stm32f10x_spi.o(.text)
    I2S_StructInit                           0x0800a9df   Thumb Code    20  stm32f10x_spi.o(.text)
    SPI_Cmd                                  0x0800a9f3   Thumb Code    24  stm32f10x_spi.o(.text)
    I2S_Cmd                                  0x0800aa0b   Thumb Code    24  stm32f10x_spi.o(.text)
    SPI_I2S_ITConfig                         0x0800aa23   Thumb Code    32  stm32f10x_spi.o(.text)
    SPI_I2S_DMACmd                           0x0800aa43   Thumb Code    18  stm32f10x_spi.o(.text)
    SPI_I2S_SendData                         0x0800aa55   Thumb Code     4  stm32f10x_spi.o(.text)
    SPI_I2S_ReceiveData                      0x0800aa59   Thumb Code     6  stm32f10x_spi.o(.text)
    SPI_NSSInternalSoftwareConfig            0x0800aa5f   Thumb Code    30  stm32f10x_spi.o(.text)
    SPI_SSOutputCmd                          0x0800aa7d   Thumb Code    24  stm32f10x_spi.o(.text)
    SPI_DataSizeConfig                       0x0800aa95   Thumb Code    18  stm32f10x_spi.o(.text)
    SPI_TransmitCRC                          0x0800aaa7   Thumb Code    10  stm32f10x_spi.o(.text)
    SPI_CalculateCRC                         0x0800aab1   Thumb Code    24  stm32f10x_spi.o(.text)
    SPI_GetCRC                               0x0800aac9   Thumb Code    16  stm32f10x_spi.o(.text)
    SPI_GetCRCPolynomial                     0x0800aad9   Thumb Code     6  stm32f10x_spi.o(.text)
    SPI_BiDirectionalLineConfig              0x0800aadf   Thumb Code    28  stm32f10x_spi.o(.text)
    SPI_I2S_GetFlagStatus                    0x0800aafb   Thumb Code    18  stm32f10x_spi.o(.text)
    SPI_I2S_ClearFlag                        0x0800ab0d   Thumb Code     6  stm32f10x_spi.o(.text)
    SPI_I2S_GetITStatus                      0x0800ab13   Thumb Code    52  stm32f10x_spi.o(.text)
    SPI_I2S_ClearITPendingBit                0x0800ab47   Thumb Code    20  stm32f10x_spi.o(.text)
    ADC_DeInit                               0x0800ab69   Thumb Code    78  stm32f10x_adc.o(.text)
    ADC_Init                                 0x0800abb7   Thumb Code    70  stm32f10x_adc.o(.text)
    ADC_StructInit                           0x0800abfd   Thumb Code    18  stm32f10x_adc.o(.text)
    ADC_Cmd                                  0x0800ac0f   Thumb Code    22  stm32f10x_adc.o(.text)
    ADC_DMACmd                               0x0800ac25   Thumb Code    22  stm32f10x_adc.o(.text)
    ADC_ITConfig                             0x0800ac3b   Thumb Code    24  stm32f10x_adc.o(.text)
    ADC_ResetCalibration                     0x0800ac53   Thumb Code    10  stm32f10x_adc.o(.text)
    ADC_GetResetCalibrationStatus            0x0800ac5d   Thumb Code    20  stm32f10x_adc.o(.text)
    ADC_StartCalibration                     0x0800ac71   Thumb Code    10  stm32f10x_adc.o(.text)
    ADC_GetCalibrationStatus                 0x0800ac7b   Thumb Code    20  stm32f10x_adc.o(.text)
    ADC_SoftwareStartConvCmd                 0x0800ac8f   Thumb Code    22  stm32f10x_adc.o(.text)
    ADC_GetSoftwareStartConvStatus           0x0800aca5   Thumb Code    20  stm32f10x_adc.o(.text)
    ADC_DiscModeChannelCountConfig           0x0800acb9   Thumb Code    24  stm32f10x_adc.o(.text)
    ADC_DiscModeCmd                          0x0800acd1   Thumb Code    22  stm32f10x_adc.o(.text)
    ADC_RegularChannelConfig                 0x0800ace7   Thumb Code   184  stm32f10x_adc.o(.text)
    ADC_ExternalTrigConvCmd                  0x0800ad9f   Thumb Code    22  stm32f10x_adc.o(.text)
    ADC_GetConversionValue                   0x0800adb5   Thumb Code     8  stm32f10x_adc.o(.text)
    ADC_GetDualModeConversionValue           0x0800adbd   Thumb Code     8  stm32f10x_adc.o(.text)
    ADC_AutoInjectedConvCmd                  0x0800adc5   Thumb Code    22  stm32f10x_adc.o(.text)
    ADC_InjectedDiscModeCmd                  0x0800addb   Thumb Code    22  stm32f10x_adc.o(.text)
    ADC_ExternalTrigInjectedConvConfig       0x0800adf1   Thumb Code    16  stm32f10x_adc.o(.text)
    ADC_ExternalTrigInjectedConvCmd          0x0800ae01   Thumb Code    22  stm32f10x_adc.o(.text)
    ADC_SoftwareStartInjectedConvCmd         0x0800ae17   Thumb Code    22  stm32f10x_adc.o(.text)
    ADC_GetSoftwareStartInjectedConvCmdStatus 0x0800ae2d   Thumb Code    20  stm32f10x_adc.o(.text)
    ADC_InjectedChannelConfig                0x0800ae41   Thumb Code   130  stm32f10x_adc.o(.text)
    ADC_InjectedSequencerLengthConfig        0x0800aec3   Thumb Code    24  stm32f10x_adc.o(.text)
    ADC_SetInjectedOffset                    0x0800aedb   Thumb Code    20  stm32f10x_adc.o(.text)
    ADC_GetInjectedConversionValue           0x0800aeef   Thumb Code    28  stm32f10x_adc.o(.text)
    ADC_AnalogWatchdogCmd                    0x0800af0b   Thumb Code    16  stm32f10x_adc.o(.text)
    ADC_AnalogWatchdogThresholdsConfig       0x0800af1b   Thumb Code     6  stm32f10x_adc.o(.text)
    ADC_AnalogWatchdogSingleChannelConfig    0x0800af21   Thumb Code    16  stm32f10x_adc.o(.text)
    ADC_TempSensorVrefintCmd                 0x0800af31   Thumb Code    64  stm32f10x_adc.o(.text)
    ADC_GetFlagStatus                        0x0800af71   Thumb Code    18  stm32f10x_adc.o(.text)
    ADC_ClearFlag                            0x0800af83   Thumb Code     6  stm32f10x_adc.o(.text)
    ADC_GetITStatus                          0x0800af89   Thumb Code    36  stm32f10x_adc.o(.text)
    ADC_ClearITPendingBit                    0x0800afad   Thumb Code    10  stm32f10x_adc.o(.text)
    Reset_Handler                            0x0800afb9   Thumb Code     8  startup_stm32f10x_md.o(.text)
    NMI_Handler                              0x0800afc1   Thumb Code     2  startup_stm32f10x_md.o(.text)
    HardFault_Handler                        0x0800afc3   Thumb Code     2  startup_stm32f10x_md.o(.text)
    MemManage_Handler                        0x0800afc5   Thumb Code     2  startup_stm32f10x_md.o(.text)
    BusFault_Handler                         0x0800afc7   Thumb Code     2  startup_stm32f10x_md.o(.text)
    UsageFault_Handler                       0x0800afc9   Thumb Code     2  startup_stm32f10x_md.o(.text)
    SVC_Handler                              0x0800afcb   Thumb Code     2  startup_stm32f10x_md.o(.text)
    DebugMon_Handler                         0x0800afcd   Thumb Code     2  startup_stm32f10x_md.o(.text)
    PendSV_Handler                           0x0800afcf   Thumb Code     2  startup_stm32f10x_md.o(.text)
    SysTick_Handler                          0x0800afd1   Thumb Code     2  startup_stm32f10x_md.o(.text)
    ADC1_2_IRQHandler                        0x0800afd3   Thumb Code     0  startup_stm32f10x_md.o(.text)
    CAN1_RX1_IRQHandler                      0x0800afd3   Thumb Code     0  startup_stm32f10x_md.o(.text)
    CAN1_SCE_IRQHandler                      0x0800afd3   Thumb Code     0  startup_stm32f10x_md.o(.text)
    DMA1_Channel1_IRQHandler                 0x0800afd3   Thumb Code     0  startup_stm32f10x_md.o(.text)
    DMA1_Channel2_IRQHandler                 0x0800afd3   Thumb Code     0  startup_stm32f10x_md.o(.text)
    DMA1_Channel3_IRQHandler                 0x0800afd3   Thumb Code     0  startup_stm32f10x_md.o(.text)
    DMA1_Channel6_IRQHandler                 0x0800afd3   Thumb Code     0  startup_stm32f10x_md.o(.text)
    DMA1_Channel7_IRQHandler                 0x0800afd3   Thumb Code     0  startup_stm32f10x_md.o(.text)
    EXTI0_IRQHandler                         0x0800afd3   Thumb Code     0  startup_stm32f10x_md.o(.text)
    EXTI1_IRQHandler                         0x0800afd3   Thumb Code     0  startup_stm32f10x_md.o(.text)
    EXTI2_IRQHandler                         0x0800afd3   Thumb Code     0  startup_stm32f10x_md.o(.text)
    EXTI3_IRQHandler                         0x0800afd3   Thumb Code     0  startup_stm32f10x_md.o(.text)
    FLASH_IRQHandler                         0x0800afd3   Thumb Code     0  startup_stm32f10x_md.o(.text)
    I2C1_ER_IRQHandler                       0x0800afd3   Thumb Code     0  startup_stm32f10x_md.o(.text)
    I2C1_EV_IRQHandler                       0x0800afd3   Thumb Code     0  startup_stm32f10x_md.o(.text)
    I2C2_ER_IRQHandler                       0x0800afd3   Thumb Code     0  startup_stm32f10x_md.o(.text)
    I2C2_EV_IRQHandler                       0x0800afd3   Thumb Code     0  startup_stm32f10x_md.o(.text)
    PVD_IRQHandler                           0x0800afd3   Thumb Code     0  startup_stm32f10x_md.o(.text)
    RCC_IRQHandler                           0x0800afd3   Thumb Code     0  startup_stm32f10x_md.o(.text)
    RTCAlarm_IRQHandler                      0x0800afd3   Thumb Code     0  startup_stm32f10x_md.o(.text)
    RTC_IRQHandler                           0x0800afd3   Thumb Code     0  startup_stm32f10x_md.o(.text)
    SPI1_IRQHandler                          0x0800afd3   Thumb Code     0  startup_stm32f10x_md.o(.text)
    SPI2_IRQHandler                          0x0800afd3   Thumb Code     0  startup_stm32f10x_md.o(.text)
    TAMPER_IRQHandler                        0x0800afd3   Thumb Code     0  startup_stm32f10x_md.o(.text)
    TIM1_BRK_IRQHandler                      0x0800afd3   Thumb Code     0  startup_stm32f10x_md.o(.text)
    TIM1_CC_IRQHandler                       0x0800afd3   Thumb Code     0  startup_stm32f10x_md.o(.text)
    TIM1_TRG_COM_IRQHandler                  0x0800afd3   Thumb Code     0  startup_stm32f10x_md.o(.text)
    TIM1_UP_IRQHandler                       0x0800afd3   Thumb Code     0  startup_stm32f10x_md.o(.text)
    TIM3_IRQHandler                          0x0800afd3   Thumb Code     0  startup_stm32f10x_md.o(.text)
    TIM4_IRQHandler                          0x0800afd3   Thumb Code     0  startup_stm32f10x_md.o(.text)
    USART1_IRQHandler                        0x0800afd3   Thumb Code     0  startup_stm32f10x_md.o(.text)
    USART2_IRQHandler                        0x0800afd3   Thumb Code     0  startup_stm32f10x_md.o(.text)
    USBWakeUp_IRQHandler                     0x0800afd3   Thumb Code     0  startup_stm32f10x_md.o(.text)
    USB_HP_CAN1_TX_IRQHandler                0x0800afd3   Thumb Code     0  startup_stm32f10x_md.o(.text)
    USB_LP_CAN1_RX0_IRQHandler               0x0800afd3   Thumb Code     0  startup_stm32f10x_md.o(.text)
    WWDG_IRQHandler                          0x0800afd3   Thumb Code     0  startup_stm32f10x_md.o(.text)
    __aeabi_memcpy                           0x0800afdd   Thumb Code    36  memcpya.o(.text)
    __aeabi_memcpy4                          0x0800afdd   Thumb Code     0  memcpya.o(.text)
    __aeabi_memcpy8                          0x0800afdd   Thumb Code     0  memcpya.o(.text)
    __aeabi_memset                           0x0800b001   Thumb Code    14  memseta.o(.text)
    __aeabi_memset4                          0x0800b001   Thumb Code     0  memseta.o(.text)
    __aeabi_memset8                          0x0800b001   Thumb Code     0  memseta.o(.text)
    __aeabi_memclr                           0x0800b00f   Thumb Code     4  memseta.o(.text)
    __aeabi_memclr4                          0x0800b00f   Thumb Code     0  memseta.o(.text)
    __aeabi_memclr8                          0x0800b00f   Thumb Code     0  memseta.o(.text)
    _memset$wrapper                          0x0800b013   Thumb Code    18  memseta.o(.text)
    strcmp                                   0x0800b025   Thumb Code    28  strcmp.o(.text)
    __aeabi_fadd                             0x0800b041   Thumb Code   164  fadd.o(.text)
    __aeabi_fsub                             0x0800b0e5   Thumb Code     6  fadd.o(.text)
    __aeabi_frsub                            0x0800b0eb   Thumb Code     6  fadd.o(.text)
    __aeabi_fmul                             0x0800b0f1   Thumb Code   108  fmul.o(.text)
    __aeabi_fdiv                             0x0800b15d   Thumb Code   128  fdiv.o(.text)
    __aeabi_dadd                             0x0800b1dd   Thumb Code   322  dadd.o(.text)
    __aeabi_dsub                             0x0800b31f   Thumb Code     6  dadd.o(.text)
    __aeabi_drsub                            0x0800b325   Thumb Code     6  dadd.o(.text)
    __aeabi_dmul                             0x0800b32b   Thumb Code   228  dmul.o(.text)
    __aeabi_ddiv                             0x0800b40f   Thumb Code   222  ddiv.o(.text)
    __aeabi_i2f                              0x0800b4ed   Thumb Code    18  fflti.o(.text)
    __aeabi_ui2f                             0x0800b4ff   Thumb Code    10  ffltui.o(.text)
    __aeabi_i2d                              0x0800b509   Thumb Code    34  dflti.o(.text)
    __aeabi_ui2d                             0x0800b52b   Thumb Code    26  dfltui.o(.text)
    __aeabi_f2iz                             0x0800b545   Thumb Code    50  ffixi.o(.text)
    __aeabi_f2uiz                            0x0800b577   Thumb Code    40  ffixui.o(.text)
    __aeabi_f2d                              0x0800b59f   Thumb Code    38  f2d.o(.text)
    __aeabi_cdcmpeq                          0x0800b5c5   Thumb Code     0  cdcmple.o(.text)
    __aeabi_cdcmple                          0x0800b5c5   Thumb Code    38  cdcmple.o(.text)
    __aeabi_cdrcmple                         0x0800b5ed   Thumb Code    38  cdrcmple.o(.text)
    __aeabi_d2f                              0x0800b615   Thumb Code    56  d2f.o(.text)
    __aeabi_cfcmpeq                          0x0800b64d   Thumb Code     0  cfcmple.o(.text)
    __aeabi_cfcmple                          0x0800b64d   Thumb Code    20  cfcmple.o(.text)
    __aeabi_cfrcmple                         0x0800b661   Thumb Code    20  cfrcmple.o(.text)
    __aeabi_llsl                             0x0800b675   Thumb Code    30  llshl.o(.text)
    _ll_shift_l                              0x0800b675   Thumb Code     0  llshl.o(.text)
    __aeabi_lasr                             0x0800b693   Thumb Code    36  llsshr.o(.text)
    _ll_sshift_r                             0x0800b693   Thumb Code     0  llsshr.o(.text)
    __I$use$fp                               0x0800b6b7   Thumb Code     0  iusefp.o(.text)
    _float_round                             0x0800b6b7   Thumb Code    18  fepilogue.o(.text)
    _float_epilogue                          0x0800b6c9   Thumb Code    90  fepilogue.o(.text)
    _double_round                            0x0800b723   Thumb Code    26  depilogue.o(.text)
    _double_epilogue                         0x0800b73d   Thumb Code   164  depilogue.o(.text)
    __ARM_scalbn                             0x0800b7e1   Thumb Code    46  dscalb.o(.text)
    scalbn                                   0x0800b7e1   Thumb Code     0  dscalb.o(.text)
    _dsqrt                                   0x0800b80f   Thumb Code   162  dsqrt.o(.text)
    __scatterload                            0x0800b8b1   Thumb Code    28  init.o(.text)
    __scatterload_rt2                        0x0800b8b1   Thumb Code     0  init.o(.text)
    __aeabi_llsr                             0x0800b8d5   Thumb Code    32  llushr.o(.text)
    _ll_ushift_r                             0x0800b8d5   Thumb Code     0  llushr.o(.text)
    __aeabi_d2iz                             0x0800b8f5   Thumb Code    62  dfixi.o(.text)
    __ARM_fpclassify                         0x0800b933   Thumb Code    40  fpclassify.o(i.__ARM_fpclassify)
    __ieee754_rem_pio2                       0x0800b95d   Thumb Code   832  rred.o(i.__ieee754_rem_pio2)
    __kernel_cos                             0x0800bce5   Thumb Code   230  cos_i.o(i.__kernel_cos)
    __kernel_poly                            0x0800bde1   Thumb Code   170  poly.o(i.__kernel_poly)
    __kernel_sin                             0x0800be8d   Thumb Code   224  sin_i.o(i.__kernel_sin)
    __kernel_tan                             0x0800bf79   Thumb Code   582  tan_i.o(i.__kernel_tan)
    __mathlib_dbl_underflow                  0x0800c1f1   Thumb Code    10  dunder.o(i.__mathlib_dbl_underflow)
    __scatterload_copy                       0x0800c201   Thumb Code    14  handlers.o(i.__scatterload_copy)
    __scatterload_null                       0x0800c20f   Thumb Code     2  handlers.o(i.__scatterload_null)
    __scatterload_zeroinit                   0x0800c211   Thumb Code    14  handlers.o(i.__scatterload_zeroinit)
    __set_errno                              0x0800c221   Thumb Code     6  errno.o(i.__set_errno)
    cos                                      0x0800c22d   Thumb Code   164  cos.o(i.cos)
    sin                                      0x0800c2d9   Thumb Code   166  sin.o(i.sin)
    sqrt                                     0x0800c389   Thumb Code    76  sqrt.o(i.sqrt)
    tan                                      0x0800c3d5   Thumb Code   106  tan.o(i.tan)
    pwmSin                                   0x0800dbc8   Data         512  motor.o(.constdata)
    Region$$Table$$Base                      0x0800ea88   Number         0  anon$$obj.o(Region$$Table)
    Region$$Table$$Limit                     0x0800eaa8   Number         0  anon$$obj.o(Region$$Table)
    futabaData                               0x20000000   Data          25  sbus.o(.ccm)
    timeProcessMain                          0x2000001c   Data           4  main.o(.data)
    valButton                                0x20000020   Data           1  main.o(.data)
    keycodeFlash                             0x20000024   Data           4  main.o(.data)
    SystemCoreClock                          0x20000028   Data           4  system_stm32f10x.o(.data)
    AHBPrescTable                            0x2000002c   Data          16  system_stm32f10x.o(.data)
    ctrMode                                  0x2000003c   Data           4  gmavlinkv1_0.o(.data)
    mavlink_system                           0x20000044   Data           6  gmavlinkv1_0.o(.data)
    len                                      0x2000004a   Data           2  gmavlinkv1_0.o(.data)
    DataVar                                  0x2000004c   Data           2  eeprom.o(.data)
    gyrox_1                                  0x20000050   Data           2  globaldata.o(.data)
    gyroy_1                                  0x20000052   Data           2  globaldata.o(.data)
    gyroz_1                                  0x20000054   Data           2  globaldata.o(.data)
    accx_1                                   0x20000056   Data           2  globaldata.o(.data)
    accy_1                                   0x20000058   Data           2  globaldata.o(.data)
    accz_1                                   0x2000005a   Data           2  globaldata.o(.data)
    gyrox                                    0x2000005c   Data           2  globaldata.o(.data)
    gyroy                                    0x2000005e   Data           2  globaldata.o(.data)
    gyroz                                    0x20000060   Data           2  globaldata.o(.data)
    accx                                     0x20000062   Data           2  globaldata.o(.data)
    accy                                     0x20000064   Data           2  globaldata.o(.data)
    accz                                     0x20000066   Data           2  globaldata.o(.data)
    unique                                   0x20000068   Data           4  globaldata.o(.data)
    durationAtti                             0x2000006c   Data           4  globaldata.o(.data)
    timerAtti                                0x20000070   Data           4  globaldata.o(.data)
    updateMav                                0x20000074   Data           2  globaldata.o(.data)
    updateRadio                              0x20000076   Data           2  globaldata.o(.data)
    keycodeMcu                               0x20000078   Data           4  globaldata.o(.data)
    pitchSet                                 0x2000007c   Data           4  globaldata.o(.data)
    rollSet                                  0x20000080   Data           4  globaldata.o(.data)
    yawSet                                   0x20000084   Data           4  globaldata.o(.data)
    yawSetOld                                0x20000088   Data           4  globaldata.o(.data)
    pitchSpeed                               0x2000008c   Data           4  globaldata.o(.data)
    rollSpeed                                0x20000090   Data           4  globaldata.o(.data)
    yawSpeed                                 0x20000094   Data           4  globaldata.o(.data)
    errorPan                                 0x20000098   Data           4  globaldata.o(.data)
    errorRoll                                0x2000009c   Data           4  globaldata.o(.data)
    errorTilt                                0x200000a0   Data           4  globaldata.o(.data)
    check_a                                  0x200000a4   Data           1  globaldata.o(.data)
    check_b                                  0x200000a5   Data           1  globaldata.o(.data)
    UBX_step                                 0x200000a6   Data           1  globaldata.o(.data)
    timeProcessAtti                          0x200000a8   Data           4  attitude.o(.data)
    errorTiltOld                             0x200000b0   Data           4  motor.o(.data)
    timeProcssGimbalStabi                    0x200000b4   Data           4  motor.o(.data)
    j                                        0x200000b8   Data           4  sensorcalib.o(.data)
    gyroXsum                                 0x200000bc   Data           4  sensorcalib.o(.data)
    gyroYsum                                 0x200000c0   Data           4  sensorcalib.o(.data)
    gyroZsum                                 0x200000c4   Data           4  sensorcalib.o(.data)
    cntCalAcc                                0x200000c8   Data           2  sensorcalib.o(.data)
    accXsum                                  0x200000cc   Data           4  sensorcalib.o(.data)
    accYsum                                  0x200000d0   Data           4  sensorcalib.o(.data)
    accZsum                                  0x200000d4   Data           4  sensorcalib.o(.data)
    mpu6000CntCheckedInt                     0x200000d8   Data           2  mpu6000.o(.data)
    mpu6000FCntCheckedInt                    0x200000da   Data           2  mpu6000.o(.data)
    yawPcChan                                0x200000dc   Data           2  radio.o(.data)
    pitchPcChan                              0x200000de   Data           2  radio.o(.data)
    button                                   0x200000ea   Data           8  gpio.o(.data)
    ADCConvertedValue                        0x200000f2   Data           2  adc.o(.data)
    AdcIndexChannel                          0x200000f4   Data           1  adc.o(.data)
    accN                                     0x200000fc   Data           4  ublox_gps.o(.data)
    accD                                     0x20000100   Data           4  ublox_gps.o(.data)
    accE                                     0x20000104   Data           4  ublox_gps.o(.data)
    accGps                                   0x20000108   Data           4  ublox_gps.o(.data)
    msg                                      0x20000598   Data         272  gmavlinkv1_0.o(.bss)
    status                                   0x200006a8   Data          12  gmavlinkv1_0.o(.bss)
    buffer                                   0x200006b4   Data         255  gmavlinkv1_0.o(.bss)
    mav_tx_buffer                            0x200007b4   Data         256  globaldata.o(.bss)
    VirtAddVarTab                            0x200008b4   Data         138  globaldata.o(.bss)
    mav_rx_buffer                            0x2000093e   Data         100  globaldata.o(.bss)
    mav_rx_tmp                               0x200009a2   Data         100  globaldata.o(.bss)
    gps_buffer                               0x20000a06   Data         200  globaldata.o(.bss)
    UBX_buffer                               0x20000ace   Data          60  globaldata.o(.bss)
    Data_UBX                                 0x20000b0a   Data         200  globaldata.o(.bss)
    gUblox                                   0x20000bd4   Data          64  globaldata.o(.bss)
    gConfig                                  0x20000c14   Data         168  globaldata.o(.bss)
    gSensor                                  0x20000cbc   Data          28  globaldata.o(.bss)
    gAtti                                    0x20000cd8   Data          32  globaldata.o(.bss)
    gMotor                                   0x20000cf8   Data          84  globaldata.o(.bss)
    gState                                   0x20000d4c   Data          12  globaldata.o(.bss)
    gMav                                     0x20000d58   Data          10  globaldata.o(.bss)
    gRadio                                   0x20000d64   Data         100  globaldata.o(.bss)
    global_data                              0x20000dc8   Data         540  globaldata.o(.bss)
    gBattery                                 0x20000fe4   Data          12  globaldata.o(.bss)
    theta_f                                  0x20000ff0   Data          16  motor.o(.bss)
    alpha                                    0x20001000   Data          16  motor.o(.bss)
    phi_f                                    0x20001010   Data          16  motor.o(.bss)
    beta                                     0x20001020   Data          16  motor.o(.bss)
    accXface                                 0x20001030   Data          28  sensorcalib.o(.bss)
    accYface                                 0x2000104c   Data          28  sensorcalib.o(.bss)
    accZface                                 0x20001068   Data          28  sensorcalib.o(.bss)
    mpu6000Val                               0x20001084   Data          16  mpu6000.o(.bss)
    spi_rx_buffer                            0x20001094   Data          14  mpu6000.o(.bss)
    Pan                                      0x200010a4   Data          16  gpio.o(.bss)
    Tilt                                     0x200010b4   Data          16  gpio.o(.bss)
    Roll                                     0x200010c4   Data          16  gpio.o(.bss)
    Mode                                     0x200010d4   Data          16  gpio.o(.bss)
    adcPan                                   0x200010e4   Data          12  adc.o(.bss)
    adcTilt                                  0x200010f0   Data          12  adc.o(.bss)
    adcBaterry                               0x200010fc   Data          12  adc.o(.bss)
    __initial_sp                             0x20001508   Data           0  startup_stm32f10x_md.o(STACK)



==============================================================================

Memory Map of the image

  Image Entry point : 0x080000ed

  Load Region LR_IROM1 (Base: 0x08000000, Size: 0x0000ebcc, Max: 0x00010000, ABSOLUTE)

    Execution Region ER_IROM1 (Base: 0x08000000, Size: 0x0000eaa8, Max: 0x00010000, ABSOLUTE)

    Base Addr    Size         Type   Attr      Idx    E Section Name        Object

    0x08000000   0x000000ec   Data   RO          796    RESET               startup_stm32f10x_md.o
    0x080000ec   0x00000000   Code   RO          833  * .ARM.Collect$$$$00000000  mc_w.l(entry.o)
    0x080000ec   0x00000004   Code   RO          900    .ARM.Collect$$$$00000001  mc_w.l(entry2.o)
    0x080000f0   0x00000004   Code   RO          903    .ARM.Collect$$$$00000004  mc_w.l(entry5.o)
    0x080000f4   0x00000000   Code   RO          905    .ARM.Collect$$$$00000008  mc_w.l(entry7b.o)
    0x080000f4   0x00000000   Code   RO          907    .ARM.Collect$$$$0000000A  mc_w.l(entry8b.o)
    0x080000f4   0x00000008   Code   RO          908    .ARM.Collect$$$$0000000B  mc_w.l(entry9a.o)
    0x080000fc   0x00000000   Code   RO          910    .ARM.Collect$$$$0000000D  mc_w.l(entry10a.o)
    0x080000fc   0x00000000   Code   RO          912    .ARM.Collect$$$$0000000F  mc_w.l(entry11a.o)
    0x080000fc   0x00000004   Code   RO          901    .ARM.Collect$$$$00002712  mc_w.l(entry2.o)
    0x08000100   0x00000ae0   Code   RO            1    .text               main.o
    0x08000be0   0x000001dc   Code   RO          169    .text               system_stm32f10x.o
    0x08000dbc   0x00000168   Code   RO          203    .text               usart1.o
    0x08000f24   0x000000e4   Code   RO          220    .text               startup.o
    0x08001008   0x000002b8   Code   RO          233    .text               timer.o
    0x080012c0   0x00001fa8   Code   RO          248    .text               gmavlinkv1_0.o
    0x08003268   0x00000442   Code   RO          367    .text               eeprom.o
    0x080036aa   0x00000002   PAD
    0x080036ac   0x000006b8   Code   RO          393    .text               attitude.o
    0x08003d64   0x000012a8   Code   RO          410    .text               motor.o
    0x0800500c   0x00000498   Code   RO          428    .text               sensorcalib.o
    0x080054a4   0x00000274   Code   RO          449    .text               sbus.o
    0x08005718   0x0000031c   Code   RO          468    .text               mpu6000.o
    0x08005a34   0x0000168c   Code   RO          485    .text               radio.o
    0x080070c0   0x000003d4   Code   RO          502    .text               gpio.o
    0x08007494   0x0000081c   Code   RO          518    .text               gmath.o
    0x08007cb0   0x000003c0   Code   RO          532    .text               adc.o
    0x08008070   0x000004c8   Code   RO          549    .text               ublox_gps.o
    0x08008538   0x000003a4   Code   RO          565    .text               stm32f10x_rcc.o
    0x080088dc   0x00000408   Code   RO          633    .text               stm32f10x_usart.o
    0x08008ce4   0x00000358   Code   RO          651    .text               stm32f10x_gpio.o
    0x0800903c   0x000000dc   Code   RO          666    .text               misc.o
    0x08009118   0x00000e1a   Code   RO          681    .text               stm32f10x_tim.o
    0x08009f32   0x00000002   PAD
    0x08009f34   0x000005bc   Code   RO          696    .text               stm32f10x_flash.o
    0x0800a4f0   0x00000250   Code   RO          711    .text               stm32f10x_dma.o
    0x0800a740   0x0000011c   Code   RO          726    .text               stm32f10x_exti.o
    0x0800a85c   0x0000030c   Code   RO          753    .text               stm32f10x_spi.o
    0x0800ab68   0x0000044e   Code   RO          768    .text               stm32f10x_adc.o
    0x0800afb6   0x00000002   PAD
    0x0800afb8   0x00000024   Code   RO          797    .text               startup_stm32f10x_md.o
    0x0800afdc   0x00000024   Code   RO          836    .text               mc_w.l(memcpya.o)
    0x0800b000   0x00000024   Code   RO          838    .text               mc_w.l(memseta.o)
    0x0800b024   0x0000001c   Code   RO          840    .text               mc_w.l(strcmp.o)
    0x0800b040   0x000000b0   Code   RO          844    .text               mf_w.l(fadd.o)
    0x0800b0f0   0x0000006c   Code   RO          846    .text               mf_w.l(fmul.o)
    0x0800b15c   0x00000080   Code   RO          848    .text               mf_w.l(fdiv.o)
    0x0800b1dc   0x0000014e   Code   RO          850    .text               mf_w.l(dadd.o)
    0x0800b32a   0x000000e4   Code   RO          852    .text               mf_w.l(dmul.o)
    0x0800b40e   0x000000de   Code   RO          854    .text               mf_w.l(ddiv.o)
    0x0800b4ec   0x00000012   Code   RO          856    .text               mf_w.l(fflti.o)
    0x0800b4fe   0x0000000a   Code   RO          858    .text               mf_w.l(ffltui.o)
    0x0800b508   0x00000022   Code   RO          860    .text               mf_w.l(dflti.o)
    0x0800b52a   0x0000001a   Code   RO          862    .text               mf_w.l(dfltui.o)
    0x0800b544   0x00000032   Code   RO          864    .text               mf_w.l(ffixi.o)
    0x0800b576   0x00000028   Code   RO          866    .text               mf_w.l(ffixui.o)
    0x0800b59e   0x00000026   Code   RO          868    .text               mf_w.l(f2d.o)
    0x0800b5c4   0x00000028   Code   RO          870    .text               mf_w.l(cdcmple.o)
    0x0800b5ec   0x00000028   Code   RO          872    .text               mf_w.l(cdrcmple.o)
    0x0800b614   0x00000038   Code   RO          874    .text               mf_w.l(d2f.o)
    0x0800b64c   0x00000014   Code   RO          876    .text               mf_w.l(cfcmple.o)
    0x0800b660   0x00000014   Code   RO          878    .text               mf_w.l(cfrcmple.o)
    0x0800b674   0x0000001e   Code   RO          914    .text               mc_w.l(llshl.o)
    0x0800b692   0x00000024   Code   RO          916    .text               mc_w.l(llsshr.o)
    0x0800b6b6   0x00000000   Code   RO          925    .text               mc_w.l(iusefp.o)
    0x0800b6b6   0x0000006c   Code   RO          926    .text               mf_w.l(fepilogue.o)
    0x0800b722   0x000000be   Code   RO          928    .text               mf_w.l(depilogue.o)
    0x0800b7e0   0x0000002e   Code   RO          930    .text               mf_w.l(dscalb.o)
    0x0800b80e   0x000000a2   Code   RO          932    .text               mf_w.l(dsqrt.o)
    0x0800b8b0   0x00000024   Code   RO          940    .text               mc_w.l(init.o)
    0x0800b8d4   0x00000020   Code   RO          942    .text               mc_w.l(llushr.o)
    0x0800b8f4   0x0000003e   Code   RO          944    .text               mf_w.l(dfixi.o)
    0x0800b932   0x00000028   Code   RO          936    i.__ARM_fpclassify  m_ws.l(fpclassify.o)
    0x0800b95a   0x00000002   PAD
    0x0800b95c   0x00000388   Code   RO          883    i.__ieee754_rem_pio2  m_ws.l(rred.o)
    0x0800bce4   0x000000fc   Code   RO          880    i.__kernel_cos      m_ws.l(cos_i.o)
    0x0800bde0   0x000000aa   Code   RO          938    i.__kernel_poly     m_ws.l(poly.o)
    0x0800be8a   0x00000002   PAD
    0x0800be8c   0x000000ec   Code   RO          888    i.__kernel_sin      m_ws.l(sin_i.o)
    0x0800bf78   0x00000278   Code   RO          894    i.__kernel_tan      m_ws.l(tan_i.o)
    0x0800c1f0   0x00000010   Code   RO          934    i.__mathlib_dbl_underflow  m_ws.l(dunder.o)
    0x0800c200   0x0000000e   Code   RO          948    i.__scatterload_copy  mc_w.l(handlers.o)
    0x0800c20e   0x00000002   Code   RO          949    i.__scatterload_null  mc_w.l(handlers.o)
    0x0800c210   0x0000000e   Code   RO          950    i.__scatterload_zeroinit  mc_w.l(handlers.o)
    0x0800c21e   0x00000002   PAD
    0x0800c220   0x0000000c   Code   RO          920    i.__set_errno       mc_w.l(errno.o)
    0x0800c22c   0x000000ac   Code   RO          802    i.cos               m_ws.l(cos.o)
    0x0800c2d8   0x000000b0   Code   RO          810    i.sin               m_ws.l(sin.o)
    0x0800c388   0x0000004c   Code   RO          818    i.sqrt              m_ws.l(sqrt.o)
    0x0800c3d4   0x00000074   Code   RO          826    i.tan               m_ws.l(tan.o)
    0x0800c448   0x00000c40   Data   RO          250    .constdata          gmavlinkv1_0.o
    0x0800d088   0x00000d40   Data   RO          412    .constdata          motor.o
    0x0800ddc8   0x00000b40   Data   RO          519    .constdata          gmath.o
    0x0800e908   0x00000030   Data   RO          881    .constdata          m_ws.l(cos_i.o)
    0x0800e938   0x000000c8   Data   RO          885    .constdata          m_ws.l(rred.o)
    0x0800ea00   0x00000028   Data   RO          889    .constdata          m_ws.l(sin_i.o)
    0x0800ea28   0x00000060   Data   RO          895    .constdata          m_ws.l(tan_i.o)
    0x0800ea88   0x00000020   Data   RO          946    Region$$Table       anon$$obj.o


    Execution Region RW_IRAM1 (Base: 0x20000000, Size: 0x00001508, Max: 0x00005000, ABSOLUTE)

    Base Addr    Size         Type   Attr      Idx    E Section Name        Object

    0x20000000   0x00000019   Data   RW          450    .ccm                sbus.o
    0x20000019   0x00000003   PAD
    0x2000001c   0x0000000c   Data   RW            3    .data               main.o
    0x20000028   0x00000014   Data   RW          170    .data               system_stm32f10x.o
    0x2000003c   0x00000010   Data   RW          251    .data               gmavlinkv1_0.o
    0x2000004c   0x00000002   Data   RW          368    .data               eeprom.o
    0x2000004e   0x00000002   PAD
    0x20000050   0x00000057   Data   RW          384    .data               globaldata.o
    0x200000a7   0x00000001   PAD
    0x200000a8   0x00000008   Data   RW          395    .data               attitude.o
    0x200000b0   0x00000008   Data   RW          413    .data               motor.o
    0x200000b8   0x00000020   Data   RW          431    .data               sensorcalib.o
    0x200000d8   0x00000004   Data   RW          470    .data               mpu6000.o
    0x200000dc   0x00000004   Data   RW          487    .data               radio.o
    0x200000e0   0x00000012   Data   RW          504    .data               gpio.o
    0x200000f2   0x00000003   Data   RW          534    .data               adc.o
    0x200000f5   0x00000003   PAD
    0x200000f8   0x00000014   Data   RW          550    .data               ublox_gps.o
    0x2000010c   0x00000014   Data   RW          566    .data               stm32f10x_rcc.o
    0x20000120   0x00000004   Data   RW          921    .data               mc_w.l(errno.o)
    0x20000124   0x00000004   PAD
    0x20000128   0x0000068b   Zero   RW          249    .bss                gmavlinkv1_0.o
    0x200007b3   0x00000001   PAD
    0x200007b4   0x0000083c   Zero   RW          383    .bss                globaldata.o
    0x20000ff0   0x00000040   Zero   RW          411    .bss                motor.o
    0x20001030   0x00000054   Zero   RW          429    .bss                sensorcalib.o
    0x20001084   0x0000001e   Zero   RW          469    .bss                mpu6000.o
    0x200010a2   0x00000002   PAD
    0x200010a4   0x00000040   Zero   RW          503    .bss                gpio.o
    0x200010e4   0x00000024   Zero   RW          533    .bss                adc.o
    0x20001108   0x00000400   Zero   RW          794    STACK               startup_stm32f10x_md.o


==============================================================================

Image component sizes


      Code (inc. data)   RO Data    RW Data    ZI Data      Debug   Object Name

       960        106          0          3         36       2313   adc.o
      1720         92          0          8          0       1903   attitude.o
         0          0          0          0          0         32   core_cm3.o
      1090         28          0          2          0       4345   eeprom.o
         0          0          0         87       2108       2113   globaldata.o
      2076        108       2880          0          0       3295   gmath.o
      8104       1432       3136         16       1675      64484   gmavlinkv1_0.o
       980         50          0         18         64       3059   gpio.o
      2784        254          0         12          0     312941   main.o
       220         20          0          0          0       3677   misc.o
      4776        290       3392          8         64       4039   motor.o
       796         48          0          4         30       3393   mpu6000.o
      5772        330          0          4          0       2808   radio.o
       628         30          0         25          0       2736   sbus.o
      1176         82          0         32         84       2852   sensorcalib.o
       228         24          0          0          0        542   startup.o
        36          8        236          0       1024        872   startup_stm32f10x_md.o
      1102         26          0          0          0      20077   stm32f10x_adc.o
       592          8          0          0          0      14354   stm32f10x_dma.o
       284         10          0          0          0       4615   stm32f10x_exti.o
      1468         34          0          0          0      14578   stm32f10x_flash.o
       856         40          0          0          0      14213   stm32f10x_gpio.o
       932         44          0         20          0      17748   stm32f10x_rcc.o
       780         14          0          0          0      13642   stm32f10x_spi.o
      3610         88          0          0          0      41460   stm32f10x_tim.o
      1032         22          0          0          0      23432   stm32f10x_usart.o
       476         36          0         20          0     203463   system_stm32f10x.o
       696         26          0          0          0        968   timer.o
      1224         92          0         20          0       3084   ublox_gps.o
       360         20          0          0          0        753   usart1.o

    ----------------------------------------------------------------------
     44764       3362       9676        288       5088     787791   Object Totals
         0          0         32          0          0          0   (incl. Generated)
         6          0          0          9          3          0   (incl. Padding)

    ----------------------------------------------------------------------

      Code (inc. data)   RO Data    RW Data    ZI Data      Debug   Library Member Name

       172          8          0          0          0        112   cos.o
       252         22         48          0          0        124   cos_i.o
        16          6          0          0          0         68   dunder.o
        40          0          0          0          0         68   fpclassify.o
       170          0          0          0          0         96   poly.o
       904         72        200          0          0        140   rred.o
       176         10          0          0          0        116   sin.o
       236         12         40          0          0        128   sin_i.o
        76          0          0          0          0         84   sqrt.o
       116         10          0          0          0        104   tan.o
       632         50         96          0          0        168   tan_i.o
         0          0          0          0          0          0   entry.o
         0          0          0          0          0          0   entry10a.o
         0          0          0          0          0          0   entry11a.o
         8          4          0          0          0          0   entry2.o
         4          0          0          0          0          0   entry5.o
         0          0          0          0          0          0   entry7b.o
         0          0          0          0          0          0   entry8b.o
         8          4          0          0          0          0   entry9a.o
        12          6          0          4          0         68   errno.o
        30          0          0          0          0          0   handlers.o
        36          8          0          0          0         68   init.o
         0          0          0          0          0          0   iusefp.o
        30          0          0          0          0         68   llshl.o
        36          0          0          0          0         68   llsshr.o
        32          0          0          0          0         68   llushr.o
        36          0          0          0          0         68   memcpya.o
        36          0          0          0          0        108   memseta.o
        28          0          0          0          0         76   strcmp.o
        40          2          0          0          0         68   cdcmple.o
        40          2          0          0          0         68   cdrcmple.o
        20          0          0          0          0         68   cfcmple.o
        20          0          0          0          0         68   cfrcmple.o
        56          0          0          0          0         88   d2f.o
       334          0          0          0          0        148   dadd.o
       222          0          0          0          0        100   ddiv.o
       190          0          0          0          0        176   depilogue.o
        62          0          0          0          0         80   dfixi.o
        34          0          0          0          0         76   dflti.o
        26          0          0          0          0         76   dfltui.o
       228          0          0          0          0         96   dmul.o
        46          0          0          0          0         80   dscalb.o
       162          0          0          0          0        100   dsqrt.o
        38          0          0          0          0         68   f2d.o
       176          0          0          0          0        140   fadd.o
       128          0          0          0          0         88   fdiv.o
       108          0          0          0          0        168   fepilogue.o
        50          0          0          0          0         68   ffixi.o
        40          0          0          0          0         68   ffixui.o
        18          0          0          0          0         68   fflti.o
        10          0          0          0          0         68   ffltui.o
       108          0          0          0          0         76   fmul.o

    ----------------------------------------------------------------------
      5248        216        384          4          4       3904   Library Totals
         6          0          0          0          4          0   (incl. Padding)

    ----------------------------------------------------------------------

      Code (inc. data)   RO Data    RW Data    ZI Data      Debug   Library Name

      2790        190        384          0          0       1208   m_ws.l
       296         22          0          4          0        592   mc_w.l
      2156          4          0          0          0       2104   mf_w.l

    ----------------------------------------------------------------------
      5248        216        384          4          4       3904   Library Totals

    ----------------------------------------------------------------------

==============================================================================


      Code (inc. data)   RO Data    RW Data    ZI Data      Debug   

     50012       3578      10060        292       5092     786911   Grand Totals
     50012       3578      10060        292       5092     786911   ELF Image Totals
     50012       3578      10060        292          0          0   ROM Totals

==============================================================================

    Total RO  Size (Code + RO Data)                60072 (  58.66kB)
    Total RW  Size (RW Data + ZI Data)              5384 (   5.26kB)
    Total ROM Size (Code + RO Data + RW Data)      60364 (  58.95kB)

==============================================================================

