<html>
<body>
<pre>
<h1>µVision Build Log</h1>
<h2>Project:</h2>
D:\Gimbal\fimware\code\v1\gStabi1_3_0\Project\DdgimbalV2\RVMDK\gGimbal.uvproj
Project File Date:  01/02/2014

<h2>Output:</h2>
Build target 'gGimbal'
linking...
Program Size: Code=50732 RO-data=10060 RW-data=288 ZI-data=5120  
FromELF: creating hex file...
".\Obj\gStabi_r1_3_0.axf" - 0 Error(s), 0 Warning(s).
Build target 'gGimbal'
linking...
Program Size: Code=50732 RO-data=10060 RW-data=288 ZI-data=5120  
FromELF: creating hex file...
".\Obj\gStabi_r1_3_0.axf" - 0 Error(s), 0 Warning(s).
Build target 'gGimbal'
linking...
Program Size: Code=50732 RO-data=10060 RW-data=288 ZI-data=5120  
FromELF: creating hex file...
".\Obj\gStabi_r1_3_0.axf" - 0 Error(s), 0 Warning(s).
Build target 'gGimbal'
linking...
Program Size: Code=50732 RO-data=10060 RW-data=288 ZI-data=5120  
FromELF: creating hex file...
".\Obj\gStabi_r1_3_0.axf" - 0 Error(s), 0 Warning(s).
Build target 'gGimbal'
linking...
Program Size: Code=50732 RO-data=10060 RW-data=288 ZI-data=5120  
FromELF: creating hex file...
".\Obj\gStabi_r1_3_0.axf" - 0 Error(s), 0 Warning(s).
Build target 'gGimbal'
linking...
Program Size: Code=50732 RO-data=10060 RW-data=288 ZI-data=5120  
FromELF: creating hex file...
".\Obj\gStabi_r1_3_0.axf" - 0 Error(s), 0 Warning(s).
Build target 'gGimbal'
linking...
Program Size: Code=50732 RO-data=10060 RW-data=288 ZI-data=5120  
FromELF: creating hex file...
".\Obj\gStabi_r1_3_0.axf" - 0 Error(s), 0 Warning(s).
Build target 'gGimbal'
linking...
Program Size: Code=50732 RO-data=10060 RW-data=288 ZI-data=5120  
FromELF: creating hex file...
".\Obj\gStabi_r1_3_0.axf" - 0 Error(s), 0 Warning(s).
Build target 'gGimbal'
compiling main.c...
..\main.c(52): warning:  #177-D: variable "tempTimeMain" was declared but never referenced
..\main.c(53): warning:  #550-D: variable "actived" was set but never used
..\main.c(172): error:  #20: identifier "tempTimeMain" is undefined
..\main.c(175): error:  #20: identifier "actived" is undefined
Target not created
Build target 'gGimbal'
compiling main.c...
linking...
Program Size: Code=50732 RO-data=10060 RW-data=288 ZI-data=5120  
FromELF: creating hex file...
".\Obj\gStabi_r1_3_0.axf" - 0 Error(s), 0 Warning(s).
Build target 'gGimbal'
linking...
Program Size: Code=50732 RO-data=10060 RW-data=288 ZI-data=5120  
FromELF: creating hex file...
".\Obj\gStabi_r1_3_0.axf" - 0 Error(s), 0 Warning(s).
Build target 'gGimbal'
compiling main.c...
linking...
Program Size: Code=50740 RO-data=10060 RW-data=288 ZI-data=5120  
FromELF: creating hex file...
".\Obj\gStabi_r1_3_0.axf" - 0 Error(s), 0 Warning(s).
Build target 'gGimbal'
compiling main.c...
linking...
Program Size: Code=50776 RO-data=10064 RW-data=288 ZI-data=5120  
FromELF: creating hex file...
".\Obj\gStabi_r1_3_0.axf" - 0 Error(s), 0 Warning(s).
Build target 'gGimbal'
linking...
Program Size: Code=50776 RO-data=10064 RW-data=288 ZI-data=5120  
FromELF: creating hex file...
".\Obj\gStabi_r1_3_0.axf" - 0 Error(s), 0 Warning(s).
Build target 'gGimbal'
compiling main.c...
linking...
Program Size: Code=50776 RO-data=10064 RW-data=288 ZI-data=5120  
FromELF: creating hex file...
".\Obj\gStabi_r1_3_0.axf" - 0 Error(s), 0 Warning(s).
Build target 'gGimbal'
compiling main.c...
compiling gMavlinkV1_0.c...
..\..\..\Libraries\mavlink\v1.0\gremsyBGC\../common/./mavlink_msg_heartbeat.h(183): warning:  #191-D: type qualifier is meaningless on cast type
..\..\..\Libraries\mavlink\v1.0\gremsyBGC\../common/./mavlink_msg_heartbeat.h(193): warning:  #191-D: type qualifier is meaningless on cast type
..\..\..\Libraries\mavlink\v1.0\gremsyBGC\../common/./mavlink_msg_heartbeat.h(203): warning:  #191-D: type qualifier is meaningless on cast type
..\..\..\Libraries\mavlink\v1.0\gremsyBGC\../common/./mavlink_msg_heartbeat.h(223): warning:  #191-D: type qualifier is meaningless on cast type
..\..\..\Libraries\mavlink\v1.0\gremsyBGC\../common/./mavlink_msg_heartbeat.h(233): warning:  #191-D: type qualifier is meaningless on cast type
..\..\..\Libraries\mavlink\v1.0\gremsyBGC\../common/./mavlink_msg_param_request_read.h(157): warning:  #191-D: type qualifier is meaningless on cast type
..\..\..\Libraries\mavlink\v1.0\gremsyBGC\../common/./mavlink_msg_param_request_read.h(167): warning:  #191-D: type qualifier is meaningless on cast type
..\..\..\Libraries\mavlink\v1.0\gremsyBGC\../common/./mavlink_msg_param_request_list.h(142): warning:  #191-D: type qualifier is meaningless on cast type
..\..\..\Libraries\mavlink\v1.0\gremsyBGC\../common/./mavlink_msg_param_request_list.h(152): warning:  #191-D: type qualifier is meaningless on cast type
..\..\..\Libraries\mavlink\v1.0\gremsyBGC\../common/./mavlink_msg_param_value.h(188): warning:  #191-D: type qualifier is meaningless on cast type
..\..\..\Libraries\mavlink\v1.0\gremsyBGC\../common/./mavlink_msg_param_set.h(169): warning:  #191-D: type qualifier is meaningless on cast type
..\..\..\Libraries\mavlink\v1.0\gremsyBGC\../common/./mavlink_msg_param_set.h(179): warning:  #191-D: type qualifier is meaningless on cast type
..\..\..\Libraries\mavlink\v1.0\gremsyBGC\../common/./mavlink_msg_param_set.h(209): warning:  #191-D: type qualifier is meaningless on cast type
..\..\..\Libraries\mavlink\v1.0\gremsyBGC\../common/./mavlink_msg_gps_raw_int.h(237): warning:  #191-D: type qualifier is meaningless on cast type
..\..\..\Libraries\mavlink\v1.0\gremsyBGC\../common/./mavlink_msg_gps_raw_int.h(317): warning:  #191-D: type qualifier is meaningless on cast type
..\..\..\Libraries\mavlink\v1.0\gremsyBGC\../common/./mavlink_msg_debug.h(161): warning:  #191-D: type qualifier is meaningless on cast type
..\..\..\Libraries\mavlink\v1.0\gremsyBGC\./mavlink_msg_imu_calib_request.h(139): warning:  #191-D: type qualifier is meaningless on cast type
..\..\..\Libraries\mavlink\v1.0\gremsyBGC\./mavlink_msg_imu_calib_request.h(149): warning:  #191-D: type qualifier is meaningless on cast type
..\..\..\Libraries\mavlink\v1.0\gremsyBGC\./mavlink_msg_system_status.h(182): warning:  #191-D: type qualifier is meaningless on cast type
..\..\..\Libraries\mavlink\v1.0\gremsyBGC\./mavlink_msg_system_status.h(192): warning:  #191-D: type qualifier is meaningless on cast type
..\..\..\Libraries\mavlink\v1.0\gremsyBGC\./mavlink_msg_system_status.h(202): warning:  #191-D: type qualifier is meaningless on cast type
..\..\..\Libraries\mavlink\v1.0\gremsyBGC\./mavlink_msg_system_status.h(212): warning:  #191-D: type qualifier is meaningless on cast type
..\..\..\Libraries\mavlink\v1.0\gremsyBGC\./mavlink_msg_unique_id_request.h(128): warning:  #191-D: type qualifier is meaningless on cast type
..\..\..\Libraries\mavlink\v1.0\gremsyBGC\./mavlink_msg_unique_id_values.h(194): warning:  #191-D: type qualifier is meaningless on cast type
..\..\..\Libraries\mavlink\v1.0\gremsyBGC\./mavlink_msg_keycode_request.h(128): warning:  #191-D: type qualifier is meaningless on cast type
..\..\..\Libraries\mavlink\v1.0\gremsyBGC\./mavlink_msg_keycode_value.h(139): warning:  #191-D: type qualifier is meaningless on cast type
..\..\..\Libraries\mavlink\v1.0\gremsyBGC\./mavlink_msg_motors_control.h(128): warning:  #191-D: type qualifier is meaningless on cast type
..\gMavlinkV1_0.c(331): warning:  #167-D: argument of type "uint8_t *" is incompatible with parameter of type "const char *"
..\gMavlinkV1_0.c(340): warning:  #167-D: argument of type "uint8_t *" is incompatible with parameter of type "const char *"
..\gMavlinkV1_0.c(349): warning:  #167-D: argument of type "uint8_t *" is incompatible with parameter of type "const char *"
..\gMavlinkV1_0.c(360): warning:  #167-D: argument of type "uint8_t *" is incompatible with parameter of type "const char *"
..\gMavlinkV1_0.c(372): warning:  #167-D: argument of type "uint8_t *" is incompatible with parameter of type "const char *"
..\gMavlinkV1_0.c(387): warning:  #167-D: argument of type "uint8_t *" is incompatible with parameter of type "const char *"
..\gMavlinkV1_0.c(400): warning:  #167-D: argument of type "uint8_t *" is incompatible with parameter of type "const char *"
..\gMavlinkV1_0.c(413): warning:  #167-D: argument of type "uint8_t *" is incompatible with parameter of type "const char *"
..\gMavlinkV1_0.c(424): warning:  #167-D: argument of type "uint8_t *" is incompatible with parameter of type "const char *"
..\gMavlinkV1_0.c(435): warning:  #167-D: argument of type "uint8_t *" is incompatible with parameter of type "const char *"
..\gMavlinkV1_0.c(452): warning:  #167-D: argument of type "int8_t *" is incompatible with parameter of type "const char *"
..\gMavlinkV1_0.c(454): warning:  #167-D: argument of type "uint8_t *" is incompatible with parameter of type "const char *"
..\gMavlinkV1_0.c(620): warning:  #167-D: argument of type "int16_t *" is incompatible with parameter of type "uint16_t *"
compiling motor.c...
compiling mpu6000.c...
compiling radio.c...
compiling gpio.c...
linking...
Program Size: Code=50656 RO-data=10064 RW-data=284 ZI-data=5124  
FromELF: creating hex file...
".\Obj\gStabi_r1_3_0.axf" - 0 Error(s), 40 Warning(s).
Build target 'gGimbal'
compiling main.c...
compiling gMavlinkV1_0.c...
..\..\..\Libraries\mavlink\v1.0\gremsyBGC\../common/./mavlink_msg_heartbeat.h(183): warning:  #191-D: type qualifier is meaningless on cast type
..\..\..\Libraries\mavlink\v1.0\gremsyBGC\../common/./mavlink_msg_heartbeat.h(193): warning:  #191-D: type qualifier is meaningless on cast type
..\..\..\Libraries\mavlink\v1.0\gremsyBGC\../common/./mavlink_msg_heartbeat.h(203): warning:  #191-D: type qualifier is meaningless on cast type
..\..\..\Libraries\mavlink\v1.0\gremsyBGC\../common/./mavlink_msg_heartbeat.h(223): warning:  #191-D: type qualifier is meaningless on cast type
..\..\..\Libraries\mavlink\v1.0\gremsyBGC\../common/./mavlink_msg_heartbeat.h(233): warning:  #191-D: type qualifier is meaningless on cast type
..\..\..\Libraries\mavlink\v1.0\gremsyBGC\../common/./mavlink_msg_param_request_read.h(157): warning:  #191-D: type qualifier is meaningless on cast type
..\..\..\Libraries\mavlink\v1.0\gremsyBGC\../common/./mavlink_msg_param_request_read.h(167): warning:  #191-D: type qualifier is meaningless on cast type
..\..\..\Libraries\mavlink\v1.0\gremsyBGC\../common/./mavlink_msg_param_request_list.h(142): warning:  #191-D: type qualifier is meaningless on cast type
..\..\..\Libraries\mavlink\v1.0\gremsyBGC\../common/./mavlink_msg_param_request_list.h(152): warning:  #191-D: type qualifier is meaningless on cast type
..\..\..\Libraries\mavlink\v1.0\gremsyBGC\../common/./mavlink_msg_param_value.h(188): warning:  #191-D: type qualifier is meaningless on cast type
..\..\..\Libraries\mavlink\v1.0\gremsyBGC\../common/./mavlink_msg_param_set.h(169): warning:  #191-D: type qualifier is meaningless on cast type
..\..\..\Libraries\mavlink\v1.0\gremsyBGC\../common/./mavlink_msg_param_set.h(179): warning:  #191-D: type qualifier is meaningless on cast type
..\..\..\Libraries\mavlink\v1.0\gremsyBGC\../common/./mavlink_msg_param_set.h(209): warning:  #191-D: type qualifier is meaningless on cast type
..\..\..\Libraries\mavlink\v1.0\gremsyBGC\../common/./mavlink_msg_gps_raw_int.h(237): warning:  #191-D: type qualifier is meaningless on cast type
..\..\..\Libraries\mavlink\v1.0\gremsyBGC\../common/./mavlink_msg_gps_raw_int.h(317): warning:  #191-D: type qualifier is meaningless on cast type
..\..\..\Libraries\mavlink\v1.0\gremsyBGC\../common/./mavlink_msg_debug.h(161): warning:  #191-D: type qualifier is meaningless on cast type
..\..\..\Libraries\mavlink\v1.0\gremsyBGC\./mavlink_msg_imu_calib_request.h(139): warning:  #191-D: type qualifier is meaningless on cast type
..\..\..\Libraries\mavlink\v1.0\gremsyBGC\./mavlink_msg_imu_calib_request.h(149): warning:  #191-D: type qualifier is meaningless on cast type
..\..\..\Libraries\mavlink\v1.0\gremsyBGC\./mavlink_msg_system_status.h(182): warning:  #191-D: type qualifier is meaningless on cast type
..\..\..\Libraries\mavlink\v1.0\gremsyBGC\./mavlink_msg_system_status.h(192): warning:  #191-D: type qualifier is meaningless on cast type
..\..\..\Libraries\mavlink\v1.0\gremsyBGC\./mavlink_msg_system_status.h(202): warning:  #191-D: type qualifier is meaningless on cast type
..\..\..\Libraries\mavlink\v1.0\gremsyBGC\./mavlink_msg_system_status.h(212): warning:  #191-D: type qualifier is meaningless on cast type
..\..\..\Libraries\mavlink\v1.0\gremsyBGC\./mavlink_msg_unique_id_request.h(128): warning:  #191-D: type qualifier is meaningless on cast type
..\..\..\Libraries\mavlink\v1.0\gremsyBGC\./mavlink_msg_unique_id_values.h(194): warning:  #191-D: type qualifier is meaningless on cast type
..\..\..\Libraries\mavlink\v1.0\gremsyBGC\./mavlink_msg_keycode_request.h(128): warning:  #191-D: type qualifier is meaningless on cast type
..\..\..\Libraries\mavlink\v1.0\gremsyBGC\./mavlink_msg_keycode_value.h(139): warning:  #191-D: type qualifier is meaningless on cast type
..\..\..\Libraries\mavlink\v1.0\gremsyBGC\./mavlink_msg_motors_control.h(128): warning:  #191-D: type qualifier is meaningless on cast type
..\gMavlinkV1_0.c(331): warning:  #167-D: argument of type "uint8_t *" is incompatible with parameter of type "const char *"
..\gMavlinkV1_0.c(340): warning:  #167-D: argument of type "uint8_t *" is incompatible with parameter of type "const char *"
..\gMavlinkV1_0.c(349): warning:  #167-D: argument of type "uint8_t *" is incompatible with parameter of type "const char *"
..\gMavlinkV1_0.c(360): warning:  #167-D: argument of type "uint8_t *" is incompatible with parameter of type "const char *"
..\gMavlinkV1_0.c(372): warning:  #167-D: argument of type "uint8_t *" is incompatible with parameter of type "const char *"
..\gMavlinkV1_0.c(387): warning:  #167-D: argument of type "uint8_t *" is incompatible with parameter of type "const char *"
..\gMavlinkV1_0.c(400): warning:  #167-D: argument of type "uint8_t *" is incompatible with parameter of type "const char *"
..\gMavlinkV1_0.c(413): warning:  #167-D: argument of type "uint8_t *" is incompatible with parameter of type "const char *"
..\gMavlinkV1_0.c(424): warning:  #167-D: argument of type "uint8_t *" is incompatible with parameter of type "const char *"
..\gMavlinkV1_0.c(435): warning:  #167-D: argument of type "uint8_t *" is incompatible with parameter of type "const char *"
..\gMavlinkV1_0.c(452): warning:  #167-D: argument of type "int8_t *" is incompatible with parameter of type "const char *"
..\gMavlinkV1_0.c(454): warning:  #167-D: argument of type "uint8_t *" is incompatible with parameter of type "const char *"
..\gMavlinkV1_0.c(620): warning:  #167-D: argument of type "int16_t *" is incompatible with parameter of type "uint16_t *"
compiling motor.c...
compiling mpu6000.c...
compiling radio.c...
compiling gpio.c...
linking...
Program Size: Code=50664 RO-data=10064 RW-data=284 ZI-data=5124  
FromELF: creating hex file...
".\Obj\gStabi_r1_3_0.axf" - 0 Error(s), 40 Warning(s).
Build target 'gGimbal'
compiling main.c...
linking...
Program Size: Code=50664 RO-data=10064 RW-data=284 ZI-data=5124  
FromELF: creating hex file...
".\Obj\gStabi_r1_3_0.axf" - 0 Error(s), 0 Warning(s).
Build target 'gGimbal'
compiling main.c...
compiling gMavlinkV1_0.c...
..\..\..\Libraries\mavlink\v1.0\gremsyBGC\../common/./mavlink_msg_heartbeat.h(183): warning:  #191-D: type qualifier is meaningless on cast type
..\..\..\Libraries\mavlink\v1.0\gremsyBGC\../common/./mavlink_msg_heartbeat.h(193): warning:  #191-D: type qualifier is meaningless on cast type
..\..\..\Libraries\mavlink\v1.0\gremsyBGC\../common/./mavlink_msg_heartbeat.h(203): warning:  #191-D: type qualifier is meaningless on cast type
..\..\..\Libraries\mavlink\v1.0\gremsyBGC\../common/./mavlink_msg_heartbeat.h(223): warning:  #191-D: type qualifier is meaningless on cast type
..\..\..\Libraries\mavlink\v1.0\gremsyBGC\../common/./mavlink_msg_heartbeat.h(233): warning:  #191-D: type qualifier is meaningless on cast type
..\..\..\Libraries\mavlink\v1.0\gremsyBGC\../common/./mavlink_msg_param_request_read.h(157): warning:  #191-D: type qualifier is meaningless on cast type
..\..\..\Libraries\mavlink\v1.0\gremsyBGC\../common/./mavlink_msg_param_request_read.h(167): warning:  #191-D: type qualifier is meaningless on cast type
..\..\..\Libraries\mavlink\v1.0\gremsyBGC\../common/./mavlink_msg_param_request_list.h(142): warning:  #191-D: type qualifier is meaningless on cast type
..\..\..\Libraries\mavlink\v1.0\gremsyBGC\../common/./mavlink_msg_param_request_list.h(152): warning:  #191-D: type qualifier is meaningless on cast type
..\..\..\Libraries\mavlink\v1.0\gremsyBGC\../common/./mavlink_msg_param_value.h(188): warning:  #191-D: type qualifier is meaningless on cast type
..\..\..\Libraries\mavlink\v1.0\gremsyBGC\../common/./mavlink_msg_param_set.h(169): warning:  #191-D: type qualifier is meaningless on cast type
..\..\..\Libraries\mavlink\v1.0\gremsyBGC\../common/./mavlink_msg_param_set.h(179): warning:  #191-D: type qualifier is meaningless on cast type
..\..\..\Libraries\mavlink\v1.0\gremsyBGC\../common/./mavlink_msg_param_set.h(209): warning:  #191-D: type qualifier is meaningless on cast type
..\..\..\Libraries\mavlink\v1.0\gremsyBGC\../common/./mavlink_msg_gps_raw_int.h(237): warning:  #191-D: type qualifier is meaningless on cast type
..\..\..\Libraries\mavlink\v1.0\gremsyBGC\../common/./mavlink_msg_gps_raw_int.h(317): warning:  #191-D: type qualifier is meaningless on cast type
..\..\..\Libraries\mavlink\v1.0\gremsyBGC\../common/./mavlink_msg_debug.h(161): warning:  #191-D: type qualifier is meaningless on cast type
..\..\..\Libraries\mavlink\v1.0\gremsyBGC\./mavlink_msg_imu_calib_request.h(139): warning:  #191-D: type qualifier is meaningless on cast type
..\..\..\Libraries\mavlink\v1.0\gremsyBGC\./mavlink_msg_imu_calib_request.h(149): warning:  #191-D: type qualifier is meaningless on cast type
..\..\..\Libraries\mavlink\v1.0\gremsyBGC\./mavlink_msg_system_status.h(182): warning:  #191-D: type qualifier is meaningless on cast type
..\..\..\Libraries\mavlink\v1.0\gremsyBGC\./mavlink_msg_system_status.h(192): warning:  #191-D: type qualifier is meaningless on cast type
..\..\..\Libraries\mavlink\v1.0\gremsyBGC\./mavlink_msg_system_status.h(202): warning:  #191-D: type qualifier is meaningless on cast type
..\..\..\Libraries\mavlink\v1.0\gremsyBGC\./mavlink_msg_system_status.h(212): warning:  #191-D: type qualifier is meaningless on cast type
..\..\..\Libraries\mavlink\v1.0\gremsyBGC\./mavlink_msg_unique_id_request.h(128): warning:  #191-D: type qualifier is meaningless on cast type
..\..\..\Libraries\mavlink\v1.0\gremsyBGC\./mavlink_msg_unique_id_values.h(194): warning:  #191-D: type qualifier is meaningless on cast type
..\..\..\Libraries\mavlink\v1.0\gremsyBGC\./mavlink_msg_keycode_request.h(128): warning:  #191-D: type qualifier is meaningless on cast type
..\..\..\Libraries\mavlink\v1.0\gremsyBGC\./mavlink_msg_keycode_value.h(139): warning:  #191-D: type qualifier is meaningless on cast type
..\..\..\Libraries\mavlink\v1.0\gremsyBGC\./mavlink_msg_motors_control.h(128): warning:  #191-D: type qualifier is meaningless on cast type
..\gMavlinkV1_0.c(331): warning:  #167-D: argument of type "uint8_t *" is incompatible with parameter of type "const char *"
..\gMavlinkV1_0.c(340): warning:  #167-D: argument of type "uint8_t *" is incompatible with parameter of type "const char *"
..\gMavlinkV1_0.c(349): warning:  #167-D: argument of type "uint8_t *" is incompatible with parameter of type "const char *"
..\gMavlinkV1_0.c(360): warning:  #167-D: argument of type "uint8_t *" is incompatible with parameter of type "const char *"
..\gMavlinkV1_0.c(372): warning:  #167-D: argument of type "uint8_t *" is incompatible with parameter of type "const char *"
..\gMavlinkV1_0.c(387): warning:  #167-D: argument of type "uint8_t *" is incompatible with parameter of type "const char *"
..\gMavlinkV1_0.c(400): warning:  #167-D: argument of type "uint8_t *" is incompatible with parameter of type "const char *"
..\gMavlinkV1_0.c(413): warning:  #167-D: argument of type "uint8_t *" is incompatible with parameter of type "const char *"
..\gMavlinkV1_0.c(424): warning:  #167-D: argument of type "uint8_t *" is incompatible with parameter of type "const char *"
..\gMavlinkV1_0.c(435): warning:  #167-D: argument of type "uint8_t *" is incompatible with parameter of type "const char *"
..\gMavlinkV1_0.c(452): warning:  #167-D: argument of type "int8_t *" is incompatible with parameter of type "const char *"
..\gMavlinkV1_0.c(454): warning:  #167-D: argument of type "uint8_t *" is incompatible with parameter of type "const char *"
..\gMavlinkV1_0.c(620): warning:  #167-D: argument of type "int16_t *" is incompatible with parameter of type "uint16_t *"
compiling globalData.c...
compiling attitude.c...
compiling motor.c...
compiling sensorCalib.c...
compiling sbus.c...
compiling mpu6000.c...
compiling radio.c...
compiling gpio.c...
compiling gMath.c...
compiling adc.c...
compiling ublox_gps.c...
linking...
Program Size: Code=50704 RO-data=10064 RW-data=284 ZI-data=5124  
FromELF: creating hex file...
".\Obj\gStabi_r1_3_0.axf" - 0 Error(s), 40 Warning(s).
Build target 'gGimbal'
compiling main.c...
linking...
Program Size: Code=50688 RO-data=10064 RW-data=284 ZI-data=5124  
FromELF: creating hex file...
".\Obj\gStabi_r1_3_0.axf" - 0 Error(s), 0 Warning(s).
Build target 'gGimbal'
linking...
Program Size: Code=50688 RO-data=10064 RW-data=284 ZI-data=5124  
FromELF: creating hex file...
".\Obj\gStabi_r1_3_0.axf" - 0 Error(s), 0 Warning(s).
Build target 'gGimbal'
linking...
Program Size: Code=50688 RO-data=10064 RW-data=284 ZI-data=5124  
FromELF: creating hex file...
".\Obj\gStabi_r1_3_0.axf" - 0 Error(s), 0 Warning(s).
Build target 'gGimbal'
linking...
Program Size: Code=50688 RO-data=10064 RW-data=284 ZI-data=5124  
FromELF: creating hex file...
".\Obj\gStabi_r1_3_0.axf" - 0 Error(s), 0 Warning(s).
Build target 'gGimbal'
compiling main.c...
compiling system_stm32f10x.c...
compiling usart1.c...
compiling startup.c...
compiling timer.c...
..\timer.c(185): warning:  #1-D: last line of file ends without a newline
compiling gMavlinkV1_0.c...
..\..\..\Libraries\mavlink\v1.0\gremsyBGC\../common/./mavlink_msg_heartbeat.h(183): warning:  #191-D: type qualifier is meaningless on cast type
..\..\..\Libraries\mavlink\v1.0\gremsyBGC\../common/./mavlink_msg_heartbeat.h(193): warning:  #191-D: type qualifier is meaningless on cast type
..\..\..\Libraries\mavlink\v1.0\gremsyBGC\../common/./mavlink_msg_heartbeat.h(203): warning:  #191-D: type qualifier is meaningless on cast type
..\..\..\Libraries\mavlink\v1.0\gremsyBGC\../common/./mavlink_msg_heartbeat.h(223): warning:  #191-D: type qualifier is meaningless on cast type
..\..\..\Libraries\mavlink\v1.0\gremsyBGC\../common/./mavlink_msg_heartbeat.h(233): warning:  #191-D: type qualifier is meaningless on cast type
..\..\..\Libraries\mavlink\v1.0\gremsyBGC\../common/./mavlink_msg_param_request_read.h(157): warning:  #191-D: type qualifier is meaningless on cast type
..\..\..\Libraries\mavlink\v1.0\gremsyBGC\../common/./mavlink_msg_param_request_read.h(167): warning:  #191-D: type qualifier is meaningless on cast type
..\..\..\Libraries\mavlink\v1.0\gremsyBGC\../common/./mavlink_msg_param_request_list.h(142): warning:  #191-D: type qualifier is meaningless on cast type
..\..\..\Libraries\mavlink\v1.0\gremsyBGC\../common/./mavlink_msg_param_request_list.h(152): warning:  #191-D: type qualifier is meaningless on cast type
..\..\..\Libraries\mavlink\v1.0\gremsyBGC\../common/./mavlink_msg_param_value.h(188): warning:  #191-D: type qualifier is meaningless on cast type
..\..\..\Libraries\mavlink\v1.0\gremsyBGC\../common/./mavlink_msg_param_set.h(169): warning:  #191-D: type qualifier is meaningless on cast type
..\..\..\Libraries\mavlink\v1.0\gremsyBGC\../common/./mavlink_msg_param_set.h(179): warning:  #191-D: type qualifier is meaningless on cast type
..\..\..\Libraries\mavlink\v1.0\gremsyBGC\../common/./mavlink_msg_param_set.h(209): warning:  #191-D: type qualifier is meaningless on cast type
..\..\..\Libraries\mavlink\v1.0\gremsyBGC\../common/./mavlink_msg_gps_raw_int.h(237): warning:  #191-D: type qualifier is meaningless on cast type
..\..\..\Libraries\mavlink\v1.0\gremsyBGC\../common/./mavlink_msg_gps_raw_int.h(317): warning:  #191-D: type qualifier is meaningless on cast type
..\..\..\Libraries\mavlink\v1.0\gremsyBGC\../common/./mavlink_msg_debug.h(161): warning:  #191-D: type qualifier is meaningless on cast type
..\..\..\Libraries\mavlink\v1.0\gremsyBGC\./mavlink_msg_imu_calib_request.h(139): warning:  #191-D: type qualifier is meaningless on cast type
..\..\..\Libraries\mavlink\v1.0\gremsyBGC\./mavlink_msg_imu_calib_request.h(149): warning:  #191-D: type qualifier is meaningless on cast type
..\..\..\Libraries\mavlink\v1.0\gremsyBGC\./mavlink_msg_system_status.h(182): warning:  #191-D: type qualifier is meaningless on cast type
..\..\..\Libraries\mavlink\v1.0\gremsyBGC\./mavlink_msg_system_status.h(192): warning:  #191-D: type qualifier is meaningless on cast type
..\..\..\Libraries\mavlink\v1.0\gremsyBGC\./mavlink_msg_system_status.h(202): warning:  #191-D: type qualifier is meaningless on cast type
..\..\..\Libraries\mavlink\v1.0\gremsyBGC\./mavlink_msg_system_status.h(212): warning:  #191-D: type qualifier is meaningless on cast type
..\..\..\Libraries\mavlink\v1.0\gremsyBGC\./mavlink_msg_unique_id_request.h(128): warning:  #191-D: type qualifier is meaningless on cast type
..\..\..\Libraries\mavlink\v1.0\gremsyBGC\./mavlink_msg_unique_id_values.h(194): warning:  #191-D: type qualifier is meaningless on cast type
..\..\..\Libraries\mavlink\v1.0\gremsyBGC\./mavlink_msg_keycode_request.h(128): warning:  #191-D: type qualifier is meaningless on cast type
..\..\..\Libraries\mavlink\v1.0\gremsyBGC\./mavlink_msg_keycode_value.h(139): warning:  #191-D: type qualifier is meaningless on cast type
..\..\..\Libraries\mavlink\v1.0\gremsyBGC\./mavlink_msg_motors_control.h(128): warning:  #191-D: type qualifier is meaningless on cast type
..\gMavlinkV1_0.c(331): warning:  #167-D: argument of type "uint8_t *" is incompatible with parameter of type "const char *"
..\gMavlinkV1_0.c(340): warning:  #167-D: argument of type "uint8_t *" is incompatible with parameter of type "const char *"
..\gMavlinkV1_0.c(349): warning:  #167-D: argument of type "uint8_t *" is incompatible with parameter of type "const char *"
..\gMavlinkV1_0.c(360): warning:  #167-D: argument of type "uint8_t *" is incompatible with parameter of type "const char *"
..\gMavlinkV1_0.c(372): warning:  #167-D: argument of type "uint8_t *" is incompatible with parameter of type "const char *"
..\gMavlinkV1_0.c(387): warning:  #167-D: argument of type "uint8_t *" is incompatible with parameter of type "const char *"
..\gMavlinkV1_0.c(400): warning:  #167-D: argument of type "uint8_t *" is incompatible with parameter of type "const char *"
..\gMavlinkV1_0.c(413): warning:  #167-D: argument of type "uint8_t *" is incompatible with parameter of type "const char *"
..\gMavlinkV1_0.c(424): warning:  #167-D: argument of type "uint8_t *" is incompatible with parameter of type "const char *"
..\gMavlinkV1_0.c(435): warning:  #167-D: argument of type "uint8_t *" is incompatible with parameter of type "const char *"
..\gMavlinkV1_0.c(452): warning:  #167-D: argument of type "int8_t *" is incompatible with parameter of type "const char *"
..\gMavlinkV1_0.c(454): warning:  #167-D: argument of type "uint8_t *" is incompatible with parameter of type "const char *"
..\gMavlinkV1_0.c(620): warning:  #167-D: argument of type "int16_t *" is incompatible with parameter of type "uint16_t *"
compiling eeprom.c...
compiling globalData.c...
compiling attitude.c...
compiling motor.c...
compiling sensorCalib.c...
compiling sbus.c...
compiling mpu6000.c...
compiling radio.c...
compiling gpio.c...
compiling gMath.c...
compiling adc.c...
compiling ublox_gps.c...
compiling stm32f10x_rcc.c...
compiling stm32f10x_usart.c...
compiling stm32f10x_gpio.c...
compiling misc.c...
compiling stm32f10x_tim.c...
compiling stm32f10x_flash.c...
compiling stm32f10x_dma.c...
compiling stm32f10x_exti.c...
compiling stm32f10x_iwdg.c...
compiling stm32f10x_spi.c...
compiling stm32f10x_adc.c...
compiling core_cm3.c...
assembling startup_stm32f10x_md.s...
linking...
Program Size: Code=50688 RO-data=10064 RW-data=284 ZI-data=5124  
FromELF: creating hex file...
".\Obj\gStabi_r1_3_4.axf" - 0 Error(s), 41 Warning(s).
Build target 'gGimbal'
compiling radio.c...
linking...
Program Size: Code=49804 RO-data=10060 RW-data=284 ZI-data=5124  
FromELF: creating hex file...
".\Obj\gStabi_r1_3_4.axf" - 0 Error(s), 0 Warning(s).
Build target 'gGimbal'
compiling radio.c...
linking...
Program Size: Code=49808 RO-data=10064 RW-data=284 ZI-data=5124  
FromELF: creating hex file...
".\Obj\gStabi_r1_3_4.axf" - 0 Error(s), 0 Warning(s).
Build target 'gGimbal'
linking...
Program Size: Code=49808 RO-data=10064 RW-data=284 ZI-data=5124  
FromELF: creating hex file...
".\Obj\gStabi_r1_3_4.axf" - 0 Error(s), 0 Warning(s).
Build target 'gGimbal'
compiling radio.c...
linking...
Program Size: Code=49808 RO-data=10064 RW-data=284 ZI-data=5124  
FromELF: creating hex file...
".\Obj\gStabi_r1_3_4.axf" - 0 Error(s), 0 Warning(s).
Build target 'gGimbal'
compiling main.c...
..\main.c(144): error:  #136: struct "__gRadio" has no field "noHandCount"
..\main.c(144): error:  #20: identifier "HAND_NO_SIGNAL_COUNT" is undefined
compiling gMavlinkV1_0.c...
..\..\..\Libraries\mavlink\v1.0\gremsyBGC\../common/./mavlink_msg_heartbeat.h(183): warning:  #191-D: type qualifier is meaningless on cast type
..\..\..\Libraries\mavlink\v1.0\gremsyBGC\../common/./mavlink_msg_heartbeat.h(193): warning:  #191-D: type qualifier is meaningless on cast type
..\..\..\Libraries\mavlink\v1.0\gremsyBGC\../common/./mavlink_msg_heartbeat.h(203): warning:  #191-D: type qualifier is meaningless on cast type
..\..\..\Libraries\mavlink\v1.0\gremsyBGC\../common/./mavlink_msg_heartbeat.h(223): warning:  #191-D: type qualifier is meaningless on cast type
..\..\..\Libraries\mavlink\v1.0\gremsyBGC\../common/./mavlink_msg_heartbeat.h(233): warning:  #191-D: type qualifier is meaningless on cast type
..\..\..\Libraries\mavlink\v1.0\gremsyBGC\../common/./mavlink_msg_param_request_read.h(157): warning:  #191-D: type qualifier is meaningless on cast type
..\..\..\Libraries\mavlink\v1.0\gremsyBGC\../common/./mavlink_msg_param_request_read.h(167): warning:  #191-D: type qualifier is meaningless on cast type
..\..\..\Libraries\mavlink\v1.0\gremsyBGC\../common/./mavlink_msg_param_request_list.h(142): warning:  #191-D: type qualifier is meaningless on cast type
..\..\..\Libraries\mavlink\v1.0\gremsyBGC\../common/./mavlink_msg_param_request_list.h(152): warning:  #191-D: type qualifier is meaningless on cast type
..\..\..\Libraries\mavlink\v1.0\gremsyBGC\../common/./mavlink_msg_param_value.h(188): warning:  #191-D: type qualifier is meaningless on cast type
..\..\..\Libraries\mavlink\v1.0\gremsyBGC\../common/./mavlink_msg_param_set.h(169): warning:  #191-D: type qualifier is meaningless on cast type
..\..\..\Libraries\mavlink\v1.0\gremsyBGC\../common/./mavlink_msg_param_set.h(179): warning:  #191-D: type qualifier is meaningless on cast type
..\..\..\Libraries\mavlink\v1.0\gremsyBGC\../common/./mavlink_msg_param_set.h(209): warning:  #191-D: type qualifier is meaningless on cast type
..\..\..\Libraries\mavlink\v1.0\gremsyBGC\../common/./mavlink_msg_gps_raw_int.h(237): warning:  #191-D: type qualifier is meaningless on cast type
..\..\..\Libraries\mavlink\v1.0\gremsyBGC\../common/./mavlink_msg_gps_raw_int.h(317): warning:  #191-D: type qualifier is meaningless on cast type
..\..\..\Libraries\mavlink\v1.0\gremsyBGC\../common/./mavlink_msg_debug.h(161): warning:  #191-D: type qualifier is meaningless on cast type
..\..\..\Libraries\mavlink\v1.0\gremsyBGC\./mavlink_msg_imu_calib_request.h(139): warning:  #191-D: type qualifier is meaningless on cast type
..\..\..\Libraries\mavlink\v1.0\gremsyBGC\./mavlink_msg_imu_calib_request.h(149): warning:  #191-D: type qualifier is meaningless on cast type
..\..\..\Libraries\mavlink\v1.0\gremsyBGC\./mavlink_msg_system_status.h(182): warning:  #191-D: type qualifier is meaningless on cast type
..\..\..\Libraries\mavlink\v1.0\gremsyBGC\./mavlink_msg_system_status.h(192): warning:  #191-D: type qualifier is meaningless on cast type
..\..\..\Libraries\mavlink\v1.0\gremsyBGC\./mavlink_msg_system_status.h(202): warning:  #191-D: type qualifier is meaningless on cast type
..\..\..\Libraries\mavlink\v1.0\gremsyBGC\./mavlink_msg_system_status.h(212): warning:  #191-D: type qualifier is meaningless on cast type
..\..\..\Libraries\mavlink\v1.0\gremsyBGC\./mavlink_msg_unique_id_request.h(128): warning:  #191-D: type qualifier is meaningless on cast type
..\..\..\Libraries\mavlink\v1.0\gremsyBGC\./mavlink_msg_unique_id_values.h(194): warning:  #191-D: type qualifier is meaningless on cast type
..\..\..\Libraries\mavlink\v1.0\gremsyBGC\./mavlink_msg_keycode_request.h(128): warning:  #191-D: type qualifier is meaningless on cast type
..\..\..\Libraries\mavlink\v1.0\gremsyBGC\./mavlink_msg_keycode_value.h(139): warning:  #191-D: type qualifier is meaningless on cast type
..\..\..\Libraries\mavlink\v1.0\gremsyBGC\./mavlink_msg_motors_control.h(128): warning:  #191-D: type qualifier is meaningless on cast type
..\gMavlinkV1_0.c(331): warning:  #167-D: argument of type "uint8_t *" is incompatible with parameter of type "const char *"
..\gMavlinkV1_0.c(340): warning:  #167-D: argument of type "uint8_t *" is incompatible with parameter of type "const char *"
..\gMavlinkV1_0.c(349): warning:  #167-D: argument of type "uint8_t *" is incompatible with parameter of type "const char *"
..\gMavlinkV1_0.c(360): warning:  #167-D: argument of type "uint8_t *" is incompatible with parameter of type "const char *"
..\gMavlinkV1_0.c(372): warning:  #167-D: argument of type "uint8_t *" is incompatible with parameter of type "const char *"
..\gMavlinkV1_0.c(387): warning:  #167-D: argument of type "uint8_t *" is incompatible with parameter of type "const char *"
..\gMavlinkV1_0.c(400): warning:  #167-D: argument of type "uint8_t *" is incompatible with parameter of type "const char *"
..\gMavlinkV1_0.c(413): warning:  #167-D: argument of type "uint8_t *" is incompatible with parameter of type "const char *"
..\gMavlinkV1_0.c(424): warning:  #167-D: argument of type "uint8_t *" is incompatible with parameter of type "const char *"
..\gMavlinkV1_0.c(435): warning:  #167-D: argument of type "uint8_t *" is incompatible with parameter of type "const char *"
..\gMavlinkV1_0.c(452): warning:  #167-D: argument of type "int8_t *" is incompatible with parameter of type "const char *"
..\gMavlinkV1_0.c(454): warning:  #167-D: argument of type "uint8_t *" is incompatible with parameter of type "const char *"
..\gMavlinkV1_0.c(620): warning:  #167-D: argument of type "int16_t *" is incompatible with parameter of type "uint16_t *"
..\gMavlinkV1_0.c(687): error:  #136: struct "__gRadio" has no field "handChan"
..\gMavlinkV1_0.c(687): error:  #20: identifier "HAND_PITCH" is undefined
..\gMavlinkV1_0.c(688): error:  #136: struct "__gRadio" has no field "handChan"
..\gMavlinkV1_0.c(688): error:  #20: identifier "HAND_YAW" is undefined
..\gMavlinkV1_0.c(689): error:  #136: struct "__gRadio" has no field "noHandCount"
compiling globalData.c...
compiling attitude.c...
compiling motor.c...
compiling sensorCalib.c...
compiling sbus.c...
compiling mpu6000.c...
compiling radio.c...
compiling gpio.c...
compiling gMath.c...
compiling adc.c...
compiling ublox_gps.c...
Target not created
Build target 'gGimbal'
compiling main.c...
..\main.c(144): error:  #136: struct "__gRadio" has no field "noHandCount"
..\main.c(144): error:  #20: identifier "HAND_NO_SIGNAL_COUNT" is undefined
compiling gMavlinkV1_0.c...
..\..\..\Libraries\mavlink\v1.0\gremsyBGC\../common/./mavlink_msg_heartbeat.h(183): warning:  #191-D: type qualifier is meaningless on cast type
..\..\..\Libraries\mavlink\v1.0\gremsyBGC\../common/./mavlink_msg_heartbeat.h(193): warning:  #191-D: type qualifier is meaningless on cast type
..\..\..\Libraries\mavlink\v1.0\gremsyBGC\../common/./mavlink_msg_heartbeat.h(203): warning:  #191-D: type qualifier is meaningless on cast type
..\..\..\Libraries\mavlink\v1.0\gremsyBGC\../common/./mavlink_msg_heartbeat.h(223): warning:  #191-D: type qualifier is meaningless on cast type
..\..\..\Libraries\mavlink\v1.0\gremsyBGC\../common/./mavlink_msg_heartbeat.h(233): warning:  #191-D: type qualifier is meaningless on cast type
..\..\..\Libraries\mavlink\v1.0\gremsyBGC\../common/./mavlink_msg_param_request_read.h(157): warning:  #191-D: type qualifier is meaningless on cast type
..\..\..\Libraries\mavlink\v1.0\gremsyBGC\../common/./mavlink_msg_param_request_read.h(167): warning:  #191-D: type qualifier is meaningless on cast type
..\..\..\Libraries\mavlink\v1.0\gremsyBGC\../common/./mavlink_msg_param_request_list.h(142): warning:  #191-D: type qualifier is meaningless on cast type
..\..\..\Libraries\mavlink\v1.0\gremsyBGC\../common/./mavlink_msg_param_request_list.h(152): warning:  #191-D: type qualifier is meaningless on cast type
..\..\..\Libraries\mavlink\v1.0\gremsyBGC\../common/./mavlink_msg_param_value.h(188): warning:  #191-D: type qualifier is meaningless on cast type
..\..\..\Libraries\mavlink\v1.0\gremsyBGC\../common/./mavlink_msg_param_set.h(169): warning:  #191-D: type qualifier is meaningless on cast type
..\..\..\Libraries\mavlink\v1.0\gremsyBGC\../common/./mavlink_msg_param_set.h(179): warning:  #191-D: type qualifier is meaningless on cast type
..\..\..\Libraries\mavlink\v1.0\gremsyBGC\../common/./mavlink_msg_param_set.h(209): warning:  #191-D: type qualifier is meaningless on cast type
..\..\..\Libraries\mavlink\v1.0\gremsyBGC\../common/./mavlink_msg_gps_raw_int.h(237): warning:  #191-D: type qualifier is meaningless on cast type
..\..\..\Libraries\mavlink\v1.0\gremsyBGC\../common/./mavlink_msg_gps_raw_int.h(317): warning:  #191-D: type qualifier is meaningless on cast type
..\..\..\Libraries\mavlink\v1.0\gremsyBGC\../common/./mavlink_msg_debug.h(161): warning:  #191-D: type qualifier is meaningless on cast type
..\..\..\Libraries\mavlink\v1.0\gremsyBGC\./mavlink_msg_imu_calib_request.h(139): warning:  #191-D: type qualifier is meaningless on cast type
..\..\..\Libraries\mavlink\v1.0\gremsyBGC\./mavlink_msg_imu_calib_request.h(149): warning:  #191-D: type qualifier is meaningless on cast type
..\..\..\Libraries\mavlink\v1.0\gremsyBGC\./mavlink_msg_system_status.h(182): warning:  #191-D: type qualifier is meaningless on cast type
..\..\..\Libraries\mavlink\v1.0\gremsyBGC\./mavlink_msg_system_status.h(192): warning:  #191-D: type qualifier is meaningless on cast type
..\..\..\Libraries\mavlink\v1.0\gremsyBGC\./mavlink_msg_system_status.h(202): warning:  #191-D: type qualifier is meaningless on cast type
..\..\..\Libraries\mavlink\v1.0\gremsyBGC\./mavlink_msg_system_status.h(212): warning:  #191-D: type qualifier is meaningless on cast type
..\..\..\Libraries\mavlink\v1.0\gremsyBGC\./mavlink_msg_unique_id_request.h(128): warning:  #191-D: type qualifier is meaningless on cast type
..\..\..\Libraries\mavlink\v1.0\gremsyBGC\./mavlink_msg_unique_id_values.h(194): warning:  #191-D: type qualifier is meaningless on cast type
..\..\..\Libraries\mavlink\v1.0\gremsyBGC\./mavlink_msg_keycode_request.h(128): warning:  #191-D: type qualifier is meaningless on cast type
..\..\..\Libraries\mavlink\v1.0\gremsyBGC\./mavlink_msg_keycode_value.h(139): warning:  #191-D: type qualifier is meaningless on cast type
..\..\..\Libraries\mavlink\v1.0\gremsyBGC\./mavlink_msg_motors_control.h(128): warning:  #191-D: type qualifier is meaningless on cast type
..\gMavlinkV1_0.c(331): warning:  #167-D: argument of type "uint8_t *" is incompatible with parameter of type "const char *"
..\gMavlinkV1_0.c(340): warning:  #167-D: argument of type "uint8_t *" is incompatible with parameter of type "const char *"
..\gMavlinkV1_0.c(349): warning:  #167-D: argument of type "uint8_t *" is incompatible with parameter of type "const char *"
..\gMavlinkV1_0.c(360): warning:  #167-D: argument of type "uint8_t *" is incompatible with parameter of type "const char *"
..\gMavlinkV1_0.c(372): warning:  #167-D: argument of type "uint8_t *" is incompatible with parameter of type "const char *"
..\gMavlinkV1_0.c(387): warning:  #167-D: argument of type "uint8_t *" is incompatible with parameter of type "const char *"
..\gMavlinkV1_0.c(400): warning:  #167-D: argument of type "uint8_t *" is incompatible with parameter of type "const char *"
..\gMavlinkV1_0.c(413): warning:  #167-D: argument of type "uint8_t *" is incompatible with parameter of type "const char *"
..\gMavlinkV1_0.c(424): warning:  #167-D: argument of type "uint8_t *" is incompatible with parameter of type "const char *"
..\gMavlinkV1_0.c(435): warning:  #167-D: argument of type "uint8_t *" is incompatible with parameter of type "const char *"
..\gMavlinkV1_0.c(452): warning:  #167-D: argument of type "int8_t *" is incompatible with parameter of type "const char *"
..\gMavlinkV1_0.c(454): warning:  #167-D: argument of type "uint8_t *" is incompatible with parameter of type "const char *"
..\gMavlinkV1_0.c(620): warning:  #167-D: argument of type "int16_t *" is incompatible with parameter of type "uint16_t *"
Target not created
Build target 'gGimbal'
compiling main.c...
linking...
Program Size: Code=49360 RO-data=10064 RW-data=284 ZI-data=5100  
FromELF: creating hex file...
".\Obj\gStabi_r1_3_4.axf" - 0 Error(s), 0 Warning(s).
Build target 'gGimbal'
linking...
Program Size: Code=49360 RO-data=10064 RW-data=284 ZI-data=5100  
FromELF: creating hex file...
".\Obj\gStabi_r1_3_4.axf" - 0 Error(s), 0 Warning(s).
Build target 'gGimbal'
compiling radio.c...
linking...
Program Size: Code=47852 RO-data=10060 RW-data=284 ZI-data=5100  
FromELF: creating hex file...
".\Obj\gStabi_r1_3_4.axf" - 0 Error(s), 0 Warning(s).
Build target 'gGimbal'
compiling radio.c...
..\radio.c(242): error:  #20: identifier "gmot" is undefined
..\radio.c(243): error:  #65: expected a ";"
Target not created
Build target 'gGimbal'
compiling radio.c...
linking...
Program Size: Code=47884 RO-data=10060 RW-data=284 ZI-data=5100  
FromELF: creating hex file...
".\Obj\gStabi_r1_3_4.axf" - 0 Error(s), 0 Warning(s).
Build target 'gGimbal'
compiling radio.c...
linking...
Program Size: Code=47900 RO-data=10060 RW-data=284 ZI-data=5100  
FromELF: creating hex file...
".\Obj\gStabi_r1_3_4.axf" - 0 Error(s), 0 Warning(s).
Build target 'gGimbal'
linking...
Program Size: Code=47900 RO-data=10060 RW-data=284 ZI-data=5100  
FromELF: creating hex file...
".\Obj\gStabi_r1_3_4.axf" - 0 Error(s), 0 Warning(s).
Build target 'gGimbal'
linking...
Program Size: Code=47900 RO-data=10060 RW-data=284 ZI-data=5100  
FromELF: creating hex file...
".\Obj\gStabi_r1_3_4.axf" - 0 Error(s), 0 Warning(s).
Build target 'gGimbal'
linking...
Program Size: Code=47900 RO-data=10060 RW-data=284 ZI-data=5100  
FromELF: creating hex file...
".\Obj\gStabi_r1_3_4.axf" - 0 Error(s), 0 Warning(s).
Build target 'gGimbal'
linking...
Program Size: Code=47900 RO-data=10060 RW-data=284 ZI-data=5100  
FromELF: creating hex file...
".\Obj\gStabi_r1_3_4.axf" - 0 Error(s), 0 Warning(s).
Build target 'gGimbal'
compiling main.c...
compiling gMavlinkV1_0.c...
..\..\..\Libraries\mavlink\v1.0\gremsyBGC\../common/./mavlink_msg_heartbeat.h(183): warning:  #191-D: type qualifier is meaningless on cast type
..\..\..\Libraries\mavlink\v1.0\gremsyBGC\../common/./mavlink_msg_heartbeat.h(193): warning:  #191-D: type qualifier is meaningless on cast type
..\..\..\Libraries\mavlink\v1.0\gremsyBGC\../common/./mavlink_msg_heartbeat.h(203): warning:  #191-D: type qualifier is meaningless on cast type
..\..\..\Libraries\mavlink\v1.0\gremsyBGC\../common/./mavlink_msg_heartbeat.h(223): warning:  #191-D: type qualifier is meaningless on cast type
..\..\..\Libraries\mavlink\v1.0\gremsyBGC\../common/./mavlink_msg_heartbeat.h(233): warning:  #191-D: type qualifier is meaningless on cast type
..\..\..\Libraries\mavlink\v1.0\gremsyBGC\../common/./mavlink_msg_param_request_read.h(157): warning:  #191-D: type qualifier is meaningless on cast type
..\..\..\Libraries\mavlink\v1.0\gremsyBGC\../common/./mavlink_msg_param_request_read.h(167): warning:  #191-D: type qualifier is meaningless on cast type
..\..\..\Libraries\mavlink\v1.0\gremsyBGC\../common/./mavlink_msg_param_request_list.h(142): warning:  #191-D: type qualifier is meaningless on cast type
..\..\..\Libraries\mavlink\v1.0\gremsyBGC\../common/./mavlink_msg_param_request_list.h(152): warning:  #191-D: type qualifier is meaningless on cast type
..\..\..\Libraries\mavlink\v1.0\gremsyBGC\../common/./mavlink_msg_param_value.h(188): warning:  #191-D: type qualifier is meaningless on cast type
..\..\..\Libraries\mavlink\v1.0\gremsyBGC\../common/./mavlink_msg_param_set.h(169): warning:  #191-D: type qualifier is meaningless on cast type
..\..\..\Libraries\mavlink\v1.0\gremsyBGC\../common/./mavlink_msg_param_set.h(179): warning:  #191-D: type qualifier is meaningless on cast type
..\..\..\Libraries\mavlink\v1.0\gremsyBGC\../common/./mavlink_msg_param_set.h(209): warning:  #191-D: type qualifier is meaningless on cast type
..\..\..\Libraries\mavlink\v1.0\gremsyBGC\../common/./mavlink_msg_gps_raw_int.h(237): warning:  #191-D: type qualifier is meaningless on cast type
..\..\..\Libraries\mavlink\v1.0\gremsyBGC\../common/./mavlink_msg_gps_raw_int.h(317): warning:  #191-D: type qualifier is meaningless on cast type
..\..\..\Libraries\mavlink\v1.0\gremsyBGC\../common/./mavlink_msg_debug.h(161): warning:  #191-D: type qualifier is meaningless on cast type
..\..\..\Libraries\mavlink\v1.0\gremsyBGC\./mavlink_msg_imu_calib_request.h(139): warning:  #191-D: type qualifier is meaningless on cast type
..\..\..\Libraries\mavlink\v1.0\gremsyBGC\./mavlink_msg_imu_calib_request.h(149): warning:  #191-D: type qualifier is meaningless on cast type
..\..\..\Libraries\mavlink\v1.0\gremsyBGC\./mavlink_msg_system_status.h(182): warning:  #191-D: type qualifier is meaningless on cast type
..\..\..\Libraries\mavlink\v1.0\gremsyBGC\./mavlink_msg_system_status.h(192): warning:  #191-D: type qualifier is meaningless on cast type
..\..\..\Libraries\mavlink\v1.0\gremsyBGC\./mavlink_msg_system_status.h(202): warning:  #191-D: type qualifier is meaningless on cast type
..\..\..\Libraries\mavlink\v1.0\gremsyBGC\./mavlink_msg_system_status.h(212): warning:  #191-D: type qualifier is meaningless on cast type
..\..\..\Libraries\mavlink\v1.0\gremsyBGC\./mavlink_msg_unique_id_request.h(128): warning:  #191-D: type qualifier is meaningless on cast type
..\..\..\Libraries\mavlink\v1.0\gremsyBGC\./mavlink_msg_unique_id_values.h(194): warning:  #191-D: type qualifier is meaningless on cast type
..\..\..\Libraries\mavlink\v1.0\gremsyBGC\./mavlink_msg_keycode_request.h(128): warning:  #191-D: type qualifier is meaningless on cast type
..\..\..\Libraries\mavlink\v1.0\gremsyBGC\./mavlink_msg_keycode_value.h(139): warning:  #191-D: type qualifier is meaningless on cast type
..\..\..\Libraries\mavlink\v1.0\gremsyBGC\./mavlink_msg_motors_control.h(128): warning:  #191-D: type qualifier is meaningless on cast type
..\gMavlinkV1_0.c(331): warning:  #167-D: argument of type "uint8_t *" is incompatible with parameter of type "const char *"
..\gMavlinkV1_0.c(340): warning:  #167-D: argument of type "uint8_t *" is incompatible with parameter of type "const char *"
..\gMavlinkV1_0.c(349): warning:  #167-D: argument of type "uint8_t *" is incompatible with parameter of type "const char *"
..\gMavlinkV1_0.c(360): warning:  #167-D: argument of type "uint8_t *" is incompatible with parameter of type "const char *"
..\gMavlinkV1_0.c(372): warning:  #167-D: argument of type "uint8_t *" is incompatible with parameter of type "const char *"
..\gMavlinkV1_0.c(387): warning:  #167-D: argument of type "uint8_t *" is incompatible with parameter of type "const char *"
..\gMavlinkV1_0.c(400): warning:  #167-D: argument of type "uint8_t *" is incompatible with parameter of type "const char *"
..\gMavlinkV1_0.c(413): warning:  #167-D: argument of type "uint8_t *" is incompatible with parameter of type "const char *"
..\gMavlinkV1_0.c(424): warning:  #167-D: argument of type "uint8_t *" is incompatible with parameter of type "const char *"
..\gMavlinkV1_0.c(435): warning:  #167-D: argument of type "uint8_t *" is incompatible with parameter of type "const char *"
..\gMavlinkV1_0.c(452): warning:  #167-D: argument of type "int8_t *" is incompatible with parameter of type "const char *"
..\gMavlinkV1_0.c(454): warning:  #167-D: argument of type "uint8_t *" is incompatible with parameter of type "const char *"
..\gMavlinkV1_0.c(620): warning:  #167-D: argument of type "int16_t *" is incompatible with parameter of type "uint16_t *"
compiling globalData.c...
compiling attitude.c...
compiling motor.c...
compiling sensorCalib.c...
compiling sbus.c...
compiling mpu6000.c...
compiling radio.c...
compiling gpio.c...
compiling gMath.c...
compiling adc.c...
compiling ublox_gps.c...
linking...
Program Size: Code=47900 RO-data=10060 RW-data=284 ZI-data=5108  
FromELF: creating hex file...
".\Obj\gStabi_r1_3_4.axf" - 0 Error(s), 40 Warning(s).
Build target 'gGimbal'
compiling gMavlinkV1_0.c...
..\..\..\Libraries\mavlink\v1.0\gremsyBGC\../common/./mavlink_msg_heartbeat.h(183): warning:  #191-D: type qualifier is meaningless on cast type
..\..\..\Libraries\mavlink\v1.0\gremsyBGC\../common/./mavlink_msg_heartbeat.h(193): warning:  #191-D: type qualifier is meaningless on cast type
..\..\..\Libraries\mavlink\v1.0\gremsyBGC\../common/./mavlink_msg_heartbeat.h(203): warning:  #191-D: type qualifier is meaningless on cast type
..\..\..\Libraries\mavlink\v1.0\gremsyBGC\../common/./mavlink_msg_heartbeat.h(223): warning:  #191-D: type qualifier is meaningless on cast type
..\..\..\Libraries\mavlink\v1.0\gremsyBGC\../common/./mavlink_msg_heartbeat.h(233): warning:  #191-D: type qualifier is meaningless on cast type
..\..\..\Libraries\mavlink\v1.0\gremsyBGC\../common/./mavlink_msg_param_request_read.h(157): warning:  #191-D: type qualifier is meaningless on cast type
..\..\..\Libraries\mavlink\v1.0\gremsyBGC\../common/./mavlink_msg_param_request_read.h(167): warning:  #191-D: type qualifier is meaningless on cast type
..\..\..\Libraries\mavlink\v1.0\gremsyBGC\../common/./mavlink_msg_param_request_list.h(142): warning:  #191-D: type qualifier is meaningless on cast type
..\..\..\Libraries\mavlink\v1.0\gremsyBGC\../common/./mavlink_msg_param_request_list.h(152): warning:  #191-D: type qualifier is meaningless on cast type
..\..\..\Libraries\mavlink\v1.0\gremsyBGC\../common/./mavlink_msg_param_value.h(188): warning:  #191-D: type qualifier is meaningless on cast type
..\..\..\Libraries\mavlink\v1.0\gremsyBGC\../common/./mavlink_msg_param_set.h(169): warning:  #191-D: type qualifier is meaningless on cast type
..\..\..\Libraries\mavlink\v1.0\gremsyBGC\../common/./mavlink_msg_param_set.h(179): warning:  #191-D: type qualifier is meaningless on cast type
..\..\..\Libraries\mavlink\v1.0\gremsyBGC\../common/./mavlink_msg_param_set.h(209): warning:  #191-D: type qualifier is meaningless on cast type
..\..\..\Libraries\mavlink\v1.0\gremsyBGC\../common/./mavlink_msg_gps_raw_int.h(237): warning:  #191-D: type qualifier is meaningless on cast type
..\..\..\Libraries\mavlink\v1.0\gremsyBGC\../common/./mavlink_msg_gps_raw_int.h(317): warning:  #191-D: type qualifier is meaningless on cast type
..\..\..\Libraries\mavlink\v1.0\gremsyBGC\../common/./mavlink_msg_debug.h(161): warning:  #191-D: type qualifier is meaningless on cast type
..\..\..\Libraries\mavlink\v1.0\gremsyBGC\./mavlink_msg_imu_calib_request.h(139): warning:  #191-D: type qualifier is meaningless on cast type
..\..\..\Libraries\mavlink\v1.0\gremsyBGC\./mavlink_msg_imu_calib_request.h(149): warning:  #191-D: type qualifier is meaningless on cast type
..\..\..\Libraries\mavlink\v1.0\gremsyBGC\./mavlink_msg_system_status.h(182): warning:  #191-D: type qualifier is meaningless on cast type
..\..\..\Libraries\mavlink\v1.0\gremsyBGC\./mavlink_msg_system_status.h(192): warning:  #191-D: type qualifier is meaningless on cast type
..\..\..\Libraries\mavlink\v1.0\gremsyBGC\./mavlink_msg_system_status.h(202): warning:  #191-D: type qualifier is meaningless on cast type
..\..\..\Libraries\mavlink\v1.0\gremsyBGC\./mavlink_msg_system_status.h(212): warning:  #191-D: type qualifier is meaningless on cast type
..\..\..\Libraries\mavlink\v1.0\gremsyBGC\./mavlink_msg_unique_id_request.h(128): warning:  #191-D: type qualifier is meaningless on cast type
..\..\..\Libraries\mavlink\v1.0\gremsyBGC\./mavlink_msg_unique_id_values.h(194): warning:  #191-D: type qualifier is meaningless on cast type
..\..\..\Libraries\mavlink\v1.0\gremsyBGC\./mavlink_msg_keycode_request.h(128): warning:  #191-D: type qualifier is meaningless on cast type
..\..\..\Libraries\mavlink\v1.0\gremsyBGC\./mavlink_msg_keycode_value.h(139): warning:  #191-D: type qualifier is meaningless on cast type
..\..\..\Libraries\mavlink\v1.0\gremsyBGC\./mavlink_msg_motors_control.h(128): warning:  #191-D: type qualifier is meaningless on cast type
..\gMavlinkV1_0.c(337): warning:  #167-D: argument of type "uint8_t *" is incompatible with parameter of type "const char *"
..\gMavlinkV1_0.c(346): warning:  #167-D: argument of type "uint8_t *" is incompatible with parameter of type "const char *"
..\gMavlinkV1_0.c(355): warning:  #167-D: argument of type "uint8_t *" is incompatible with parameter of type "const char *"
..\gMavlinkV1_0.c(366): warning:  #167-D: argument of type "uint8_t *" is incompatible with parameter of type "const char *"
..\gMavlinkV1_0.c(378): warning:  #167-D: argument of type "uint8_t *" is incompatible with parameter of type "const char *"
..\gMavlinkV1_0.c(393): warning:  #167-D: argument of type "uint8_t *" is incompatible with parameter of type "const char *"
..\gMavlinkV1_0.c(406): warning:  #167-D: argument of type "uint8_t *" is incompatible with parameter of type "const char *"
..\gMavlinkV1_0.c(419): warning:  #167-D: argument of type "uint8_t *" is incompatible with parameter of type "const char *"
..\gMavlinkV1_0.c(430): warning:  #167-D: argument of type "uint8_t *" is incompatible with parameter of type "const char *"
..\gMavlinkV1_0.c(441): warning:  #167-D: argument of type "uint8_t *" is incompatible with parameter of type "const char *"
..\gMavlinkV1_0.c(458): warning:  #167-D: argument of type "int8_t *" is incompatible with parameter of type "const char *"
..\gMavlinkV1_0.c(460): warning:  #167-D: argument of type "uint8_t *" is incompatible with parameter of type "const char *"
..\gMavlinkV1_0.c(626): warning:  #167-D: argument of type "int16_t *" is incompatible with parameter of type "uint16_t *"
linking...
Program Size: Code=47944 RO-data=10064 RW-data=284 ZI-data=5108  
FromELF: creating hex file...
".\Obj\gStabi_r1_3_4.axf" - 0 Error(s), 40 Warning(s).
Build target 'gGimbal'
compiling main.c...
compiling gMavlinkV1_0.c...
..\..\..\Libraries\mavlink\v1.0\gremsyBGC\../common/./mavlink_msg_heartbeat.h(183): warning:  #191-D: type qualifier is meaningless on cast type
..\..\..\Libraries\mavlink\v1.0\gremsyBGC\../common/./mavlink_msg_heartbeat.h(193): warning:  #191-D: type qualifier is meaningless on cast type
..\..\..\Libraries\mavlink\v1.0\gremsyBGC\../common/./mavlink_msg_heartbeat.h(203): warning:  #191-D: type qualifier is meaningless on cast type
..\..\..\Libraries\mavlink\v1.0\gremsyBGC\../common/./mavlink_msg_heartbeat.h(223): warning:  #191-D: type qualifier is meaningless on cast type
..\..\..\Libraries\mavlink\v1.0\gremsyBGC\../common/./mavlink_msg_heartbeat.h(233): warning:  #191-D: type qualifier is meaningless on cast type
..\..\..\Libraries\mavlink\v1.0\gremsyBGC\../common/./mavlink_msg_param_request_read.h(157): warning:  #191-D: type qualifier is meaningless on cast type
..\..\..\Libraries\mavlink\v1.0\gremsyBGC\../common/./mavlink_msg_param_request_read.h(167): warning:  #191-D: type qualifier is meaningless on cast type
..\..\..\Libraries\mavlink\v1.0\gremsyBGC\../common/./mavlink_msg_param_request_list.h(142): warning:  #191-D: type qualifier is meaningless on cast type
..\..\..\Libraries\mavlink\v1.0\gremsyBGC\../common/./mavlink_msg_param_request_list.h(152): warning:  #191-D: type qualifier is meaningless on cast type
..\..\..\Libraries\mavlink\v1.0\gremsyBGC\../common/./mavlink_msg_param_value.h(188): warning:  #191-D: type qualifier is meaningless on cast type
..\..\..\Libraries\mavlink\v1.0\gremsyBGC\../common/./mavlink_msg_param_set.h(169): warning:  #191-D: type qualifier is meaningless on cast type
..\..\..\Libraries\mavlink\v1.0\gremsyBGC\../common/./mavlink_msg_param_set.h(179): warning:  #191-D: type qualifier is meaningless on cast type
..\..\..\Libraries\mavlink\v1.0\gremsyBGC\../common/./mavlink_msg_param_set.h(209): warning:  #191-D: type qualifier is meaningless on cast type
..\..\..\Libraries\mavlink\v1.0\gremsyBGC\../common/./mavlink_msg_gps_raw_int.h(237): warning:  #191-D: type qualifier is meaningless on cast type
..\..\..\Libraries\mavlink\v1.0\gremsyBGC\../common/./mavlink_msg_gps_raw_int.h(317): warning:  #191-D: type qualifier is meaningless on cast type
..\..\..\Libraries\mavlink\v1.0\gremsyBGC\../common/./mavlink_msg_debug.h(161): warning:  #191-D: type qualifier is meaningless on cast type
..\..\..\Libraries\mavlink\v1.0\gremsyBGC\./mavlink_msg_imu_calib_request.h(139): warning:  #191-D: type qualifier is meaningless on cast type
..\..\..\Libraries\mavlink\v1.0\gremsyBGC\./mavlink_msg_imu_calib_request.h(149): warning:  #191-D: type qualifier is meaningless on cast type
..\..\..\Libraries\mavlink\v1.0\gremsyBGC\./mavlink_msg_system_status.h(182): warning:  #191-D: type qualifier is meaningless on cast type
..\..\..\Libraries\mavlink\v1.0\gremsyBGC\./mavlink_msg_system_status.h(192): warning:  #191-D: type qualifier is meaningless on cast type
..\..\..\Libraries\mavlink\v1.0\gremsyBGC\./mavlink_msg_system_status.h(202): warning:  #191-D: type qualifier is meaningless on cast type
..\..\..\Libraries\mavlink\v1.0\gremsyBGC\./mavlink_msg_system_status.h(212): warning:  #191-D: type qualifier is meaningless on cast type
..\..\..\Libraries\mavlink\v1.0\gremsyBGC\./mavlink_msg_unique_id_request.h(128): warning:  #191-D: type qualifier is meaningless on cast type
..\..\..\Libraries\mavlink\v1.0\gremsyBGC\./mavlink_msg_unique_id_values.h(194): warning:  #191-D: type qualifier is meaningless on cast type
..\..\..\Libraries\mavlink\v1.0\gremsyBGC\./mavlink_msg_keycode_request.h(128): warning:  #191-D: type qualifier is meaningless on cast type
..\..\..\Libraries\mavlink\v1.0\gremsyBGC\./mavlink_msg_keycode_value.h(139): warning:  #191-D: type qualifier is meaningless on cast type
..\..\..\Libraries\mavlink\v1.0\gremsyBGC\./mavlink_msg_motors_control.h(128): warning:  #191-D: type qualifier is meaningless on cast type
..\gMavlinkV1_0.c(337): warning:  #167-D: argument of type "uint8_t *" is incompatible with parameter of type "const char *"
..\gMavlinkV1_0.c(346): warning:  #167-D: argument of type "uint8_t *" is incompatible with parameter of type "const char *"
..\gMavlinkV1_0.c(355): warning:  #167-D: argument of type "uint8_t *" is incompatible with parameter of type "const char *"
..\gMavlinkV1_0.c(366): warning:  #167-D: argument of type "uint8_t *" is incompatible with parameter of type "const char *"
..\gMavlinkV1_0.c(378): warning:  #167-D: argument of type "uint8_t *" is incompatible with parameter of type "const char *"
..\gMavlinkV1_0.c(393): warning:  #167-D: argument of type "uint8_t *" is incompatible with parameter of type "const char *"
..\gMavlinkV1_0.c(406): warning:  #167-D: argument of type "uint8_t *" is incompatible with parameter of type "const char *"
..\gMavlinkV1_0.c(419): warning:  #167-D: argument of type "uint8_t *" is incompatible with parameter of type "const char *"
..\gMavlinkV1_0.c(430): warning:  #167-D: argument of type "uint8_t *" is incompatible with parameter of type "const char *"
..\gMavlinkV1_0.c(441): warning:  #167-D: argument of type "uint8_t *" is incompatible with parameter of type "const char *"
..\gMavlinkV1_0.c(458): warning:  #167-D: argument of type "int8_t *" is incompatible with parameter of type "const char *"
..\gMavlinkV1_0.c(460): warning:  #167-D: argument of type "uint8_t *" is incompatible with parameter of type "const char *"
..\gMavlinkV1_0.c(632): warning:  #167-D: argument of type "int16_t *" is incompatible with parameter of type "uint16_t *"
compiling globalData.c...
compiling attitude.c...
compiling motor.c...
compiling sensorCalib.c...
compiling sbus.c...
compiling mpu6000.c...
compiling radio.c...
compiling gpio.c...
compiling gMath.c...
compiling adc.c...
compiling ublox_gps.c...
linking...
Program Size: Code=48016 RO-data=10064 RW-data=284 ZI-data=5108  
FromELF: creating hex file...
".\Obj\gStabi_r1_3_4.axf" - 0 Error(s), 40 Warning(s).
Build target 'gGimbal'
compiling main.c...
compiling gMavlinkV1_0.c...
..\..\..\Libraries\mavlink\v1.0\gremsyBGC\../common/./mavlink_msg_heartbeat.h(183): warning:  #191-D: type qualifier is meaningless on cast type
..\..\..\Libraries\mavlink\v1.0\gremsyBGC\../common/./mavlink_msg_heartbeat.h(193): warning:  #191-D: type qualifier is meaningless on cast type
..\..\..\Libraries\mavlink\v1.0\gremsyBGC\../common/./mavlink_msg_heartbeat.h(203): warning:  #191-D: type qualifier is meaningless on cast type
..\..\..\Libraries\mavlink\v1.0\gremsyBGC\../common/./mavlink_msg_heartbeat.h(223): warning:  #191-D: type qualifier is meaningless on cast type
..\..\..\Libraries\mavlink\v1.0\gremsyBGC\../common/./mavlink_msg_heartbeat.h(233): warning:  #191-D: type qualifier is meaningless on cast type
..\..\..\Libraries\mavlink\v1.0\gremsyBGC\../common/./mavlink_msg_param_request_read.h(157): warning:  #191-D: type qualifier is meaningless on cast type
..\..\..\Libraries\mavlink\v1.0\gremsyBGC\../common/./mavlink_msg_param_request_read.h(167): warning:  #191-D: type qualifier is meaningless on cast type
..\..\..\Libraries\mavlink\v1.0\gremsyBGC\../common/./mavlink_msg_param_request_list.h(142): warning:  #191-D: type qualifier is meaningless on cast type
..\..\..\Libraries\mavlink\v1.0\gremsyBGC\../common/./mavlink_msg_param_request_list.h(152): warning:  #191-D: type qualifier is meaningless on cast type
..\..\..\Libraries\mavlink\v1.0\gremsyBGC\../common/./mavlink_msg_param_value.h(188): warning:  #191-D: type qualifier is meaningless on cast type
..\..\..\Libraries\mavlink\v1.0\gremsyBGC\../common/./mavlink_msg_param_set.h(169): warning:  #191-D: type qualifier is meaningless on cast type
..\..\..\Libraries\mavlink\v1.0\gremsyBGC\../common/./mavlink_msg_param_set.h(179): warning:  #191-D: type qualifier is meaningless on cast type
..\..\..\Libraries\mavlink\v1.0\gremsyBGC\../common/./mavlink_msg_param_set.h(209): warning:  #191-D: type qualifier is meaningless on cast type
..\..\..\Libraries\mavlink\v1.0\gremsyBGC\../common/./mavlink_msg_gps_raw_int.h(237): warning:  #191-D: type qualifier is meaningless on cast type
..\..\..\Libraries\mavlink\v1.0\gremsyBGC\../common/./mavlink_msg_gps_raw_int.h(317): warning:  #191-D: type qualifier is meaningless on cast type
..\..\..\Libraries\mavlink\v1.0\gremsyBGC\../common/./mavlink_msg_debug.h(161): warning:  #191-D: type qualifier is meaningless on cast type
..\..\..\Libraries\mavlink\v1.0\gremsyBGC\./mavlink_msg_imu_calib_request.h(139): warning:  #191-D: type qualifier is meaningless on cast type
..\..\..\Libraries\mavlink\v1.0\gremsyBGC\./mavlink_msg_imu_calib_request.h(149): warning:  #191-D: type qualifier is meaningless on cast type
..\..\..\Libraries\mavlink\v1.0\gremsyBGC\./mavlink_msg_system_status.h(182): warning:  #191-D: type qualifier is meaningless on cast type
..\..\..\Libraries\mavlink\v1.0\gremsyBGC\./mavlink_msg_system_status.h(192): warning:  #191-D: type qualifier is meaningless on cast type
..\..\..\Libraries\mavlink\v1.0\gremsyBGC\./mavlink_msg_system_status.h(202): warning:  #191-D: type qualifier is meaningless on cast type
..\..\..\Libraries\mavlink\v1.0\gremsyBGC\./mavlink_msg_system_status.h(212): warning:  #191-D: type qualifier is meaningless on cast type
..\..\..\Libraries\mavlink\v1.0\gremsyBGC\./mavlink_msg_unique_id_request.h(128): warning:  #191-D: type qualifier is meaningless on cast type
..\..\..\Libraries\mavlink\v1.0\gremsyBGC\./mavlink_msg_unique_id_values.h(194): warning:  #191-D: type qualifier is meaningless on cast type
..\..\..\Libraries\mavlink\v1.0\gremsyBGC\./mavlink_msg_keycode_request.h(128): warning:  #191-D: type qualifier is meaningless on cast type
..\..\..\Libraries\mavlink\v1.0\gremsyBGC\./mavlink_msg_keycode_value.h(139): warning:  #191-D: type qualifier is meaningless on cast type
..\..\..\Libraries\mavlink\v1.0\gremsyBGC\./mavlink_msg_motors_control.h(128): warning:  #191-D: type qualifier is meaningless on cast type
..\gMavlinkV1_0.c(337): warning:  #167-D: argument of type "uint8_t *" is incompatible with parameter of type "const char *"
..\gMavlinkV1_0.c(346): warning:  #167-D: argument of type "uint8_t *" is incompatible with parameter of type "const char *"
..\gMavlinkV1_0.c(355): warning:  #167-D: argument of type "uint8_t *" is incompatible with parameter of type "const char *"
..\gMavlinkV1_0.c(366): warning:  #167-D: argument of type "uint8_t *" is incompatible with parameter of type "const char *"
..\gMavlinkV1_0.c(378): warning:  #167-D: argument of type "uint8_t *" is incompatible with parameter of type "const char *"
..\gMavlinkV1_0.c(393): warning:  #167-D: argument of type "uint8_t *" is incompatible with parameter of type "const char *"
..\gMavlinkV1_0.c(406): warning:  #167-D: argument of type "uint8_t *" is incompatible with parameter of type "const char *"
..\gMavlinkV1_0.c(419): warning:  #167-D: argument of type "uint8_t *" is incompatible with parameter of type "const char *"
..\gMavlinkV1_0.c(430): warning:  #167-D: argument of type "uint8_t *" is incompatible with parameter of type "const char *"
..\gMavlinkV1_0.c(441): warning:  #167-D: argument of type "uint8_t *" is incompatible with parameter of type "const char *"
..\gMavlinkV1_0.c(458): warning:  #167-D: argument of type "int8_t *" is incompatible with parameter of type "const char *"
..\gMavlinkV1_0.c(460): warning:  #167-D: argument of type "uint8_t *" is incompatible with parameter of type "const char *"
..\gMavlinkV1_0.c(632): warning:  #167-D: argument of type "int16_t *" is incompatible with parameter of type "uint16_t *"
compiling globalData.c...
compiling attitude.c...
compiling motor.c...
compiling sensorCalib.c...
compiling sbus.c...
compiling mpu6000.c...
compiling radio.c...
..\radio.c(119): warning:  #177-D: variable "yawSpeedSbusChan" was declared but never referenced
..\radio.c(120): warning:  #177-D: variable "pitchSpeedSbusChan" was declared but never referenced
compiling gpio.c...
compiling gMath.c...
compiling adc.c...
compiling ublox_gps.c...
linking...
Program Size: Code=48040 RO-data=10064 RW-data=284 ZI-data=5116  
FromELF: creating hex file...
".\Obj\gStabi_r1_3_4.axf" - 0 Error(s), 42 Warning(s).
Build target 'gGimbal'
compiling radio.c...
..\radio.c(119): warning:  #177-D: variable "yawSpeedSbusChan" was declared but never referenced
..\radio.c(120): warning:  #177-D: variable "pitchSpeedSbusChan" was declared but never referenced
linking...
Program Size: Code=48072 RO-data=10064 RW-data=284 ZI-data=5116  
FromELF: creating hex file...
".\Obj\gStabi_r1_3_4.axf" - 0 Error(s), 2 Warning(s).
Build target 'gGimbal'
compiling radio.c...
linking...
Program Size: Code=48072 RO-data=10064 RW-data=284 ZI-data=5116  
FromELF: creating hex file...
".\Obj\gStabi_r1_3_4.axf" - 0 Error(s), 0 Warning(s).
Build target 'gGimbal'
compiling main.c...
compiling gMavlinkV1_0.c...
..\..\..\Libraries\mavlink\v1.0\gremsyBGC\../common/./mavlink_msg_heartbeat.h(183): warning:  #191-D: type qualifier is meaningless on cast type
..\..\..\Libraries\mavlink\v1.0\gremsyBGC\../common/./mavlink_msg_heartbeat.h(193): warning:  #191-D: type qualifier is meaningless on cast type
..\..\..\Libraries\mavlink\v1.0\gremsyBGC\../common/./mavlink_msg_heartbeat.h(203): warning:  #191-D: type qualifier is meaningless on cast type
..\..\..\Libraries\mavlink\v1.0\gremsyBGC\../common/./mavlink_msg_heartbeat.h(223): warning:  #191-D: type qualifier is meaningless on cast type
..\..\..\Libraries\mavlink\v1.0\gremsyBGC\../common/./mavlink_msg_heartbeat.h(233): warning:  #191-D: type qualifier is meaningless on cast type
..\..\..\Libraries\mavlink\v1.0\gremsyBGC\../common/./mavlink_msg_param_request_read.h(157): warning:  #191-D: type qualifier is meaningless on cast type
..\..\..\Libraries\mavlink\v1.0\gremsyBGC\../common/./mavlink_msg_param_request_read.h(167): warning:  #191-D: type qualifier is meaningless on cast type
..\..\..\Libraries\mavlink\v1.0\gremsyBGC\../common/./mavlink_msg_param_request_list.h(142): warning:  #191-D: type qualifier is meaningless on cast type
..\..\..\Libraries\mavlink\v1.0\gremsyBGC\../common/./mavlink_msg_param_request_list.h(152): warning:  #191-D: type qualifier is meaningless on cast type
..\..\..\Libraries\mavlink\v1.0\gremsyBGC\../common/./mavlink_msg_param_value.h(188): warning:  #191-D: type qualifier is meaningless on cast type
..\..\..\Libraries\mavlink\v1.0\gremsyBGC\../common/./mavlink_msg_param_set.h(169): warning:  #191-D: type qualifier is meaningless on cast type
..\..\..\Libraries\mavlink\v1.0\gremsyBGC\../common/./mavlink_msg_param_set.h(179): warning:  #191-D: type qualifier is meaningless on cast type
..\..\..\Libraries\mavlink\v1.0\gremsyBGC\../common/./mavlink_msg_param_set.h(209): warning:  #191-D: type qualifier is meaningless on cast type
..\..\..\Libraries\mavlink\v1.0\gremsyBGC\../common/./mavlink_msg_gps_raw_int.h(237): warning:  #191-D: type qualifier is meaningless on cast type
..\..\..\Libraries\mavlink\v1.0\gremsyBGC\../common/./mavlink_msg_gps_raw_int.h(317): warning:  #191-D: type qualifier is meaningless on cast type
..\..\..\Libraries\mavlink\v1.0\gremsyBGC\../common/./mavlink_msg_debug.h(161): warning:  #191-D: type qualifier is meaningless on cast type
..\..\..\Libraries\mavlink\v1.0\gremsyBGC\./mavlink_msg_imu_calib_request.h(139): warning:  #191-D: type qualifier is meaningless on cast type
..\..\..\Libraries\mavlink\v1.0\gremsyBGC\./mavlink_msg_imu_calib_request.h(149): warning:  #191-D: type qualifier is meaningless on cast type
..\..\..\Libraries\mavlink\v1.0\gremsyBGC\./mavlink_msg_system_status.h(182): warning:  #191-D: type qualifier is meaningless on cast type
..\..\..\Libraries\mavlink\v1.0\gremsyBGC\./mavlink_msg_system_status.h(192): warning:  #191-D: type qualifier is meaningless on cast type
..\..\..\Libraries\mavlink\v1.0\gremsyBGC\./mavlink_msg_system_status.h(202): warning:  #191-D: type qualifier is meaningless on cast type
..\..\..\Libraries\mavlink\v1.0\gremsyBGC\./mavlink_msg_system_status.h(212): warning:  #191-D: type qualifier is meaningless on cast type
..\..\..\Libraries\mavlink\v1.0\gremsyBGC\./mavlink_msg_unique_id_request.h(128): warning:  #191-D: type qualifier is meaningless on cast type
..\..\..\Libraries\mavlink\v1.0\gremsyBGC\./mavlink_msg_unique_id_values.h(194): warning:  #191-D: type qualifier is meaningless on cast type
..\..\..\Libraries\mavlink\v1.0\gremsyBGC\./mavlink_msg_keycode_request.h(128): warning:  #191-D: type qualifier is meaningless on cast type
..\..\..\Libraries\mavlink\v1.0\gremsyBGC\./mavlink_msg_keycode_value.h(139): warning:  #191-D: type qualifier is meaningless on cast type
..\..\..\Libraries\mavlink\v1.0\gremsyBGC\./mavlink_msg_motors_control.h(128): warning:  #191-D: type qualifier is meaningless on cast type
..\gMavlinkV1_0.c(337): warning:  #167-D: argument of type "uint8_t *" is incompatible with parameter of type "const char *"
..\gMavlinkV1_0.c(346): warning:  #167-D: argument of type "uint8_t *" is incompatible with parameter of type "const char *"
..\gMavlinkV1_0.c(355): warning:  #167-D: argument of type "uint8_t *" is incompatible with parameter of type "const char *"
..\gMavlinkV1_0.c(366): warning:  #167-D: argument of type "uint8_t *" is incompatible with parameter of type "const char *"
..\gMavlinkV1_0.c(378): warning:  #167-D: argument of type "uint8_t *" is incompatible with parameter of type "const char *"
..\gMavlinkV1_0.c(393): warning:  #167-D: argument of type "uint8_t *" is incompatible with parameter of type "const char *"
..\gMavlinkV1_0.c(406): warning:  #167-D: argument of type "uint8_t *" is incompatible with parameter of type "const char *"
..\gMavlinkV1_0.c(419): warning:  #167-D: argument of type "uint8_t *" is incompatible with parameter of type "const char *"
..\gMavlinkV1_0.c(430): warning:  #167-D: argument of type "uint8_t *" is incompatible with parameter of type "const char *"
..\gMavlinkV1_0.c(441): warning:  #167-D: argument of type "uint8_t *" is incompatible with parameter of type "const char *"
..\gMavlinkV1_0.c(458): warning:  #167-D: argument of type "int8_t *" is incompatible with parameter of type "const char *"
..\gMavlinkV1_0.c(460): warning:  #167-D: argument of type "uint8_t *" is incompatible with parameter of type "const char *"
..\gMavlinkV1_0.c(632): warning:  #167-D: argument of type "int16_t *" is incompatible with parameter of type "uint16_t *"
linking...
Program Size: Code=48072 RO-data=10064 RW-data=284 ZI-data=5116  
FromELF: creating hex file...
".\Obj\gStabi_r1_3_4.axf" - 0 Error(s), 40 Warning(s).
Build target 'gGimbal'
compiling radio.c...
linking...
Program Size: Code=48072 RO-data=10064 RW-data=284 ZI-data=5116  
FromELF: creating hex file...
".\Obj\gStabi_r1_3_4.axf" - 0 Error(s), 0 Warning(s).
Build target 'gGimbal'
linking...
Program Size: Code=48072 RO-data=10064 RW-data=284 ZI-data=5116  
FromELF: creating hex file...
".\Obj\gStabi_r1_3_4.axf" - 0 Error(s), 0 Warning(s).
Build target 'gGimbal'
linking...
Program Size: Code=48072 RO-data=10064 RW-data=284 ZI-data=5116  
FromELF: creating hex file...
".\Obj\gStabi_r1_3_4.axf" - 0 Error(s), 0 Warning(s).
Build target 'gGimbal'
linking...
Program Size: Code=48072 RO-data=10064 RW-data=284 ZI-data=5116  
FromELF: creating hex file...
".\Obj\gStabi_r1_3_4.axf" - 0 Error(s), 0 Warning(s).
Build target 'gGimbal'
compiling main.c...
linking...
Program Size: Code=48072 RO-data=10064 RW-data=284 ZI-data=5116  
FromELF: creating hex file...
".\Obj\gStabi_r1_3_4.axf" - 0 Error(s), 0 Warning(s).
Build target 'gGimbal'
compiling main.c...
linking...
Program Size: Code=48072 RO-data=10064 RW-data=284 ZI-data=5116  
FromELF: creating hex file...
".\Obj\gStabi_r1_3_4.axf" - 0 Error(s), 0 Warning(s).
Build target 'gGimbal'
linking...
Program Size: Code=48072 RO-data=10064 RW-data=284 ZI-data=5116  
FromELF: creating hex file...
".\Obj\gStabi_r1_3_4.axf" - 0 Error(s), 0 Warning(s).
Build target 'gGimbal'
compiling radio.c...
linking...
Program Size: Code=48080 RO-data=10064 RW-data=284 ZI-data=5116  
FromELF: creating hex file...
".\Obj\gStabi_r1_3_4.axf" - 0 Error(s), 0 Warning(s).
Build target 'gGimbal'
linking...
Program Size: Code=48080 RO-data=10064 RW-data=284 ZI-data=5116  
FromELF: creating hex file...
".\Obj\gStabi_r1_3_4.axf" - 0 Error(s), 0 Warning(s).
Build target 'gGimbal'
linking...
Program Size: Code=48080 RO-data=10064 RW-data=284 ZI-data=5116  
FromELF: creating hex file...
".\Obj\gStabi_r1_3_4.axf" - 0 Error(s), 0 Warning(s).
Build target 'gGimbal'
linking...
Program Size: Code=48080 RO-data=10064 RW-data=284 ZI-data=5116  
FromELF: creating hex file...
".\Obj\gStabi_r1_3_4.axf" - 0 Error(s), 0 Warning(s).
Build target 'gGimbal'
compiling radio.c...
linking...
Program Size: Code=48164 RO-data=10060 RW-data=284 ZI-data=5116  
FromELF: creating hex file...
".\Obj\gStabi_r1_3_4.axf" - 0 Error(s), 0 Warning(s).
Build target 'gGimbal'
compiling radio.c...
linking...
Program Size: Code=48196 RO-data=10060 RW-data=284 ZI-data=5116  
FromELF: creating hex file...
".\Obj\gStabi_r1_3_4.axf" - 0 Error(s), 0 Warning(s).
Build target 'gGimbal'
linking...
Program Size: Code=48196 RO-data=10060 RW-data=284 ZI-data=5116  
FromELF: creating hex file...
".\Obj\gStabi_r1_3_4.axf" - 0 Error(s), 0 Warning(s).
Build target 'gGimbal'
compiling gMavlinkV1_0.c...
..\..\..\Libraries\mavlink\v1.0\gremsyBGC\../common/./mavlink_msg_heartbeat.h(183): warning:  #191-D: type qualifier is meaningless on cast type
..\..\..\Libraries\mavlink\v1.0\gremsyBGC\../common/./mavlink_msg_heartbeat.h(193): warning:  #191-D: type qualifier is meaningless on cast type
..\..\..\Libraries\mavlink\v1.0\gremsyBGC\../common/./mavlink_msg_heartbeat.h(203): warning:  #191-D: type qualifier is meaningless on cast type
..\..\..\Libraries\mavlink\v1.0\gremsyBGC\../common/./mavlink_msg_heartbeat.h(223): warning:  #191-D: type qualifier is meaningless on cast type
..\..\..\Libraries\mavlink\v1.0\gremsyBGC\../common/./mavlink_msg_heartbeat.h(233): warning:  #191-D: type qualifier is meaningless on cast type
..\..\..\Libraries\mavlink\v1.0\gremsyBGC\../common/./mavlink_msg_param_request_read.h(157): warning:  #191-D: type qualifier is meaningless on cast type
..\..\..\Libraries\mavlink\v1.0\gremsyBGC\../common/./mavlink_msg_param_request_read.h(167): warning:  #191-D: type qualifier is meaningless on cast type
..\..\..\Libraries\mavlink\v1.0\gremsyBGC\../common/./mavlink_msg_param_request_list.h(142): warning:  #191-D: type qualifier is meaningless on cast type
..\..\..\Libraries\mavlink\v1.0\gremsyBGC\../common/./mavlink_msg_param_request_list.h(152): warning:  #191-D: type qualifier is meaningless on cast type
..\..\..\Libraries\mavlink\v1.0\gremsyBGC\../common/./mavlink_msg_param_value.h(188): warning:  #191-D: type qualifier is meaningless on cast type
..\..\..\Libraries\mavlink\v1.0\gremsyBGC\../common/./mavlink_msg_param_set.h(169): warning:  #191-D: type qualifier is meaningless on cast type
..\..\..\Libraries\mavlink\v1.0\gremsyBGC\../common/./mavlink_msg_param_set.h(179): warning:  #191-D: type qualifier is meaningless on cast type
..\..\..\Libraries\mavlink\v1.0\gremsyBGC\../common/./mavlink_msg_param_set.h(209): warning:  #191-D: type qualifier is meaningless on cast type
..\..\..\Libraries\mavlink\v1.0\gremsyBGC\../common/./mavlink_msg_gps_raw_int.h(237): warning:  #191-D: type qualifier is meaningless on cast type
..\..\..\Libraries\mavlink\v1.0\gremsyBGC\../common/./mavlink_msg_gps_raw_int.h(317): warning:  #191-D: type qualifier is meaningless on cast type
..\..\..\Libraries\mavlink\v1.0\gremsyBGC\../common/./mavlink_msg_debug.h(161): warning:  #191-D: type qualifier is meaningless on cast type
..\..\..\Libraries\mavlink\v1.0\gremsyBGC\./mavlink_msg_imu_calib_request.h(139): warning:  #191-D: type qualifier is meaningless on cast type
..\..\..\Libraries\mavlink\v1.0\gremsyBGC\./mavlink_msg_imu_calib_request.h(149): warning:  #191-D: type qualifier is meaningless on cast type
..\..\..\Libraries\mavlink\v1.0\gremsyBGC\./mavlink_msg_system_status.h(182): warning:  #191-D: type qualifier is meaningless on cast type
..\..\..\Libraries\mavlink\v1.0\gremsyBGC\./mavlink_msg_system_status.h(192): warning:  #191-D: type qualifier is meaningless on cast type
..\..\..\Libraries\mavlink\v1.0\gremsyBGC\./mavlink_msg_system_status.h(202): warning:  #191-D: type qualifier is meaningless on cast type
..\..\..\Libraries\mavlink\v1.0\gremsyBGC\./mavlink_msg_system_status.h(212): warning:  #191-D: type qualifier is meaningless on cast type
..\..\..\Libraries\mavlink\v1.0\gremsyBGC\./mavlink_msg_unique_id_request.h(128): warning:  #191-D: type qualifier is meaningless on cast type
..\..\..\Libraries\mavlink\v1.0\gremsyBGC\./mavlink_msg_unique_id_values.h(194): warning:  #191-D: type qualifier is meaningless on cast type
..\..\..\Libraries\mavlink\v1.0\gremsyBGC\./mavlink_msg_keycode_request.h(128): warning:  #191-D: type qualifier is meaningless on cast type
..\..\..\Libraries\mavlink\v1.0\gremsyBGC\./mavlink_msg_keycode_value.h(139): warning:  #191-D: type qualifier is meaningless on cast type
..\..\..\Libraries\mavlink\v1.0\gremsyBGC\./mavlink_msg_motors_control.h(128): warning:  #191-D: type qualifier is meaningless on cast type
..\gMavlinkV1_0.c(337): warning:  #167-D: argument of type "uint8_t *" is incompatible with parameter of type "const char *"
..\gMavlinkV1_0.c(346): warning:  #167-D: argument of type "uint8_t *" is incompatible with parameter of type "const char *"
..\gMavlinkV1_0.c(355): warning:  #167-D: argument of type "uint8_t *" is incompatible with parameter of type "const char *"
..\gMavlinkV1_0.c(366): warning:  #167-D: argument of type "uint8_t *" is incompatible with parameter of type "const char *"
..\gMavlinkV1_0.c(378): warning:  #167-D: argument of type "uint8_t *" is incompatible with parameter of type "const char *"
..\gMavlinkV1_0.c(393): warning:  #167-D: argument of type "uint8_t *" is incompatible with parameter of type "const char *"
..\gMavlinkV1_0.c(406): warning:  #167-D: argument of type "uint8_t *" is incompatible with parameter of type "const char *"
..\gMavlinkV1_0.c(419): warning:  #167-D: argument of type "uint8_t *" is incompatible with parameter of type "const char *"
..\gMavlinkV1_0.c(430): warning:  #167-D: argument of type "uint8_t *" is incompatible with parameter of type "const char *"
..\gMavlinkV1_0.c(441): warning:  #167-D: argument of type "uint8_t *" is incompatible with parameter of type "const char *"
..\gMavlinkV1_0.c(458): warning:  #167-D: argument of type "int8_t *" is incompatible with parameter of type "const char *"
..\gMavlinkV1_0.c(460): warning:  #167-D: argument of type "uint8_t *" is incompatible with parameter of type "const char *"
..\gMavlinkV1_0.c(632): warning:  #167-D: argument of type "int16_t *" is incompatible with parameter of type "uint16_t *"
linking...
Program Size: Code=48184 RO-data=10064 RW-data=284 ZI-data=5116  
FromELF: creating hex file...
".\Obj\gStabi_r1_3_4.axf" - 0 Error(s), 40 Warning(s).
Build target 'gGimbal'
linking...
Program Size: Code=48184 RO-data=10064 RW-data=284 ZI-data=5116  
FromELF: creating hex file...
".\Obj\gStabi_r1_3_4.axf" - 0 Error(s), 0 Warning(s).
Build target 'gGimbal'
compiling gMavlinkV1_0.c...
..\..\..\Libraries\mavlink\v1.0\gremsyBGC\../common/./mavlink_msg_heartbeat.h(183): warning:  #191-D: type qualifier is meaningless on cast type
..\..\..\Libraries\mavlink\v1.0\gremsyBGC\../common/./mavlink_msg_heartbeat.h(193): warning:  #191-D: type qualifier is meaningless on cast type
..\..\..\Libraries\mavlink\v1.0\gremsyBGC\../common/./mavlink_msg_heartbeat.h(203): warning:  #191-D: type qualifier is meaningless on cast type
..\..\..\Libraries\mavlink\v1.0\gremsyBGC\../common/./mavlink_msg_heartbeat.h(223): warning:  #191-D: type qualifier is meaningless on cast type
..\..\..\Libraries\mavlink\v1.0\gremsyBGC\../common/./mavlink_msg_heartbeat.h(233): warning:  #191-D: type qualifier is meaningless on cast type
..\..\..\Libraries\mavlink\v1.0\gremsyBGC\../common/./mavlink_msg_param_request_read.h(157): warning:  #191-D: type qualifier is meaningless on cast type
..\..\..\Libraries\mavlink\v1.0\gremsyBGC\../common/./mavlink_msg_param_request_read.h(167): warning:  #191-D: type qualifier is meaningless on cast type
..\..\..\Libraries\mavlink\v1.0\gremsyBGC\../common/./mavlink_msg_param_request_list.h(142): warning:  #191-D: type qualifier is meaningless on cast type
..\..\..\Libraries\mavlink\v1.0\gremsyBGC\../common/./mavlink_msg_param_request_list.h(152): warning:  #191-D: type qualifier is meaningless on cast type
..\..\..\Libraries\mavlink\v1.0\gremsyBGC\../common/./mavlink_msg_param_value.h(188): warning:  #191-D: type qualifier is meaningless on cast type
..\..\..\Libraries\mavlink\v1.0\gremsyBGC\../common/./mavlink_msg_param_set.h(169): warning:  #191-D: type qualifier is meaningless on cast type
..\..\..\Libraries\mavlink\v1.0\gremsyBGC\../common/./mavlink_msg_param_set.h(179): warning:  #191-D: type qualifier is meaningless on cast type
..\..\..\Libraries\mavlink\v1.0\gremsyBGC\../common/./mavlink_msg_param_set.h(209): warning:  #191-D: type qualifier is meaningless on cast type
..\..\..\Libraries\mavlink\v1.0\gremsyBGC\../common/./mavlink_msg_gps_raw_int.h(237): warning:  #191-D: type qualifier is meaningless on cast type
..\..\..\Libraries\mavlink\v1.0\gremsyBGC\../common/./mavlink_msg_gps_raw_int.h(317): warning:  #191-D: type qualifier is meaningless on cast type
..\..\..\Libraries\mavlink\v1.0\gremsyBGC\../common/./mavlink_msg_debug.h(161): warning:  #191-D: type qualifier is meaningless on cast type
..\..\..\Libraries\mavlink\v1.0\gremsyBGC\./mavlink_msg_imu_calib_request.h(139): warning:  #191-D: type qualifier is meaningless on cast type
..\..\..\Libraries\mavlink\v1.0\gremsyBGC\./mavlink_msg_imu_calib_request.h(149): warning:  #191-D: type qualifier is meaningless on cast type
..\..\..\Libraries\mavlink\v1.0\gremsyBGC\./mavlink_msg_system_status.h(182): warning:  #191-D: type qualifier is meaningless on cast type
..\..\..\Libraries\mavlink\v1.0\gremsyBGC\./mavlink_msg_system_status.h(192): warning:  #191-D: type qualifier is meaningless on cast type
..\..\..\Libraries\mavlink\v1.0\gremsyBGC\./mavlink_msg_system_status.h(202): warning:  #191-D: type qualifier is meaningless on cast type
..\..\..\Libraries\mavlink\v1.0\gremsyBGC\./mavlink_msg_system_status.h(212): warning:  #191-D: type qualifier is meaningless on cast type
..\..\..\Libraries\mavlink\v1.0\gremsyBGC\./mavlink_msg_unique_id_request.h(128): warning:  #191-D: type qualifier is meaningless on cast type
..\..\..\Libraries\mavlink\v1.0\gremsyBGC\./mavlink_msg_unique_id_values.h(194): warning:  #191-D: type qualifier is meaningless on cast type
..\..\..\Libraries\mavlink\v1.0\gremsyBGC\./mavlink_msg_keycode_request.h(128): warning:  #191-D: type qualifier is meaningless on cast type
..\..\..\Libraries\mavlink\v1.0\gremsyBGC\./mavlink_msg_keycode_value.h(139): warning:  #191-D: type qualifier is meaningless on cast type
..\..\..\Libraries\mavlink\v1.0\gremsyBGC\./mavlink_msg_motors_control.h(128): warning:  #191-D: type qualifier is meaningless on cast type
..\gMavlinkV1_0.c(337): warning:  #167-D: argument of type "uint8_t *" is incompatible with parameter of type "const char *"
..\gMavlinkV1_0.c(346): warning:  #167-D: argument of type "uint8_t *" is incompatible with parameter of type "const char *"
..\gMavlinkV1_0.c(355): warning:  #167-D: argument of type "uint8_t *" is incompatible with parameter of type "const char *"
..\gMavlinkV1_0.c(366): warning:  #167-D: argument of type "uint8_t *" is incompatible with parameter of type "const char *"
..\gMavlinkV1_0.c(378): warning:  #167-D: argument of type "uint8_t *" is incompatible with parameter of type "const char *"
..\gMavlinkV1_0.c(393): warning:  #167-D: argument of type "uint8_t *" is incompatible with parameter of type "const char *"
..\gMavlinkV1_0.c(406): warning:  #167-D: argument of type "uint8_t *" is incompatible with parameter of type "const char *"
..\gMavlinkV1_0.c(419): warning:  #167-D: argument of type "uint8_t *" is incompatible with parameter of type "const char *"
..\gMavlinkV1_0.c(430): warning:  #167-D: argument of type "uint8_t *" is incompatible with parameter of type "const char *"
..\gMavlinkV1_0.c(441): warning:  #167-D: argument of type "uint8_t *" is incompatible with parameter of type "const char *"
..\gMavlinkV1_0.c(458): warning:  #167-D: argument of type "int8_t *" is incompatible with parameter of type "const char *"
..\gMavlinkV1_0.c(460): warning:  #167-D: argument of type "uint8_t *" is incompatible with parameter of type "const char *"
..\gMavlinkV1_0.c(632): warning:  #167-D: argument of type "int16_t *" is incompatible with parameter of type "uint16_t *"
linking...
Program Size: Code=48184 RO-data=10064 RW-data=284 ZI-data=5116  
FromELF: creating hex file...
".\Obj\gStabi_r1_3_4.axf" - 0 Error(s), 40 Warning(s).
Build target 'gGimbal'
compiling gMavlinkV1_0.c...
..\..\..\Libraries\mavlink\v1.0\gremsyBGC\../common/./mavlink_msg_heartbeat.h(183): warning:  #191-D: type qualifier is meaningless on cast type
..\..\..\Libraries\mavlink\v1.0\gremsyBGC\../common/./mavlink_msg_heartbeat.h(193): warning:  #191-D: type qualifier is meaningless on cast type
..\..\..\Libraries\mavlink\v1.0\gremsyBGC\../common/./mavlink_msg_heartbeat.h(203): warning:  #191-D: type qualifier is meaningless on cast type
..\..\..\Libraries\mavlink\v1.0\gremsyBGC\../common/./mavlink_msg_heartbeat.h(223): warning:  #191-D: type qualifier is meaningless on cast type
..\..\..\Libraries\mavlink\v1.0\gremsyBGC\../common/./mavlink_msg_heartbeat.h(233): warning:  #191-D: type qualifier is meaningless on cast type
..\..\..\Libraries\mavlink\v1.0\gremsyBGC\../common/./mavlink_msg_param_request_read.h(157): warning:  #191-D: type qualifier is meaningless on cast type
..\..\..\Libraries\mavlink\v1.0\gremsyBGC\../common/./mavlink_msg_param_request_read.h(167): warning:  #191-D: type qualifier is meaningless on cast type
..\..\..\Libraries\mavlink\v1.0\gremsyBGC\../common/./mavlink_msg_param_request_list.h(142): warning:  #191-D: type qualifier is meaningless on cast type
..\..\..\Libraries\mavlink\v1.0\gremsyBGC\../common/./mavlink_msg_param_request_list.h(152): warning:  #191-D: type qualifier is meaningless on cast type
..\..\..\Libraries\mavlink\v1.0\gremsyBGC\../common/./mavlink_msg_param_value.h(188): warning:  #191-D: type qualifier is meaningless on cast type
..\..\..\Libraries\mavlink\v1.0\gremsyBGC\../common/./mavlink_msg_param_set.h(169): warning:  #191-D: type qualifier is meaningless on cast type
..\..\..\Libraries\mavlink\v1.0\gremsyBGC\../common/./mavlink_msg_param_set.h(179): warning:  #191-D: type qualifier is meaningless on cast type
..\..\..\Libraries\mavlink\v1.0\gremsyBGC\../common/./mavlink_msg_param_set.h(209): warning:  #191-D: type qualifier is meaningless on cast type
..\..\..\Libraries\mavlink\v1.0\gremsyBGC\../common/./mavlink_msg_gps_raw_int.h(237): warning:  #191-D: type qualifier is meaningless on cast type
..\..\..\Libraries\mavlink\v1.0\gremsyBGC\../common/./mavlink_msg_gps_raw_int.h(317): warning:  #191-D: type qualifier is meaningless on cast type
..\..\..\Libraries\mavlink\v1.0\gremsyBGC\../common/./mavlink_msg_debug.h(161): warning:  #191-D: type qualifier is meaningless on cast type
..\..\..\Libraries\mavlink\v1.0\gremsyBGC\./mavlink_msg_imu_calib_request.h(139): warning:  #191-D: type qualifier is meaningless on cast type
..\..\..\Libraries\mavlink\v1.0\gremsyBGC\./mavlink_msg_imu_calib_request.h(149): warning:  #191-D: type qualifier is meaningless on cast type
..\..\..\Libraries\mavlink\v1.0\gremsyBGC\./mavlink_msg_system_status.h(182): warning:  #191-D: type qualifier is meaningless on cast type
..\..\..\Libraries\mavlink\v1.0\gremsyBGC\./mavlink_msg_system_status.h(192): warning:  #191-D: type qualifier is meaningless on cast type
..\..\..\Libraries\mavlink\v1.0\gremsyBGC\./mavlink_msg_system_status.h(202): warning:  #191-D: type qualifier is meaningless on cast type
..\..\..\Libraries\mavlink\v1.0\gremsyBGC\./mavlink_msg_system_status.h(212): warning:  #191-D: type qualifier is meaningless on cast type
..\..\..\Libraries\mavlink\v1.0\gremsyBGC\./mavlink_msg_unique_id_request.h(128): warning:  #191-D: type qualifier is meaningless on cast type
..\..\..\Libraries\mavlink\v1.0\gremsyBGC\./mavlink_msg_unique_id_values.h(194): warning:  #191-D: type qualifier is meaningless on cast type
..\..\..\Libraries\mavlink\v1.0\gremsyBGC\./mavlink_msg_keycode_request.h(128): warning:  #191-D: type qualifier is meaningless on cast type
..\..\..\Libraries\mavlink\v1.0\gremsyBGC\./mavlink_msg_keycode_value.h(139): warning:  #191-D: type qualifier is meaningless on cast type
..\..\..\Libraries\mavlink\v1.0\gremsyBGC\./mavlink_msg_motors_control.h(128): warning:  #191-D: type qualifier is meaningless on cast type
..\gMavlinkV1_0.c(337): warning:  #167-D: argument of type "uint8_t *" is incompatible with parameter of type "const char *"
..\gMavlinkV1_0.c(346): warning:  #167-D: argument of type "uint8_t *" is incompatible with parameter of type "const char *"
..\gMavlinkV1_0.c(355): warning:  #167-D: argument of type "uint8_t *" is incompatible with parameter of type "const char *"
..\gMavlinkV1_0.c(366): warning:  #167-D: argument of type "uint8_t *" is incompatible with parameter of type "const char *"
..\gMavlinkV1_0.c(378): warning:  #167-D: argument of type "uint8_t *" is incompatible with parameter of type "const char *"
..\gMavlinkV1_0.c(393): warning:  #167-D: argument of type "uint8_t *" is incompatible with parameter of type "const char *"
..\gMavlinkV1_0.c(406): warning:  #167-D: argument of type "uint8_t *" is incompatible with parameter of type "const char *"
..\gMavlinkV1_0.c(419): warning:  #167-D: argument of type "uint8_t *" is incompatible with parameter of type "const char *"
..\gMavlinkV1_0.c(430): warning:  #167-D: argument of type "uint8_t *" is incompatible with parameter of type "const char *"
..\gMavlinkV1_0.c(441): warning:  #167-D: argument of type "uint8_t *" is incompatible with parameter of type "const char *"
..\gMavlinkV1_0.c(458): warning:  #167-D: argument of type "int8_t *" is incompatible with parameter of type "const char *"
..\gMavlinkV1_0.c(460): warning:  #167-D: argument of type "uint8_t *" is incompatible with parameter of type "const char *"
..\gMavlinkV1_0.c(632): warning:  #167-D: argument of type "int16_t *" is incompatible with parameter of type "uint16_t *"
linking...
Program Size: Code=48200 RO-data=10064 RW-data=284 ZI-data=5116  
FromELF: creating hex file...
".\Obj\gStabi_r1_3_4.axf" - 0 Error(s), 40 Warning(s).
Build target 'gGimbal'
linking...
Program Size: Code=48200 RO-data=10064 RW-data=284 ZI-data=5116  
FromELF: creating hex file...
".\Obj\gStabi_r1_3_4.axf" - 0 Error(s), 0 Warning(s).
Build target 'gGimbal'
linking...
Program Size: Code=48200 RO-data=10064 RW-data=284 ZI-data=5116  
FromELF: creating hex file...
".\Obj\gStabi_r1_3_4.axf" - 0 Error(s), 0 Warning(s).
Build target 'gGimbal'
compiling radio.c...
linking...
Program Size: Code=48200 RO-data=10064 RW-data=284 ZI-data=5116  
FromELF: creating hex file...
".\Obj\gStabi_r1_3_4.axf" - 0 Error(s), 0 Warning(s).
