<html>
<body>
<pre>
<h1>µVision Build Log</h1>
<h2>Project:</h2>
C:\Users\Tu\Desktop\Gss_fimware1.3.3\Gss\Project\DdgimbalV2\RVMDK\gGimbal.uvproj
Project File Date:  03/05/2014

<h2>Output:</h2>
Build target 'gGimbal'
compiling radio.c...
linking...
Program Size: Code=42692 RO-data=1420 RW-data=252 ZI-data=5252  
FromELF: creating hex file...
".\Obj\gStabi_r1_3_4.axf" - 0 Error(s), 0 Warning(s).
Build target 'gGimbal'
linking...
Program Size: Code=42692 RO-data=1420 RW-data=252 ZI-data=5252  
FromELF: creating hex file...
".\Obj\gStabi_r1_3_4.axf" - 0 Error(s), 0 Warning(s).
Build target 'gGimbal'
linking...
Program Size: Code=42692 RO-data=1420 RW-data=252 ZI-data=5252  
FromELF: creating hex file...
".\Obj\gStabi_r1_3_4.axf" - 0 Error(s), 0 Warning(s).
Build target 'gGimbal'
compiling main.c...
linking...
Program Size: Code=42672 RO-data=1424 RW-data=252 ZI-data=5252  
FromELF: creating hex file...
".\Obj\gStabi_r1_3_4.axf" - 0 Error(s), 0 Warning(s).
Build target 'gGimbal'
linking...
Program Size: Code=42672 RO-data=1424 RW-data=252 ZI-data=5252  
FromELF: creating hex file...
".\Obj\gStabi_r1_3_4.axf" - 0 Error(s), 0 Warning(s).
Build target 'gGimbal'
compiling main.c...
compiling radio.c...
linking...
Program Size: Code=42740 RO-data=1420 RW-data=252 ZI-data=5252  
FromELF: creating hex file...
".\Obj\gStabi_r1_3_4.axf" - 0 Error(s), 0 Warning(s).
Build target 'gGimbal'
compiling radio.c...
linking...
Program Size: Code=42888 RO-data=1424 RW-data=252 ZI-data=5252  
FromELF: creating hex file...
".\Obj\gStabi_r1_3_4.axf" - 0 Error(s), 0 Warning(s).
Build target 'gGimbal'
linking...
Program Size: Code=42888 RO-data=1424 RW-data=252 ZI-data=5252  
FromELF: creating hex file...
".\Obj\gStabi_r1_3_4.axf" - 0 Error(s), 0 Warning(s).
Build target 'gGimbal'
compiling radio.c...
linking...
Program Size: Code=42744 RO-data=1424 RW-data=252 ZI-data=5252  
FromELF: creating hex file...
".\Obj\gStabi_r1_3_4.axf" - 0 Error(s), 0 Warning(s).
